Component: ARM Compiler 5.06 update 7 (build 960) Tool: armlink [4d3601]

==============================================================================

Section Cross References

    startup_stm32f407xx.o(STACK) refers (Special) to heapauxi.o(.text) for __use_two_region_memory
    startup_stm32f407xx.o(HEAP) refers (Special) to heapauxi.o(.text) for __use_two_region_memory
    startup_stm32f407xx.o(RESET) refers (Special) to heapauxi.o(.text) for __use_two_region_memory
    startup_stm32f407xx.o(RESET) refers to startup_stm32f407xx.o(STACK) for __initial_sp
    startup_stm32f407xx.o(RESET) refers to startup_stm32f407xx.o(.text) for Reset_Handler
    startup_stm32f407xx.o(RESET) refers to time_service.o(i.SysTick_Handler) for SysTick_Handler
    startup_stm32f407xx.o(RESET) refers to usart3.o(i.USART3_IRQHandler) for USART3_IRQHandler
    startup_stm32f407xx.o(RESET) refers to usart6.o(i.USART6_IRQHandler) for USART6_IRQHandler
    startup_stm32f407xx.o(.text) refers (Special) to heapauxi.o(.text) for __use_two_region_memory
    startup_stm32f407xx.o(.text) refers to system_stm32f4xx.o(i.SystemInit) for SystemInit
    startup_stm32f407xx.o(.text) refers to __main.o(!!!main) for __main
    startup_stm32f407xx.o(.text) refers to startup_stm32f407xx.o(HEAP) for Heap_Mem
    startup_stm32f407xx.o(.text) refers to startup_stm32f407xx.o(STACK) for Stack_Mem
    system_stm32f4xx.o(i.SystemCoreClockUpdate) refers to system_stm32f4xx.o(.data) for SystemCoreClock
    system_stm32f4xx.o(i.SystemCoreClockUpdate) refers to system_stm32f4xx.o(.constdata) for AHBPrescTable
    retarget.o(.rev16_text) refers (Special) to use_no_semi.o(.text) for __use_no_semihosting_swi
    retarget.o(.revsh_text) refers (Special) to use_no_semi.o(.text) for __use_no_semihosting_swi
    retarget.o(.rrx_text) refers (Special) to use_no_semi.o(.text) for __use_no_semihosting_swi
    retarget.o(i._Z12ITM_SendCharj) refers (Special) to use_no_semi.o(.text) for __use_no_semihosting_swi
    retarget.o(i.__aeabi_atexit) refers (Special) to use_no_semi.o(.text) for __use_no_semihosting_swi
    retarget.o(i._sys_command_string) refers (Special) to use_no_semi.o(.text) for __use_no_semihosting_swi
    retarget.o(i._sys_exit) refers (Special) to use_no_semi.o(.text) for __use_no_semihosting_swi
    retarget.o(i._ttywrch) refers (Special) to use_no_semi.o(.text) for __use_no_semihosting_swi
    retarget.o(i._ttywrch) refers to retarget.o(i._Z12ITM_SendCharj) for ITM_SendChar(unsigned)
    retarget.o(i.assert_failed) refers (Special) to use_no_semi.o(.text) for __use_no_semihosting_swi
    retarget.o(i.ferror) refers (Special) to use_no_semi.o(.text) for __use_no_semihosting_swi
    retarget.o(i.fgetc) refers (Special) to use_no_semi.o(.text) for __use_no_semihosting_swi
    retarget.o(i.fputc) refers (Special) to use_no_semi.o(.text) for __use_no_semihosting_swi
    retarget.o(i.fputc) refers to retarget.o(i._Z12ITM_SendCharj) for ITM_SendChar(unsigned)
    retarget.o(.ARM.exidx) refers (Special) to use_no_semi.o(.text) for __use_no_semihosting_swi
    retarget.o(.ARM.exidx) refers to retarget.o(i._Z12ITM_SendCharj) for i._Z12ITM_SendCharj
    retarget.o(.ARM.exidx) refers (Special) to use_no_semi.o(.text) for __use_no_semihosting_swi
    retarget.o(.ARM.exidx) refers to retarget.o(i.__aeabi_atexit) for i.__aeabi_atexit
    retarget.o(.ARM.exidx) refers (Special) to use_no_semi.o(.text) for __use_no_semihosting_swi
    retarget.o(.ARM.exidx) refers to retarget.o(i.assert_failed) for i.assert_failed
    retarget.o(.ARM.exidx) refers (Special) to use_no_semi.o(.text) for __use_no_semihosting_swi
    retarget.o(.ARM.exidx) refers to retarget.o(i.fputc) for i.fputc
    retarget.o(.ARM.exidx) refers (Special) to use_no_semi.o(.text) for __use_no_semihosting_swi
    retarget.o(.ARM.exidx) refers to retarget.o(i.fgetc) for i.fgetc
    retarget.o(.ARM.exidx) refers (Special) to use_no_semi.o(.text) for __use_no_semihosting_swi
    retarget.o(.ARM.exidx) refers to retarget.o(i.ferror) for i.ferror
    retarget.o(.ARM.exidx) refers (Special) to use_no_semi.o(.text) for __use_no_semihosting_swi
    retarget.o(.ARM.exidx) refers to retarget.o(i._ttywrch) for i._ttywrch
    retarget.o(.ARM.exidx) refers (Special) to use_no_semi.o(.text) for __use_no_semihosting_swi
    retarget.o(.ARM.exidx) refers to retarget.o(i._sys_command_string) for i._sys_command_string
    retarget.o(.ARM.exidx) refers (Special) to use_no_semi.o(.text) for __use_no_semihosting_swi
    retarget.o(.ARM.exidx) refers to retarget.o(i._sys_exit) for i._sys_exit
    retarget.o(.constdata) refers (Special) to use_no_semi.o(.text) for __use_no_semihosting_swi
    retarget.o(.data) refers (Special) to use_no_semi.o(.text) for __use_no_semihosting_swi
    main.o(i.main) refers to motor.o(i._ZN5MotorC1Echthchth) for Motor::Motor(char, unsigned char, unsigned short, unsigned char, char, unsigned char, unsigned short, unsigned char)
[...]
    Removing stm32f4xx_gpio.o(i.GPIO_Write), (164 bytes).
    Removing stm32f4xx_gpio.o(i.GPIO_WriteBit), (284 bytes).
    Removing stm32f4xx_rcc.o(.rev16_text), (4 bytes).
    Removing stm32f4xx_rcc.o(.revsh_text), (4 bytes).
    Removing stm32f4xx_rcc.o(.rrx_text), (6 bytes).
    Removing stm32f4xx_rcc.o(i.RCC_AHB1PeriphClockLPModeCmd), (112 bytes).
    Removing stm32f4xx_rcc.o(i.RCC_AHB1PeriphResetCmd), (112 bytes).
    Removing stm32f4xx_rcc.o(i.RCC_AHB2PeriphClockCmd), (108 bytes).
    Removing stm32f4xx_rcc.o(i.RCC_AHB2PeriphClockLPModeCmd), (108 bytes).
    Removing stm32f4xx_rcc.o(i.RCC_AHB2PeriphResetCmd), (108 bytes).
    Removing stm32f4xx_rcc.o(i.RCC_AHB3PeriphClockCmd), (108 bytes).
    Removing stm32f4xx_rcc.o(i.RCC_AHB3PeriphClockLPModeCmd), (108 bytes).
    Removing stm32f4xx_rcc.o(i.RCC_AHB3PeriphResetCmd), (108 bytes).
    Removing stm32f4xx_rcc.o(i.RCC_APB1PeriphClockLPModeCmd), (108 bytes).
    Removing stm32f4xx_rcc.o(i.RCC_APB1PeriphResetCmd), (108 bytes).
    Removing stm32f4xx_rcc.o(i.RCC_APB2PeriphClockLPModeCmd), (112 bytes).
    Removing stm32f4xx_rcc.o(i.RCC_APB2PeriphResetCmd), (112 bytes).
    Removing stm32f4xx_rcc.o(i.RCC_AdjustHSICalibrationValue), (76 bytes).
    Removing stm32f4xx_rcc.o(i.RCC_BackupResetCmd), (64 bytes).
    Removing stm32f4xx_rcc.o(i.RCC_ClearFlag), (20 bytes).
    Removing stm32f4xx_rcc.o(i.RCC_ClearITPendingBit), (60 bytes).
    Removing stm32f4xx_rcc.o(i.RCC_ClockSecuritySystemCmd), (64 bytes).
    Removing stm32f4xx_rcc.o(i.RCC_DeInit), (100 bytes).
    Removing stm32f4xx_rcc.o(i.RCC_GetFlagStatus), (172 bytes).
    Removing stm32f4xx_rcc.o(i.RCC_GetITStatus), (104 bytes).
    Removing stm32f4xx_rcc.o(i.RCC_GetSYSCLKSource), (16 bytes).
    Removing stm32f4xx_rcc.o(i.RCC_HCLKConfig), (104 bytes).
    Removing stm32f4xx_rcc.o(i.RCC_HSEConfig), (76 bytes).
    Removing stm32f4xx_rcc.o(i.RCC_HSICmd), (64 bytes).
    Removing stm32f4xx_rcc.o(i.RCC_I2SCLKConfig), (64 bytes).
    Removing stm32f4xx_rcc.o(i.RCC_ITConfig), (108 bytes).
    Removing stm32f4xx_rcc.o(i.RCC_LSEConfig), (104 bytes).
    Removing stm32f4xx_rcc.o(i.RCC_LSEModeConfig), (92 bytes).
    Removing stm32f4xx_rcc.o(i.RCC_LSICmd), (64 bytes).
    Removing stm32f4xx_rcc.o(i.RCC_LTDCCLKDivConfig), (88 bytes).
    Removing stm32f4xx_rcc.o(i.RCC_MCO1Config), (136 bytes).
    Removing stm32f4xx_rcc.o(i.RCC_MCO2Config), (136 bytes).
    Removing stm32f4xx_rcc.o(i.RCC_PCLK1Config), (96 bytes).
    Removing stm32f4xx_rcc.o(i.RCC_PCLK2Config), (96 bytes).
    Removing stm32f4xx_rcc.o(i.RCC_PLLCmd), (64 bytes).
    Removing stm32f4xx_rcc.o(i.RCC_PLLConfig), (192 bytes).
    Removing stm32f4xx_rcc.o(i.RCC_PLLI2SCmd), (64 bytes).
    Removing stm32f4xx_rcc.o(i.RCC_PLLI2SConfig), (96 bytes).
    Removing stm32f4xx_rcc.o(i.RCC_PLLSAICmd), (64 bytes).
    Removing stm32f4xx_rcc.o(i.RCC_PLLSAIConfig), (124 bytes).
    Removing stm32f4xx_rcc.o(i.RCC_RTCCLKCmd), (64 bytes).
    Removing stm32f4xx_rcc.o(i.RCC_RTCCLKConfig), (420 bytes).
    Removing stm32f4xx_rcc.o(i.RCC_SAIBlockACLKConfig), (84 bytes).
    Removing stm32f4xx_rcc.o(i.RCC_SAIBlockBCLKConfig), (84 bytes).
    Removing stm32f4xx_rcc.o(i.RCC_SAIPLLI2SClkDivConfig), (80 bytes).
    Removing stm32f4xx_rcc.o(i.RCC_SAIPLLSAIClkDivConfig), (84 bytes).
    Removing stm32f4xx_rcc.o(i.RCC_SYSCLKConfig), (80 bytes).
    Removing stm32f4xx_rcc.o(i.RCC_TIMCLKPresConfig), (64 bytes).
    Removing stm32f4xx_rcc.o(i.RCC_WaitForHSEStartUp), (56 bytes).
    Removing stm32f4xx_tim.o(.rev16_text), (4 bytes).
    Removing stm32f4xx_tim.o(.revsh_text), (4 bytes).
    Removing stm32f4xx_tim.o(.rrx_text), (6 bytes).
    Removing stm32f4xx_tim.o(i.TI1_Config), (58 bytes).
    Removing stm32f4xx_tim.o(i.TI2_Config), (80 bytes).
    Removing stm32f4xx_tim.o(i.TI3_Config), (72 bytes).
    Removing stm32f4xx_tim.o(i.TI4_Config), (80 bytes).
    Removing stm32f4xx_tim.o(i.TIM_ARRPreloadConfig), (228 bytes).
    Removing stm32f4xx_tim.o(i.TIM_BDTRStructInit), (18 bytes).
    Removing stm32f4xx_tim.o(i.TIM_CCPreloadControl), (112 bytes).
    Removing stm32f4xx_tim.o(i.TIM_CCxCmd), (244 bytes).
    Removing stm32f4xx_tim.o(i.TIM_CCxNCmd), (144 bytes).
    Removing stm32f4xx_tim.o(i.TIM_ClearFlag), (192 bytes).
    Removing stm32f4xx_tim.o(i.TIM_ClearITPendingBit), (192 bytes).
    Removing stm32f4xx_tim.o(i.TIM_ClearOC1Ref), (200 bytes).
    Removing stm32f4xx_tim.o(i.TIM_ClearOC2Ref), (168 bytes).
    Removing stm32f4xx_tim.o(i.TIM_ClearOC3Ref), (140 bytes).
    Removing stm32f4xx_tim.o(i.TIM_ClearOC4Ref), (148 bytes).
    Removing stm32f4xx_tim.o(i.TIM_CounterModeConfig), (152 bytes).
    Removing stm32f4xx_tim.o(i.TIM_DMACmd), (188 bytes).
    Removing stm32f4xx_tim.o(i.TIM_DMAConfig), (324 bytes).
    Removing stm32f4xx_tim.o(i.TIM_DeInit), (524 bytes).
    Removing stm32f4xx_tim.o(i.TIM_ETRClockMode1Config), (224 bytes).
    Removing stm32f4xx_tim.o(i.TIM_ETRClockMode2Config), (204 bytes).
    Removing stm32f4xx_tim.o(i.TIM_ETRConfig), (216 bytes).
    Removing stm32f4xx_tim.o(i.TIM_EncoderInterfaceConfig), (288 bytes).
    Removing stm32f4xx_tim.o(i.TIM_ForcedOC1Config), (204 bytes).
    Removing stm32f4xx_tim.o(i.TIM_ForcedOC2Config), (172 bytes).
    Removing stm32f4xx_tim.o(i.TIM_ForcedOC3Config), (144 bytes).
    Removing stm32f4xx_tim.o(i.TIM_ForcedOC4Config), (152 bytes).
    Removing stm32f4xx_tim.o(i.TIM_GenerateEvent), (212 bytes).
    Removing stm32f4xx_tim.o(i.TIM_GetCapture1), (168 bytes).
    Removing stm32f4xx_tim.o(i.TIM_GetCapture2), (128 bytes).
    Removing stm32f4xx_tim.o(i.TIM_GetCapture3), (108 bytes).
    Removing stm32f4xx_tim.o(i.TIM_GetCapture4), (108 bytes).
    Removing stm32f4xx_tim.o(i.TIM_GetCounter), (188 bytes).
    Removing stm32f4xx_tim.o(i.TIM_GetFlagStatus), (272 bytes).
    Removing stm32f4xx_tim.o(i.TIM_GetITStatus), (272 bytes).
    Removing stm32f4xx_tim.o(i.TIM_GetPrescaler), (188 bytes).
    Removing stm32f4xx_tim.o(i.TIM_ICInit), (536 bytes).
    Removing stm32f4xx_tim.o(i.TIM_ICStructInit), (18 bytes).
    Removing stm32f4xx_tim.o(i.TIM_ITConfig), (244 bytes).
    Removing stm32f4xx_tim.o(i.TIM_ITRxExternalClockConfig), (172 bytes).
    Removing stm32f4xx_tim.o(i.TIM_InternalClockConfig), (136 bytes).
    Removing stm32f4xx_tim.o(i.TIM_OC1FastConfig), (200 bytes).
    Removing stm32f4xx_tim.o(i.TIM_OC1NPolarityConfig), (104 bytes).
    Removing stm32f4xx_tim.o(i.TIM_OC1PolarityConfig), (200 bytes).
    Removing stm32f4xx_tim.o(i.TIM_OC1PreloadConfig), (200 bytes).
    Removing stm32f4xx_tim.o(i.TIM_OC2FastConfig), (168 bytes).
    Removing stm32f4xx_tim.o(i.TIM_OC2NPolarityConfig), (112 bytes).
    Removing stm32f4xx_tim.o(i.TIM_OC2PolarityConfig), (168 bytes).
    Removing stm32f4xx_tim.o(i.TIM_OC2PreloadConfig), (168 bytes).
    Removing stm32f4xx_tim.o(i.TIM_OC3FastConfig), (140 bytes).
    Removing stm32f4xx_tim.o(i.TIM_OC3NPolarityConfig), (112 bytes).
    Removing stm32f4xx_tim.o(i.TIM_OC3PolarityConfig), (148 bytes).
    Removing stm32f4xx_tim.o(i.TIM_OC3PreloadConfig), (140 bytes).
    Removing stm32f4xx_tim.o(i.TIM_OC4FastConfig), (148 bytes).
    Removing stm32f4xx_tim.o(i.TIM_OC4PolarityConfig), (148 bytes).
    Removing stm32f4xx_tim.o(i.TIM_OC4PreloadConfig), (148 bytes).
    Removing stm32f4xx_tim.o(i.TIM_OCStructInit), (20 bytes).
    Removing stm32f4xx_tim.o(i.TIM_PWMIConfig), (244 bytes).
    Removing stm32f4xx_tim.o(i.TIM_PrescalerConfig), (212 bytes).
    Removing stm32f4xx_tim.o(i.TIM_RemapConfig), (136 bytes).
    Removing stm32f4xx_tim.o(i.TIM_SelectCCDMA), (148 bytes).
    Removing stm32f4xx_tim.o(i.TIM_SelectCOM), (112 bytes).
    Removing stm32f4xx_tim.o(i.TIM_SelectHallSensor), (168 bytes).
    Removing stm32f4xx_tim.o(i.TIM_SelectInputTrigger), (224 bytes).
    Removing stm32f4xx_tim.o(i.TIM_SelectMasterSlaveMode), (164 bytes).
    Removing stm32f4xx_tim.o(i.TIM_SelectOCxM), (328 bytes).
    Removing stm32f4xx_tim.o(i.TIM_SelectOnePulseMode), (224 bytes).
    Removing stm32f4xx_tim.o(i.TIM_SelectOutputTrigger), (188 bytes).
    Removing stm32f4xx_tim.o(i.TIM_SelectSlaveMode), (172 bytes).
    Removing stm32f4xx_tim.o(i.TIM_SetAutoreload), (192 bytes).
    Removing stm32f4xx_tim.o(i.TIM_SetClockDivision), (212 bytes).
    Removing stm32f4xx_tim.o(i.TIM_SetCompare1), (172 bytes).
    Removing stm32f4xx_tim.o(i.TIM_SetCompare2), (132 bytes).
    Removing stm32f4xx_tim.o(i.TIM_SetCompare3), (112 bytes).
    Removing stm32f4xx_tim.o(i.TIM_SetCompare4), (112 bytes).
    Removing stm32f4xx_tim.o(i.TIM_SetCounter), (192 bytes).
    Removing stm32f4xx_tim.o(i.TIM_SetIC1Prescaler), (212 bytes).
    Removing stm32f4xx_tim.o(i.TIM_SetIC2Prescaler), (180 bytes).
    Removing stm32f4xx_tim.o(i.TIM_SetIC3Prescaler), (152 bytes).
    Removing stm32f4xx_tim.o(i.TIM_SetIC4Prescaler), (160 bytes).
    Removing stm32f4xx_tim.o(i.TIM_TIxExternalClockConfig), (260 bytes).
    Removing stm32f4xx_tim.o(i.TIM_TimeBaseStructInit), (18 bytes).
    Removing stm32f4xx_tim.o(i.TIM_UpdateDisableConfig), (228 bytes).
    Removing stm32f4xx_tim.o(i.TIM_UpdateRequestConfig), (228 bytes).
    Removing stm32f4xx_adc.o(.rev16_text), (4 bytes).
    Removing stm32f4xx_adc.o(.revsh_text), (4 bytes).
    Removing stm32f4xx_adc.o(.rrx_text), (6 bytes).
    Removing stm32f4xx_adc.o(i.ADC_AnalogWatchdogCmd), (160 bytes).
    Removing stm32f4xx_adc.o(i.ADC_AnalogWatchdogSingleChannelConfig), (180 bytes).
    Removing stm32f4xx_adc.o(i.ADC_AnalogWatchdogThresholdsConfig), (124 bytes).
    Removing stm32f4xx_adc.o(i.ADC_AutoInjectedConvCmd), (120 bytes).
    Removing stm32f4xx_adc.o(i.ADC_ClearFlag), (108 bytes).
    Removing stm32f4xx_adc.o(i.ADC_ClearITPendingBit), (132 bytes).
    Removing stm32f4xx_adc.o(i.ADC_Cmd), (120 bytes).
    Removing stm32f4xx_adc.o(i.ADC_CommonInit), (388 bytes).
    Removing stm32f4xx_adc.o(i.ADC_CommonStructInit), (12 bytes).
    Removing stm32f4xx_adc.o(i.ADC_ContinuousModeCmd), (120 bytes).
    Removing stm32f4xx_adc.o(i.ADC_DMACmd), (120 bytes).
    Removing stm32f4xx_adc.o(i.ADC_DMARequestAfterLastTransferCmd), (120 bytes).
    Removing stm32f4xx_adc.o(i.ADC_DeInit), (22 bytes).
    Removing stm32f4xx_adc.o(i.ADC_DiscModeChannelCountConfig), (124 bytes).
    Removing stm32f4xx_adc.o(i.ADC_DiscModeCmd), (120 bytes).
    Removing stm32f4xx_adc.o(i.ADC_EOCOnEachRegularChannelCmd), (120 bytes).
    Removing stm32f4xx_adc.o(i.ADC_ExternalTrigInjectedConvConfig), (200 bytes).
    Removing stm32f4xx_adc.o(i.ADC_ExternalTrigInjectedConvEdgeConfig), (128 bytes).
    Removing stm32f4xx_adc.o(i.ADC_GetConversionValue), (84 bytes).
    Removing stm32f4xx_adc.o(i.ADC_GetFlagStatus), (136 bytes).
    Removing stm32f4xx_adc.o(i.ADC_GetITStatus), (168 bytes).
    Removing stm32f4xx_adc.o(i.ADC_GetInjectedConversionValue), (132 bytes).
    Removing stm32f4xx_adc.o(i.ADC_GetMultiModeConversionValue), (12 bytes).
    Removing stm32f4xx_adc.o(i.ADC_GetSoftwareStartConvStatus), (100 bytes).
    Removing stm32f4xx_adc.o(i.ADC_GetSoftwareStartInjectedConvCmdStatus), (100 bytes).
    Removing stm32f4xx_adc.o(i.ADC_ITConfig), (176 bytes).
    Removing stm32f4xx_adc.o(i.ADC_Init), (456 bytes).
    Removing stm32f4xx_adc.o(i.ADC_InjectedChannelConfig), (376 bytes).
    Removing stm32f4xx_adc.o(i.ADC_InjectedDiscModeCmd), (120 bytes).
    Removing stm32f4xx_adc.o(i.ADC_InjectedSequencerLengthConfig), (124 bytes).
    Removing stm32f4xx_adc.o(i.ADC_MultiModeDMARequestAfterLastTransferCmd), (96 bytes).
    Removing stm32f4xx_adc.o(i.ADC_RegularChannelConfig), (452 bytes).
    Removing stm32f4xx_adc.o(i.ADC_SetInjectedOffset), (148 bytes).
    Removing stm32f4xx_adc.o(i.ADC_SoftwareStartConv), (88 bytes).
    Removing stm32f4xx_adc.o(i.ADC_SoftwareStartInjectedConv), (88 bytes).
    Removing stm32f4xx_adc.o(i.ADC_StructInit), (20 bytes).
    Removing stm32f4xx_adc.o(i.ADC_TempSensorVrefintCmd), (96 bytes).
    Removing stm32f4xx_adc.o(i.ADC_VBATCmd), (96 bytes).
    Removing stm32f4xx_dma.o(.rev16_text), (4 bytes).
    Removing stm32f4xx_dma.o(.revsh_text), (4 bytes).
    Removing stm32f4xx_dma.o(.rrx_text), (6 bytes).
    Removing stm32f4xx_dma.o(i.DMA_ClearFlag), (264 bytes).
    Removing stm32f4xx_dma.o(i.DMA_ClearITPendingBit), (264 bytes).
    Removing stm32f4xx_dma.o(i.DMA_Cmd), (224 bytes).
    Removing stm32f4xx_dma.o(i.DMA_DeInit), (516 bytes).
    Removing stm32f4xx_dma.o(i.DMA_DoubleBufferModeCmd), (224 bytes).
    Removing stm32f4xx_dma.o(i.DMA_DoubleBufferModeConfig), (228 bytes).
    Removing stm32f4xx_dma.o(i.DMA_FlowControllerConfig), (224 bytes).
    Removing stm32f4xx_dma.o(i.DMA_GetCmdStatus), (200 bytes).
    Removing stm32f4xx_dma.o(i.DMA_GetCurrDataCounter), (188 bytes).
    Removing stm32f4xx_dma.o(i.DMA_GetCurrentMemoryTarget), (200 bytes).
    Removing stm32f4xx_dma.o(i.DMA_GetFIFOStatus), (192 bytes).
    Removing stm32f4xx_dma.o(i.DMA_GetFlagStatus), (588 bytes).
    Removing stm32f4xx_dma.o(i.DMA_GetITStatus), (692 bytes).
    Removing stm32f4xx_dma.o(i.DMA_ITConfig), (280 bytes).
    Removing stm32f4xx_dma.o(i.DMA_Init), (704 bytes).
    Removing stm32f4xx_dma.o(i.DMA_MemoryTargetConfig), (216 bytes).
    Removing stm32f4xx_dma.o(i.DMA_PeriphIncOffsetSizeConfig), (224 bytes).
    Removing stm32f4xx_dma.o(i.DMA_SetCurrDataCounter), (188 bytes).
    Removing stm32f4xx_dma.o(i.DMA_StructInit), (34 bytes).
    Removing stm32f4xx_usart.o(.rev16_text), (4 bytes).
    Removing stm32f4xx_usart.o(.revsh_text), (4 bytes).
    Removing stm32f4xx_usart.o(.rrx_text), (6 bytes).
    Removing stm32f4xx_usart.o(i.USART_ClearFlag), (224 bytes).
    Removing stm32f4xx_usart.o(i.USART_ClockInit), (216 bytes).
    Removing stm32f4xx_usart.o(i.USART_ClockStructInit), (12 bytes).
    Removing stm32f4xx_usart.o(i.USART_DMACmd), (212 bytes).
    Removing stm32f4xx_usart.o(i.USART_DeInit), (348 bytes).
    Removing stm32f4xx_usart.o(i.USART_GetFlagStatus), (268 bytes).
    Removing stm32f4xx_usart.o(i.USART_GetITStatus), (376 bytes).
    Removing stm32f4xx_usart.o(i.USART_HalfDuplexCmd), (192 bytes).
    Removing stm32f4xx_usart.o(i.USART_IrDACmd), (192 bytes).
    Removing stm32f4xx_usart.o(i.USART_IrDAConfig), (188 bytes).
    Removing stm32f4xx_usart.o(i.USART_LINBreakDetectLengthConfig), (188 bytes).
    Removing stm32f4xx_usart.o(i.USART_LINCmd), (192 bytes).
    Removing stm32f4xx_usart.o(i.USART_OneBitMethodCmd), (192 bytes).
    Removing stm32f4xx_usart.o(i.USART_OverSampling8Cmd), (192 bytes).
    Removing stm32f4xx_usart.o(i.USART_ReceiveData), (156 bytes).
    Removing stm32f4xx_usart.o(i.USART_ReceiverWakeUpCmd), (192 bytes).
    Removing stm32f4xx_usart.o(i.USART_SendBreak), (160 bytes).
    Removing stm32f4xx_usart.o(i.USART_SendData), (176 bytes).
    Removing stm32f4xx_usart.o(i.USART_SetAddress), (184 bytes).
    Removing stm32f4xx_usart.o(i.USART_SetGuardTime), (108 bytes).
    Removing stm32f4xx_usart.o(i.USART_SetPrescaler), (168 bytes).
    Removing stm32f4xx_usart.o(i.USART_SmartCardCmd), (132 bytes).
    Removing stm32f4xx_usart.o(i.USART_SmartCardNACKCmd), (132 bytes).
    Removing stm32f4xx_usart.o(i.USART_StructInit), (24 bytes).
    Removing stm32f4xx_usart.o(i.USART_WakeUpConfig), (188 bytes).
    Removing pin_setup.o(.rev16_text), (4 bytes).
    Removing pin_setup.o(.revsh_text), (4 bytes).
    Removing pin_setup.o(.rrx_text), (6 bytes).
    Removing pin_setup.o(i._ZN3pin12getPinNumberEv), (8 bytes).
    Removing pin_setup.o(i._ZN3pin3pwmEj), (70 bytes).
    Removing pin_setup.o(i._ZN3pin8getGPIOxEv), (6 bytes).
    Removing pin_setup.o(i._ZN3pin8resetBitEv), (16 bytes).
    Removing pin_setup.o(.ARM.exidx), (8 bytes).
    Removing pin_setup.o(.ARM.exidx), (8 bytes).
    Removing pin_setup.o(.ARM.exidx), (8 bytes).
    Removing pin_setup.o(.ARM.exidx), (8 bytes).
    Removing pin_setup.o(.ARM.exidx), (8 bytes).
    Removing pin_setup.o(.ARM.exidx), (8 bytes).
    Removing pin_setup.o(.ARM.exidx), (8 bytes).
    Removing pin_setup.o(.ARM.exidx), (8 bytes).
    Removing time_service.o(.rev16_text), (4 bytes).
    Removing time_service.o(.revsh_text), (4 bytes).
    Removing time_service.o(.rrx_text), (6 bytes).
    Removing time_service.o(i._ZN12time_service8stopTimeEv), (18 bytes).
    Removing time_service.o(i._ZN12time_service9delay_assEf), (48 bytes).
    Removing time_service.o(i._ZN12time_service9startTimeEv), (18 bytes).
    Removing time_service.o(.ARM.exidx), (8 bytes).
    Removing time_service.o(.ARM.exidx), (8 bytes).
    Removing time_service.o(.ARM.exidx), (8 bytes).
    Removing time_service.o(.ARM.exidx), (8 bytes).
    Removing time_service.o(.ARM.exidx), (8 bytes).
    Removing time_service.o(.ARM.exidx), (8 bytes).
    Removing adc.o(.rev16_text), (4 bytes).
    Removing adc.o(.revsh_text), (4 bytes).
    Removing adc.o(.rrx_text), (6 bytes).
    Removing adc.o(i._ZN3Adc10adcDmaInitEv), (36 bytes).
    Removing adc.o(i._ZN3Adc10setChannelEv), (36 bytes).
    Removing adc.o(i._ZN3Adc13sendMeChannelEh), (22 bytes).
    Removing adc.o(i._ZN3Adc6getAdcEv), (6 bytes).
    Removing adc.o(i._ZN3Adc7adcInitEv), (38 bytes).
    Removing adc.o(i._ZN3Adc8startAdcEv), (60 bytes).
    Removing adc.o(i._ZN3AdcC1EP11ADC_TypeDefhhhjR3pin), (58 bytes).
    Removing adc.o(.ARM.exidx), (8 bytes).
    Removing adc.o(.ARM.exidx), (8 bytes).
    Removing adc.o(.ARM.exidx), (8 bytes).
    Removing adc.o(.ARM.exidx), (8 bytes).
    Removing adc.o(.ARM.exidx), (8 bytes).
    Removing adc.o(.ARM.exidx), (8 bytes).
    Removing adc.o(.ARM.exidx), (8 bytes).
    Removing dma.o(.rev16_text), (4 bytes).
    Removing dma.o(.revsh_text), (4 bytes).
    Removing dma.o(.rrx_text), (6 bytes).
    Removing dma.o(i._ZN3Dma10dataReturnEh), (12 bytes).
    Removing dma.o(i._ZN3Dma12adcInitInDmaEv), (30 bytes).
    Removing dma.o(i._ZN3Dma7dmaInitEP18DMA_Stream_TypeDefjj), (108 bytes).
    Removing dma.o(i._ZN3DmaC1EjR3Adc), (24 bytes).
    Removing dma.o(.ARM.exidx), (8 bytes).
    Removing dma.o(.ARM.exidx), (8 bytes).
    Removing dma.o(.ARM.exidx), (8 bytes).
    Removing dma.o(.ARM.exidx), (8 bytes).
    Removing usart6.o(.rev16_text), (4 bytes).
    Removing usart6.o(.revsh_text), (4 bytes).
    Removing usart6.o(.rrx_text), (6 bytes).
    Removing usart6.o(i._ZN6usart65writeEh), (96 bytes).
    Removing usart6.o(i._ZN6usart69availableEv), (52 bytes).
    Removing usart6.o(.ARM.exidx), (8 bytes).
    Removing usart6.o(.ARM.exidx), (8 bytes).
    Removing usart6.o(.ARM.exidx), (8 bytes).
    Removing usart6.o(.ARM.exidx), (8 bytes).
    Removing usart6.o(.ARM.exidx), (8 bytes).
    Removing soft_i2c.o(.rev16_text), (4 bytes).
    Removing soft_i2c.o(.revsh_text), (4 bytes).
    Removing soft_i2c.o(.rrx_text), (6 bytes).
    Removing soft_i2c.o(i._ZN8soft_i2c12generateStopEv), (56 bytes).
    Removing soft_i2c.o(i._ZN8soft_i2c13generateStartEv), (86 bytes).
    Removing soft_i2c.o(i._ZN8soft_i2c4readEv), (80 bytes).
    Removing soft_i2c.o(i._ZN8soft_i2c4sendEh), (56 bytes).
    Removing soft_i2c.o(i._ZN8soft_i2c5delayEv), (28 bytes).
    Removing soft_i2c.o(i._ZN8soft_i2c6sclLowEv), (12 bytes).
    Removing soft_i2c.o(i._ZN8soft_i2c6sdaLowEv), (14 bytes).
    Removing soft_i2c.o(i._ZN8soft_i2c7readAchEv), (68 bytes).
    Removing soft_i2c.o(i._ZN8soft_i2c7sclReadEv), (34 bytes).
    Removing soft_i2c.o(i._ZN8soft_i2c7sdaReadEv), (38 bytes).
    Removing soft_i2c.o(i._ZN8soft_i2c7sendAchEv), (54 bytes).
    Removing soft_i2c.o(i._ZN8soft_i2c8sendNachEv), (54 bytes).
    Removing soft_i2c.o(i._ZN8soft_i2c8writeBitEb), (54 bytes).
    Removing soft_i2c.o(.ARM.exidx), (8 bytes).
    Removing soft_i2c.o(.ARM.exidx), (8 bytes).
    Removing soft_i2c.o(.ARM.exidx), (8 bytes).
    Removing soft_i2c.o(.ARM.exidx), (8 bytes).
    Removing soft_i2c.o(.ARM.exidx), (8 bytes).
    Removing soft_i2c.o(.ARM.exidx), (8 bytes).
    Removing soft_i2c.o(.ARM.exidx), (8 bytes).
    Removing soft_i2c.o(.ARM.exidx), (8 bytes).
    Removing soft_i2c.o(.ARM.exidx), (8 bytes).
    Removing soft_i2c.o(.ARM.exidx), (8 bytes).
    Removing soft_i2c.o(.ARM.exidx), (8 bytes).
    Removing soft_i2c.o(.ARM.exidx), (8 bytes).
    Removing soft_i2c.o(.ARM.exidx), (8 bytes).
    Removing soft_i2c.o(.ARM.exidx), (8 bytes).
    Removing soft_i2c.o(.ARM.exidx), (8 bytes).
    Removing soft_i2c.o(.ARM.exidx), (8 bytes).
    Removing soft_i2c.o(.ARM.exidx), (8 bytes).
    Removing irlocator.o(.rev16_text), (4 bytes).
    Removing irlocator.o(.revsh_text), (4 bytes).
    Removing irlocator.o(.rrx_text), (6 bytes).
    Removing irlocator.o(i._ZN9IRlocator7getDataEh), (108 bytes).
    Removing irlocator.o(.ARM.exidx), (8 bytes).
    Removing irlocator.o(.ARM.exidx), (8 bytes).
    Removing motor.o(.rev16_text), (4 bytes).
    Removing motor.o(.revsh_text), (4 bytes).
    Removing motor.o(.rrx_text), (6 bytes).
    Removing motor.o(i._ZN5Motor10blockMotorEi), (26 bytes).
    Removing motor.o(i._ZN5Motor9motorMoveEi), (84 bytes).
    Removing motor.o(.ARM.exidx), (8 bytes).
    Removing motor.o(.ARM.exidx), (8 bytes).
    Removing motor.o(.ARM.exidx), (8 bytes).
    Removing motor_pin.o(.rev16_text), (4 bytes).
    Removing motor_pin.o(.revsh_text), (4 bytes).
    Removing motor_pin.o(.rrx_text), (6 bytes).
    Removing motor_pin.o(i._ZN9Motor_Pin12getPinNumberEv), (8 bytes).
    Removing motor_pin.o(i._ZN9Motor_Pin3pwmEj), (70 bytes).
    Removing motor_pin.o(i._ZN9Motor_Pin6setBitEv), (16 bytes).
    Removing motor_pin.o(i._ZN9Motor_Pin7pinInitEv), (256 bytes).
    Removing motor_pin.o(i._ZN9Motor_Pin7pwmInitEjhP11TIM_TypeDef), (592 bytes).
    Removing motor_pin.o(i._ZN9Motor_Pin8getGPIOxEv), (6 bytes).
    Removing motor_pin.o(i._ZN9Motor_Pin8resetBitEv), (16 bytes).
    Removing motor_pin.o(i._ZN9Motor_PinC1EP12GPIO_TypeDefjth), (28 bytes).
    Removing motor_pin.o(.ARM.exidx), (8 bytes).
    Removing motor_pin.o(.ARM.exidx), (8 bytes).
    Removing motor_pin.o(.ARM.exidx), (8 bytes).
    Removing motor_pin.o(.ARM.exidx), (8 bytes).
    Removing motor_pin.o(.ARM.exidx), (8 bytes).
    Removing motor_pin.o(.ARM.exidx), (8 bytes).
    Removing motor_pin.o(.ARM.exidx), (8 bytes).
    Removing motor_pin.o(.ARM.exidx), (8 bytes).
    Removing motors.o(.rev16_text), (4 bytes).
    Removing motors.o(.revsh_text), (4 bytes).
    Removing motors.o(.rrx_text), (6 bytes).
    Removing motors.o(i._ZN6motors9moveMotorEi), (48 bytes).
    Removing motors.o(i._ZN6motors9moveRobotEiiiij), (536 bytes).
    Removing motors.o(i._ZN6motors9stopRobotEi), (48 bytes).
    Removing motors.o(.ARM.exidx), (8 bytes).
    Removing motors.o(.ARM.exidx), (8 bytes).
    Removing motors.o(.ARM.exidx), (8 bytes).
    Removing motors.o(.ARM.exidx), (8 bytes).
    Removing usart3.o(.rev16_text), (4 bytes).
    Removing usart3.o(.revsh_text), (4 bytes).
    Removing usart3.o(.rrx_text), (6 bytes).
    Removing usart3.o(i._ZN6usart34readEv), (72 bytes).
    Removing usart3.o(i._ZN6usart35writeEh), (96 bytes).
    Removing usart3.o(i._ZN6usart39availableEv), (52 bytes).
    Removing usart3.o(.ARM.exidx), (8 bytes).
    Removing usart3.o(.ARM.exidx), (8 bytes).
    Removing usart3.o(.ARM.exidx), (8 bytes).
    Removing usart3.o(.ARM.exidx), (8 bytes).
    Removing usart3.o(.ARM.exidx), (8 bytes).
    Removing openmv.o(.rev16_text), (4 bytes).
    Removing openmv.o(.revsh_text), (4 bytes).
    Removing openmv.o(.rrx_text), (6 bytes).
    Removing openmv.o(i._ZN6camera13get_forward_xEv), (8 bytes).
    Removing openmv.o(i._ZN6camera13get_forward_yEv), (8 bytes).
    Removing openmv.o(i._ZN6camera14get_backward_xEv), (8 bytes).
    Removing openmv.o(i._ZN6camera14get_backward_yEv), (8 bytes).
    Removing openmv.o(i._ZN6camera4crc8EPhi), (58 bytes).
    Removing openmv.o(i._ZN6camera7getDataEv), (104 bytes).
    Removing openmv.o(.ARM.exidx), (8 bytes).
    Removing openmv.o(.ARM.exidx), (8 bytes).
    Removing openmv.o(.ARM.exidx), (8 bytes).
    Removing openmv.o(.ARM.exidx), (8 bytes).
    Removing openmv.o(.ARM.exidx), (8 bytes).
    Removing openmv.o(.ARM.exidx), (8 bytes).
    Removing openmv.o(.ARM.exidx), (8 bytes).
    Removing dist_sen.o(.rev16_text), (4 bytes).
    Removing dist_sen.o(.revsh_text), (4 bytes).
    Removing dist_sen.o(.rrx_text), (6 bytes).
    Removing dist_sen.o(i._ZN8dist_sen8getDataLEt), (122 bytes).
    Removing dist_sen.o(i._ZN8dist_sen8getDataREt), (124 bytes).
    Removing dist_sen.o(i._ZN8dist_senC1ER3DmaS1_RVi), (92 bytes).
    Removing dist_sen.o(.ARM.exidx), (8 bytes).
    Removing dist_sen.o(.ARM.exidx), (8 bytes).
    Removing dist_sen.o(.ARM.exidx), (8 bytes).

467 unused section(s) (total 43738 bytes) removed from the image.

==============================================================================

Image Symbol Table

    Local Symbols

    Symbol Name                              Value     Ov Type        Size  Object(Section)

    ../clib/angel/boardlib.s                 0x00000000   Number         0  boardshut.o ABSOLUTE
    ../clib/angel/boardlib.s                 0x00000000   Number         0  boardinit1.o ABSOLUTE
    ../clib/angel/boardlib.s                 0x00000000   Number         0  boardinit2.o ABSOLUTE
    ../clib/angel/boardlib.s                 0x00000000   Number         0  boardinit3.o ABSOLUTE
    ../clib/angel/handlers.s                 0x00000000   Number         0  __scatter_zi.o ABSOLUTE
    ../clib/angel/handlers.s                 0x00000000   Number         0  __scatter_copy.o ABSOLUTE
    ../clib/angel/kernel.s                   0x00000000   Number         0  __rtentry2.o ABSOLUTE
    ../clib/angel/kernel.s                   0x00000000   Number         0  __rtentry4.o ABSOLUTE
    ../clib/angel/kernel.s                   0x00000000   Number         0  __rtentry.o ABSOLUTE
    ../clib/angel/kernel.s                   0x00000000   Number         0  rtexit.o ABSOLUTE
    ../clib/angel/kernel.s                   0x00000000   Number         0  rtexit2.o ABSOLUTE
    ../clib/angel/rt.s                       0x00000000   Number         0  rt_raise.o ABSOLUTE
    ../clib/angel/rt.s                       0x00000000   Number         0  rt_errno_addr_intlibspace.o ABSOLUTE
    ../clib/angel/rt.s                       0x00000000   Number         0  rt_errno_addr.o ABSOLUTE
    ../clib/angel/scatter.s                  0x00000000   Number         0  __scatter.o ABSOLUTE
    ../clib/angel/startup.s                  0x00000000   Number         0  __main.o ABSOLUTE
    ../clib/angel/sys.s                      0x00000000   Number         0  libspace.o ABSOLUTE
    ../clib/angel/sys.s                      0x00000000   Number         0  use_no_semi.o ABSOLUTE
    ../clib/angel/sys.s                      0x00000000   Number         0  sys_stackheap_outer.o ABSOLUTE
    ../clib/armsys.c                         0x00000000   Number         0  no_argv.o ABSOLUTE
    ../clib/armsys.c                         0x00000000   Number         0  argv_veneer.o ABSOLUTE
    ../clib/armsys.c                         0x00000000   Number         0  argv_veneer.o ABSOLUTE
    ../clib/armsys.c                         0x00000000   Number         0  _get_argv_nomalloc.o ABSOLUTE
    ../clib/fenv.c                           0x00000000   Number         0  _rserrno.o ABSOLUTE
    ../clib/heapalloc.c                      0x00000000   Number         0  hrguard.o ABSOLUTE
    ../clib/heapaux.c                        0x00000000   Number         0  heapauxi.o ABSOLUTE
    ../clib/libinit.s                        0x00000000   Number         0  libshutdown.o ABSOLUTE
    ../clib/libinit.s                        0x00000000   Number         0  libshutdown2.o ABSOLUTE
    ../clib/libinit.s                        0x00000000   Number         0  libinit2.o ABSOLUTE
    ../clib/libinit.s                        0x00000000   Number         0  libinit.o ABSOLUTE
    ../clib/memcpset.s                       0x00000000   Number         0  rt_memcpy_w.o ABSOLUTE
    ../clib/signal.c                         0x00000000   Number         0  defsig_cppl_inner.o ABSOLUTE
    ../clib/signal.c                         0x00000000   Number         0  defsig_pvfn_inner.o ABSOLUTE
    ../clib/signal.c                         0x00000000   Number         0  defsig_stak_inner.o ABSOLUTE
    ../clib/signal.c                         0x00000000   Number         0  defsig_rtred_inner.o ABSOLUTE
    ../clib/signal.c                         0x00000000   Number         0  defsig_fpe_inner.o ABSOLUTE
    ../clib/signal.c                         0x00000000   Number         0  defsig_other.o ABSOLUTE
    ../clib/signal.c                         0x00000000   Number         0  defsig_abrt_inner.o ABSOLUTE
    ../clib/signal.c                         0x00000000   Number         0  defsig_segv_inner.o ABSOLUTE
    ../clib/signal.c                         0x00000000   Number         0  defsig_general.o ABSOLUTE
    ../clib/signal.c                         0x00000000   Number         0  __raise.o ABSOLUTE
    ../clib/signal.c                         0x00000000   Number         0  defsig_rtmem_inner.o ABSOLUTE
    ../clib/signal.c                         0x00000000   Number         0  defsig_rtmem_formal.o ABSOLUTE
    ../clib/signal.c                         0x00000000   Number         0  defsig_rtmem_outer.o ABSOLUTE
    ../clib/signal.c                         0x00000000   Number         0  defsig_exit.o ABSOLUTE
    ../clib/signal.s                         0x00000000   Number         0  defsig.o ABSOLUTE
    ../clib/stdlib.c                         0x00000000   Number         0  exit.o ABSOLUTE
    ../fplib/basic.s                         0x00000000   Number         0  basic.o ABSOLUTE
    ../fplib/daddsub.s                       0x00000000   Number         0  daddsub_clz.o ABSOLUTE
    ../fplib/dcmpi.s                         0x00000000   Number         0  dcmpi.o ABSOLUTE
    ../fplib/ddiv.s                          0x00000000   Number         0  ddiv.o ABSOLUTE
    ../fplib/dfix.s                          0x00000000   Number         0  dfix.o ABSOLUTE
    ../fplib/dflt.s                          0x00000000   Number         0  dflt_clz.o ABSOLUTE
    ../fplib/dleqf.s                         0x00000000   Number         0  dleqf.o ABSOLUTE
    ../fplib/dmul.s                          0x00000000   Number         0  dmul.o ABSOLUTE
    ../fplib/dnaninf.s                       0x00000000   Number         0  dnaninf.o ABSOLUTE
    ../fplib/dretinf.s                       0x00000000   Number         0  dretinf.o ABSOLUTE
    ../fplib/drleqf.s                        0x00000000   Number         0  drleqf.o ABSOLUTE
    ../fplib/fpinit.s                        0x00000000   Number         0  fpinit.o ABSOLUTE
    ../fplib/usenofp.s                       0x00000000   Number         0  usenofp.o ABSOLUTE
    ../mathlib/cos.c                         0x00000000   Number         0  cos.o ABSOLUTE
    ../mathlib/cos.c                         0x00000000   Number         0  cos_x.o ABSOLUTE
    ../mathlib/cos_i.c                       0x00000000   Number         0  cos_i.o ABSOLUTE
    ../mathlib/dunder.c                      0x00000000   Number         0  dunder.o ABSOLUTE
    ../mathlib/fabs.c                        0x00000000   Number         0  fabs.o ABSOLUTE
    ../mathlib/fpclassify.c                  0x00000000   Number         0  fpclassify.o ABSOLUTE
    ../mathlib/poly.c                        0x00000000   Number         0  poly.o ABSOLUTE
    ../mathlib/rred.c                        0x00000000   Number         0  rred.o ABSOLUTE
    ../mathlib/sin_i.c                       0x00000000   Number         0  sin_i_x.o ABSOLUTE
    ../mathlib/sin_i.c                       0x00000000   Number         0  sin_i.o ABSOLUTE
    dc.s                                     0x00000000   Number         0  dc.o ABSOLUTE
    dist_sen.cpp                             0x00000000   Number         0  dist_sen.o ABSOLUTE
    dist_sen.cpp                             0x00000000   Number         0  dist_sen.o ABSOLUTE
    main.cpp                                 0x00000000   Number         0  main.o ABSOLUTE
    main.cpp                                 0x00000000   Number         0  main.o ABSOLUTE
    src\IRLocator\IRLocator.cpp              0x00000000   Number         0  irlocator.o ABSOLUTE
    src\OpenMV\OpenMV.cpp                    0x00000000   Number         0  openmv.o ABSOLUTE
    src\\IRLocator\\IRLocator.cpp            0x00000000   Number         0  irlocator.o ABSOLUTE
    src\\OpenMV\\OpenMV.cpp                  0x00000000   Number         0  openmv.o ABSOLUTE
    src\\adc\\adc.cpp                        0x00000000   Number         0  adc.o ABSOLUTE
    src\\dma\\dma.cpp                        0x00000000   Number         0  dma.o ABSOLUTE
    src\\external\\retarget.cpp              0x00000000   Number         0  retarget.o ABSOLUTE
    src\\motor\\motor.cpp                    0x00000000   Number         0  motor.o ABSOLUTE
    src\\motor_pin_setup\\Motor_Pin.cpp      0x00000000   Number         0  motor_pin.o ABSOLUTE
    src\\motors\\motors.cpp                  0x00000000   Number         0  motors.o ABSOLUTE
    src\\pin_setup\\pin_setup.cpp            0x00000000   Number         0  pin_setup.o ABSOLUTE
    src\\soft\\soft_i2c.cpp                  0x00000000   Number         0  soft_i2c.o ABSOLUTE
    src\\spl4\\src\\misc.c                   0x00000000   Number         0  misc.o ABSOLUTE
    src\\spl4\\src\\stm32f4xx_adc.c          0x00000000   Number         0  stm32f4xx_adc.o ABSOLUTE
    src\\spl4\\src\\stm32f4xx_crc.c          0x00000000   Number         0  stm32f4xx_crc.o ABSOLUTE
    src\\spl4\\src\\stm32f4xx_dma.c          0x00000000   Number         0  stm32f4xx_dma.o ABSOLUTE
    src\\spl4\\src\\stm32f4xx_gpio.c         0x00000000   Number         0  stm32f4xx_gpio.o ABSOLUTE
    src\\spl4\\src\\stm32f4xx_rcc.c          0x00000000   Number         0  stm32f4xx_rcc.o ABSOLUTE
    src\\spl4\\src\\stm32f4xx_tim.c          0x00000000   Number         0  stm32f4xx_tim.o ABSOLUTE
    src\\spl4\\src\\stm32f4xx_usart.c        0x00000000   Number         0  stm32f4xx_usart.o ABSOLUTE
    src\\support_pacage\\system_stm32f4xx.c  0x00000000   Number         0  system_stm32f4xx.o ABSOLUTE
    src\\time_service\\time_service.cpp      0x00000000   Number         0  time_service.o ABSOLUTE
    src\\usart3\\usart3.cpp                  0x00000000   Number         0  usart3.o ABSOLUTE
    src\\usart6\\usart6.cpp                  0x00000000   Number         0  usart6.o ABSOLUTE
    src\adc\adc.cpp                          0x00000000   Number         0  adc.o ABSOLUTE
    src\ball_detecter\ball_detecter.cpp      0x00000000   Number         0  ball_detecter.o ABSOLUTE
    src\dma\dma.cpp                          0x00000000   Number         0  dma.o ABSOLUTE
    src\external\retarget.cpp                0x00000000   Number         0  retarget.o ABSOLUTE
    src\main\startup_stm32f407xx.s           0x00000000   Number         0  startup_stm32f407xx.o ABSOLUTE
    src\motor\motor.cpp                      0x00000000   Number         0  motor.o ABSOLUTE
    src\motor_pin_setup\Motor_Pin.cpp        0x00000000   Number         0  motor_pin.o ABSOLUTE
    src\motors\motors.cpp                    0x00000000   Number         0  motors.o ABSOLUTE
    src\pin_setup\pin_setup.cpp              0x00000000   Number         0  pin_setup.o ABSOLUTE
    src\soft\soft_i2c.cpp                    0x00000000   Number         0  soft_i2c.o ABSOLUTE
    src\spl4\src\misc.c                      0x00000000   Number         0  misc.o ABSOLUTE
    src\spl4\src\stm32f4xx_adc.c             0x00000000   Number         0  stm32f4xx_adc.o ABSOLUTE
    src\spl4\src\stm32f4xx_crc.c             0x00000000   Number         0  stm32f4xx_crc.o ABSOLUTE
    src\spl4\src\stm32f4xx_dma.c             0x00000000   Number         0  stm32f4xx_dma.o ABSOLUTE
    src\spl4\src\stm32f4xx_gpio.c            0x00000000   Number         0  stm32f4xx_gpio.o ABSOLUTE
    src\spl4\src\stm32f4xx_rcc.c             0x00000000   Number         0  stm32f4xx_rcc.o ABSOLUTE
    src\spl4\src\stm32f4xx_tim.c             0x00000000   Number         0  stm32f4xx_tim.o ABSOLUTE
    src\spl4\src\stm32f4xx_usart.c           0x00000000   Number         0  stm32f4xx_usart.o ABSOLUTE
    src\support_pacage\system_stm32f4xx.c    0x00000000   Number         0  system_stm32f4xx.o ABSOLUTE
    src\time_service\time_service.cpp        0x00000000   Number         0  time_service.o ABSOLUTE
    src\usart3\usart3.cpp                    0x00000000   Number         0  usart3.o ABSOLUTE
    src\usart6\usart6.cpp                    0x00000000   Number         0  usart6.o ABSOLUTE
    RESET                                    0x08000000   Section      392  startup_stm32f407xx.o(RESET)
    !!!main                                  0x08000188   Section        8  __main.o(!!!main)
    !!!scatter                               0x08000190   Section       52  __scatter.o(!!!scatter)
    !!handler_copy                           0x080001c4   Section       26  __scatter_copy.o(!!handler_copy)
    !!handler_zi                             0x080001e0   Section       28  __scatter_zi.o(!!handler_zi)
    .ARM.Collect$$libinit$$00000000          0x080001fc   Section        2  libinit.o(.ARM.Collect$$libinit$$00000000)
    .ARM.Collect$$libinit$$00000001          0x080001fe   Section        4  libinit2.o(.ARM.Collect$$libinit$$00000001)
    .ARM.Collect$$libinit$$00000004          0x08000202   Section        0  libinit2.o(.ARM.Collect$$libinit$$00000004)
    .ARM.Collect$$libinit$$0000000A          0x08000202   Section        0  libinit2.o(.ARM.Collect$$libinit$$0000000A)
    .ARM.Collect$$libinit$$0000000C          0x08000202   Section        0  libinit2.o(.ARM.Collect$$libinit$$0000000C)
    .ARM.Collect$$libinit$$0000000E          0x08000202   Section        0  libinit2.o(.ARM.Collect$$libinit$$0000000E)
    .ARM.Collect$$libinit$$00000011          0x08000202   Section        0  libinit2.o(.ARM.Collect$$libinit$$00000011)
    .ARM.Collect$$libinit$$00000013          0x08000202   Section        0  libinit2.o(.ARM.Collect$$libinit$$00000013)
    .ARM.Collect$$libinit$$00000015          0x08000202   Section        0  libinit2.o(.ARM.Collect$$libinit$$00000015)
    .ARM.Collect$$libinit$$00000017          0x08000202   Section        0  libinit2.o(.ARM.Collect$$libinit$$00000017)
    .ARM.Collect$$libinit$$00000019          0x08000202   Section        0  libinit2.o(.ARM.Collect$$libinit$$00000019)
    .ARM.Collect$$libinit$$0000001B          0x08000202   Section        0  libinit2.o(.ARM.Collect$$libinit$$0000001B)
    .ARM.Collect$$libinit$$0000001D          0x08000202   Section        0  libinit2.o(.ARM.Collect$$libinit$$0000001D)
    .ARM.Collect$$libinit$$0000001F          0x08000202   Section        0  libinit2.o(.ARM.Collect$$libinit$$0000001F)
    .ARM.Collect$$libinit$$00000021          0x08000202   Section        0  libinit2.o(.ARM.Collect$$libinit$$00000021)
    .ARM.Collect$$libinit$$00000023          0x08000202   Section        0  libinit2.o(.ARM.Collect$$libinit$$00000023)
    .ARM.Collect$$libinit$$00000025          0x08000202   Section        0  libinit2.o(.ARM.Collect$$libinit$$00000025)
    .ARM.Collect$$libinit$$0000002C          0x08000202   Section        0  libinit2.o(.ARM.Collect$$libinit$$0000002C)
    .ARM.Collect$$libinit$$0000002E          0x08000202   Section        0  libinit2.o(.ARM.Collect$$libinit$$0000002E)
    .ARM.Collect$$libinit$$00000030          0x08000202   Section        0  libinit2.o(.ARM.Collect$$libinit$$00000030)
    .ARM.Collect$$libinit$$00000032          0x08000202   Section        0  libinit2.o(.ARM.Collect$$libinit$$00000032)
    .ARM.Collect$$libinit$$00000033          0x08000202   Section        2  libinit2.o(.ARM.Collect$$libinit$$00000033)
    .ARM.Collect$$libshutdown$$00000000      0x08000204   Section        2  libshutdown.o(.ARM.Collect$$libshutdown$$00000000)
    .ARM.Collect$$libshutdown$$00000002      0x08000206   Section        0  libshutdown2.o(.ARM.Collect$$libshutdown$$00000002)
    .ARM.Collect$$libshutdown$$00000004      0x08000206   Section        0  libshutdown2.o(.ARM.Collect$$libshutdown$$00000004)
    .ARM.Collect$$libshutdown$$00000006      0x08000206   Section        0  libshutdown2.o(.ARM.Collect$$libshutdown$$00000006)
    .ARM.Collect$$libshutdown$$00000009      0x08000206   Section        0  libshutdown2.o(.ARM.Collect$$libshutdown$$00000009)
    .ARM.Collect$$libshutdown$$0000000C      0x08000206   Section        0  libshutdown2.o(.ARM.Collect$$libshutdown$$0000000C)
    .ARM.Collect$$libshutdown$$0000000E      0x08000206   Section        0  libshutdown2.o(.ARM.Collect$$libshutdown$$0000000E)
    .ARM.Collect$$libshutdown$$00000011      0x08000206   Section        0  libshutdown2.o(.ARM.Collect$$libshutdown$$00000011)
    .ARM.Collect$$libshutdown$$00000012      0x08000206   Section        2  libshutdown2.o(.ARM.Collect$$libshutdown$$00000012)
    .ARM.Collect$$rtentry$$00000000          0x08000208   Section        0  __rtentry.o(.ARM.Collect$$rtentry$$00000000)
    .ARM.Collect$$rtentry$$00000002          0x08000208   Section        0  __rtentry2.o(.ARM.Collect$$rtentry$$00000002)
    .ARM.Collect$$rtentry$$00000004          0x08000208   Section        6  __rtentry4.o(.ARM.Collect$$rtentry$$00000004)
    .ARM.Collect$$rtentry$$00000009          0x0800020e   Section        0  __rtentry2.o(.ARM.Collect$$rtentry$$00000009)
    .ARM.Collect$$rtentry$$0000000A          0x0800020e   Section        4  __rtentry2.o(.ARM.Collect$$rtentry$$0000000A)
    .ARM.Collect$$rtentry$$0000000C          0x08000212   Section        0  __rtentry2.o(.ARM.Collect$$rtentry$$0000000C)
    .ARM.Collect$$rtentry$$0000000D          0x08000212   Section        8  __rtentry2.o(.ARM.Collect$$rtentry$$0000000D)
    .ARM.Collect$$rtexit$$00000000           0x0800021a   Section        2  rtexit.o(.ARM.Collect$$rtexit$$00000000)
    .ARM.Collect$$rtexit$$00000002           0x0800021c   Section        0  rtexit2.o(.ARM.Collect$$rtexit$$00000002)
    .ARM.Collect$$rtexit$$00000003           0x0800021c   Section        4  rtexit2.o(.ARM.Collect$$rtexit$$00000003)
    .ARM.Collect$$rtexit$$00000004           0x08000220   Section        6  rtexit2.o(.ARM.Collect$$rtexit$$00000004)
    .text                                    0x08000228   Section       64  startup_stm32f407xx.o(.text)
    $v0                                      0x08000228   Number         0  startup_stm32f407xx.o(.text)
    .text                                    0x08000268   Section        2  use_no_semi.o(.text)
    .text                                    0x0800026a   Section      100  rt_memcpy_w.o(.text)
    .text                                    0x080002ce   Section        0  heapauxi.o(.text)
    .text                                    0x080002d4   Section        8  libspace.o(.text)
    .text                                    0x080002dc   Section       74  sys_stackheap_outer.o(.text)
    .text                                    0x08000326   Section        0  exit.o(.text)
    i.GPIO_Init                              0x08000338   Section        0  stm32f4xx_gpio.o(i.GPIO_Init)
    i.GPIO_PinAFConfig                       0x080004e4   Section        0  stm32f4xx_gpio.o(i.GPIO_PinAFConfig)
    i.GPIO_SetBits                           0x08000690   Section        0  stm32f4xx_gpio.o(i.GPIO_SetBits)
    i.RCC_AHB1PeriphClockCmd                 0x08000744   Section        0  stm32f4xx_rcc.o(i.RCC_AHB1PeriphClockCmd)
    i.RCC_APB1PeriphClockCmd                 0x080007b4   Section        0  stm32f4xx_rcc.o(i.RCC_APB1PeriphClockCmd)
    i.RCC_APB2PeriphClockCmd                 0x08000820   Section        0  stm32f4xx_rcc.o(i.RCC_APB2PeriphClockCmd)
    i.RCC_GetClocksFreq                      0x08000890   Section        0  stm32f4xx_rcc.o(i.RCC_GetClocksFreq)
    i.SysTick_Handler                        0x08000978   Section        0  time_service.o(i.SysTick_Handler)
    i.SystemInit                             0x08000988   Section        0  system_stm32f4xx.o(i.SystemInit)
    i.TIM_BDTRConfig                         0x080009ec   Section        0  stm32f4xx_tim.o(i.TIM_BDTRConfig)
    i.TIM_Cmd                                0x08000af4   Section        0  stm32f4xx_tim.o(i.TIM_Cmd)
    i.TIM_CtrlPWMOutputs                     0x08000bd8   Section        0  stm32f4xx_tim.o(i.TIM_CtrlPWMOutputs)
    i.TIM_OC1Init                            0x08000c50   Section        0  stm32f4xx_tim.o(i.TIM_OC1Init)
    i.TIM_OC2Init                            0x08000e2c   Section        0  stm32f4xx_tim.o(i.TIM_OC2Init)
    i.TIM_OC3Init                            0x08001008   Section        0  stm32f4xx_tim.o(i.TIM_OC3Init)
    i.TIM_OC4Init                            0x080011cc   Section        0  stm32f4xx_tim.o(i.TIM_OC4Init)
    i.TIM_TimeBaseInit                       0x08001324   Section        0  stm32f4xx_tim.o(i.TIM_TimeBaseInit)
    i.USART3_IRQHandler                      0x08001490   Section        0  usart3.o(i.USART3_IRQHandler)
    i.USART6_IRQHandler                      0x08001540   Section        0  usart6.o(i.USART6_IRQHandler)
    i.USART_ClearITPendingBit                0x080015f0   Section        0  stm32f4xx_usart.o(i.USART_ClearITPendingBit)
    i.USART_Cmd                              0x080016f4   Section        0  stm32f4xx_usart.o(i.USART_Cmd)
    i.USART_ITConfig                         0x080017b4   Section        0  stm32f4xx_usart.o(i.USART_ITConfig)
    i.USART_Init                             0x08001918   Section        0  stm32f4xx_usart.o(i.USART_Init)
    i._ZN12time_service4initEv               0x08001b50   Section        0  time_service.o(i._ZN12time_service4initEv)
    i._ZN12time_service8delay_msEf           0x08001bb8   Section        0  time_service.o(i._ZN12time_service8delay_msEf)
    i._ZN3pin6setBitEv                       0x08001be4   Section        0  pin_setup.o(i._ZN3pin6setBitEv)
    i._ZN3pin7pinInitEv                      0x08001bf4   Section        0  pin_setup.o(i._ZN3pin7pinInitEv)
    i._ZN3pin7pwmInitEjtjjhP11TIM_TypeDef    0x08001cf4   Section        0  pin_setup.o(i._ZN3pin7pwmInitEjtjjhP11TIM_TypeDef)
    i._ZN3pinC1Echt                          0x08001f4c   Section        0  pin_setup.o(i._ZN3pinC1Echt)
    i._ZN5MotorC1Echthchth                   0x08002244   Section        0  motor.o(i._ZN5MotorC1Echthchth)
    i._ZN6cameraC1ER3pinS1_                  0x08002468   Section        0  openmv.o(i._ZN6cameraC1ER3pinS1_)
    i._ZN6motorsC1ER5MotorS1_S1_S1_i         0x080024ba   Section        0  motors.o(i._ZN6motorsC1ER5MotorS1_S1_S1_i)
    i._ZN6usart310usart3InitEv               0x0800250c   Section        0  usart3.o(i._ZN6usart310usart3InitEv)
    i._ZN6usart610usart6InitEv               0x080025d8   Section        0  usart6.o(i._ZN6usart610usart6InitEv)
    i._ZN6usart64readEv                      0x080026a4   Section        0  usart6.o(i._ZN6usart64readEv)
    i._ZN8soft_i2c11softI2cInitEv            0x080026ec   Section        0  soft_i2c.o(i._ZN8soft_i2c11softI2cInitEv)
    i._ZN8soft_i2c7sclHighEv                 0x08002700   Section        0  soft_i2c.o(i._ZN8soft_i2c7sclHighEv)
    i._ZN8soft_i2c7sdaHighEv                 0x0800270c   Section        0  soft_i2c.o(i._ZN8soft_i2c7sdaHighEv)
    i._ZN8soft_i2cC1ER3pinS1_                0x0800271a   Section        0  soft_i2c.o(i._ZN8soft_i2cC1ER3pinS1_)
    i._ZN9IRlocatorC1ER8soft_i2cj            0x08002748   Section        0  irlocator.o(i._ZN9IRlocatorC1ER8soft_i2cj)
    i._sys_exit                              0x08002766   Section        0  retarget.o(i._sys_exit)
    i.assert_failed                          0x0800276a   Section        0  retarget.o(i.assert_failed)
    i.main                                   0x08002774   Section        0  main.o(i.main)
    x$fpl$fpinit                             0x08002a5c   Section       10  fpinit.o(x$fpl$fpinit)
    $v0                                      0x08002a5c   Number         0  fpinit.o(x$fpl$fpinit)
    .constdata                               0x08002a66   Section       61  retarget.o(.constdata)
    __tagsym$$used                           0x08002a66   Number         0  retarget.o(.constdata)
    date_time_commit                         0x08002a66   Data          61  retarget.o(.constdata)
    .data                                    0x20000000   Section        4  system_stm32f4xx.o(.data)
    .data                                    0x20000004   Section       16  stm32f4xx_rcc.o(.data)
    APBAHBPrescTable                         0x20000004   Data          16  stm32f4xx_rcc.o(.data)
    .data                                    0x20000014   Section        4  time_service.o(.data)
    .data                                    0x20000018   Section       26  usart6.o(.data)
    .data                                    0x20000032   Section       26  usart3.o(.data)
    .bss                                     0x2000004c   Section       96  libspace.o(.bss)
    HEAP                                     0x200000b0   Section      512  startup_stm32f407xx.o(HEAP)
    Heap_Mem                                 0x200000b0   Data         512  startup_stm32f407xx.o(HEAP)
    STACK                                    0x200002b0   Section     1024  startup_stm32f407xx.o(STACK)
    Stack_Mem                                0x200002b0   Data        1024  startup_stm32f407xx.o(STACK)
    __initial_sp                             0x200006b0   Data           0  startup_stm32f407xx.o(STACK)

    Global Symbols

    Symbol Name                              Value     Ov Type        Size  Object(Section)

    BuildAttributes$$THM_ISAv4$E$P$D$K$B$S$7EM$VFPi3$EXTD16$VFPS$VFMA$PE$A:L22UL41UL21$X:L11$S22US41US21$IEEE1$IW$USESV6$~STKCKD$USESV7$~SHL$OTIME$ROPI$IEEEX$EBA8$UX$STANDARDLIB$REQ8$PRES8$EABIv2 0x00000000   Number         0  anon$$obj.o ABSOLUTE
    __ARM_use_no_argv                        0x00000000   Number         0  main.o ABSOLUTE
    __ARM_exceptions_init                     - Undefined Weak Reference
    __alloca_initialize                       - Undefined Weak Reference
    __arm_fini_                               - Undefined Weak Reference
    __arm_preinit_                            - Undefined Weak Reference
    __cpp_initialize__aeabi_                  - Undefined Weak Reference
    __cxa_finalize                            - Undefined Weak Reference
    __rt_locale                               - Undefined Weak Reference
    __sigvec_lookup                           - Undefined Weak Reference
    _atexit_init                              - Undefined Weak Reference
    _call_atexit_fns                          - Undefined Weak Reference
    _clock_init                               - Undefined Weak Reference
    _fp_trap_init                             - Undefined Weak Reference
    _fp_trap_shutdown                         - Undefined Weak Reference
    _get_lc_collate                           - Undefined Weak Reference
    _get_lc_ctype                             - Undefined Weak Reference
    _get_lc_monetary                          - Undefined Weak Reference
    _get_lc_numeric                           - Undefined Weak Reference
    _get_lc_time                              - Undefined Weak Reference
    _getenv_init                              - Undefined Weak Reference
    _handle_redirection                       - Undefined Weak Reference
    _init_alloc                               - Undefined Weak Reference
    _init_user_alloc                          - Undefined Weak Reference
    _initio                                   - Undefined Weak Reference
    _rand_init                                - Undefined Weak Reference
    _signal_finish                            - Undefined Weak Reference
    _signal_init                              - Undefined Weak Reference
    _terminate_alloc                          - Undefined Weak Reference
    _terminate_user_alloc                     - Undefined Weak Reference
    _terminateio                              - Undefined Weak Reference
    __Vectors_Size                           0x00000188   Number         0  startup_stm32f407xx.o ABSOLUTE
    __Vectors                                0x08000000   Data           4  startup_stm32f407xx.o(RESET)
    __Vectors_End                            0x08000188   Data           0  startup_stm32f407xx.o(RESET)
    __main                                   0x08000189   Thumb Code     8  __main.o(!!!main)
    __scatterload                            0x08000191   Thumb Code     0  __scatter.o(!!!scatter)
    __scatterload_rt2                        0x08000191   Thumb Code    44  __scatter.o(!!!scatter)
    __scatterload_rt2_thumb_only             0x08000191   Thumb Code     0  __scatter.o(!!!scatter)
    __scatterload_null                       0x0800019f   Thumb Code     0  __scatter.o(!!!scatter)
    __scatterload_copy                       0x080001c5   Thumb Code    26  __scatter_copy.o(!!handler_copy)
    __scatterload_zeroinit                   0x080001e1   Thumb Code    28  __scatter_zi.o(!!handler_zi)
    __rt_lib_init                            0x080001fd   Thumb Code     0  libinit.o(.ARM.Collect$$libinit$$00000000)
    __rt_lib_init_fp_1                       0x080001ff   Thumb Code     0  libinit2.o(.ARM.Collect$$libinit$$00000001)
    __rt_lib_init_alloca_1                   0x08000203   Thumb Code     0  libinit2.o(.ARM.Collect$$libinit$$0000002E)
    __rt_lib_init_argv_1                     0x08000203   Thumb Code     0  libinit2.o(.ARM.Collect$$libinit$$0000002C)
    __rt_lib_init_atexit_1                   0x08000203   Thumb Code     0  libinit2.o(.ARM.Collect$$libinit$$0000001B)
    __rt_lib_init_clock_1                    0x08000203   Thumb Code     0  libinit2.o(.ARM.Collect$$libinit$$00000021)
    __rt_lib_init_cpp_1                      0x08000203   Thumb Code     0  libinit2.o(.ARM.Collect$$libinit$$00000032)
    __rt_lib_init_exceptions_1               0x08000203   Thumb Code     0  libinit2.o(.ARM.Collect$$libinit$$00000030)
    __rt_lib_init_fp_trap_1                  0x08000203   Thumb Code     0  libinit2.o(.ARM.Collect$$libinit$$0000001F)
    __rt_lib_init_getenv_1                   0x08000203   Thumb Code     0  libinit2.o(.ARM.Collect$$libinit$$00000023)
    __rt_lib_init_heap_1                     0x08000203   Thumb Code     0  libinit2.o(.ARM.Collect$$libinit$$0000000A)
    __rt_lib_init_lc_collate_1               0x08000203   Thumb Code     0  libinit2.o(.ARM.Collect$$libinit$$00000011)
    __rt_lib_init_lc_ctype_1                 0x08000203   Thumb Code     0  libinit2.o(.ARM.Collect$$libinit$$00000013)
    __rt_lib_init_lc_monetary_1              0x08000203   Thumb Code     0  libinit2.o(.ARM.Collect$$libinit$$00000015)
    __rt_lib_init_lc_numeric_1               0x08000203   Thumb Code     0  libinit2.o(.ARM.Collect$$libinit$$00000017)
    __rt_lib_init_lc_time_1                  0x08000203   Thumb Code     0  libinit2.o(.ARM.Collect$$libinit$$00000019)
    __rt_lib_init_preinit_1                  0x08000203   Thumb Code     0  libinit2.o(.ARM.Collect$$libinit$$00000004)
    __rt_lib_init_rand_1                     0x08000203   Thumb Code     0  libinit2.o(.ARM.Collect$$libinit$$0000000E)
    __rt_lib_init_return                     0x08000203   Thumb Code     0  libinit2.o(.ARM.Collect$$libinit$$00000033)
    __rt_lib_init_signal_1                   0x08000203   Thumb Code     0  libinit2.o(.ARM.Collect$$libinit$$0000001D)
    __rt_lib_init_stdio_1                    0x08000203   Thumb Code     0  libinit2.o(.ARM.Collect$$libinit$$00000025)
    __rt_lib_init_user_alloc_1               0x08000203   Thumb Code     0  libinit2.o(.ARM.Collect$$libinit$$0000000C)
    __rt_lib_shutdown                        0x08000205   Thumb Code     0  libshutdown.o(.ARM.Collect$$libshutdown$$00000000)
    __rt_lib_shutdown_cpp_1                  0x08000207   Thumb Code     0  libshutdown2.o(.ARM.Collect$$libshutdown$$00000004)
    __rt_lib_shutdown_fini_1                 0x08000207   Thumb Code     0  libshutdown2.o(.ARM.Collect$$libshutdown$$00000002)
    __rt_lib_shutdown_fp_trap_1              0x08000207   Thumb Code     0  libshutdown2.o(.ARM.Collect$$libshutdown$$00000009)
    __rt_lib_shutdown_heap_1                 0x08000207   Thumb Code     0  libshutdown2.o(.ARM.Collect$$libshutdown$$00000011)
    __rt_lib_shutdown_return                 0x08000207   Thumb Code     0  libshutdown2.o(.ARM.Collect$$libshutdown$$00000012)
    __rt_lib_shutdown_signal_1               0x08000207   Thumb Code     0  libshutdown2.o(.ARM.Collect$$libshutdown$$0000000C)
    __rt_lib_shutdown_stdio_1                0x08000207   Thumb Code     0  libshutdown2.o(.ARM.Collect$$libshutdown$$00000006)
    __rt_lib_shutdown_user_alloc_1           0x08000207   Thumb Code     0  libshutdown2.o(.ARM.Collect$$libshutdown$$0000000E)
    __rt_entry                               0x08000209   Thumb Code     0  __rtentry.o(.ARM.Collect$$rtentry$$00000000)
    __rt_entry_presh_1                       0x08000209   Thumb Code     0  __rtentry2.o(.ARM.Collect$$rtentry$$00000002)
    __rt_entry_sh                            0x08000209   Thumb Code     0  __rtentry4.o(.ARM.Collect$$rtentry$$00000004)
    __rt_entry_li                            0x0800020f   Thumb Code     0  __rtentry2.o(.ARM.Collect$$rtentry$$0000000A)
    __rt_entry_postsh_1                      0x0800020f   Thumb Code     0  __rtentry2.o(.ARM.Collect$$rtentry$$00000009)
    __rt_entry_main                          0x08000213   Thumb Code     0  __rtentry2.o(.ARM.Collect$$rtentry$$0000000D)
    __rt_entry_postli_1                      0x08000213   Thumb Code     0  __rtentry2.o(.ARM.Collect$$rtentry$$0000000C)
    __rt_exit                                0x0800021b   Thumb Code     0  rtexit.o(.ARM.Collect$$rtexit$$00000000)
    __rt_exit_ls                             0x0800021d   Thumb Code     0  rtexit2.o(.ARM.Collect$$rtexit$$00000003)
    __rt_exit_prels_1                        0x0800021d   Thumb Code     0  rtexit2.o(.ARM.Collect$$rtexit$$00000002)
    __rt_exit_exit                           0x08000221   Thumb Code     0  rtexit2.o(.ARM.Collect$$rtexit$$00000004)
    Reset_Handler                            0x08000229   Thumb Code     8  startup_stm32f407xx.o(.text)
    NMI_Handler                              0x08000231   Thumb Code     2  startup_stm32f407xx.o(.text)
    HardFault_Handler                        0x08000233   Thumb Code     2  startup_stm32f407xx.o(.text)
    MemManage_Handler                        0x08000235   Thumb Code     2  startup_stm32f407xx.o(.text)
    BusFault_Handler                         0x08000237   Thumb Code     2  startup_stm32f407xx.o(.text)
    UsageFault_Handler                       0x08000239   Thumb Code     2  startup_stm32f407xx.o(.text)
    SVC_Handler                              0x0800023b   Thumb Code     2  startup_stm32f407xx.o(.text)
    DebugMon_Handler                         0x0800023d   Thumb Code     2  startup_stm32f407xx.o(.text)
    PendSV_Handler                           0x0800023f   Thumb Code     2  startup_stm32f407xx.o(.text)
    ADC_IRQHandler                           0x08000243   Thumb Code     0  startup_stm32f407xx.o(.text)
    CAN1_RX0_IRQHandler                      0x08000243   Thumb Code     0  startup_stm32f407xx.o(.text)
    CAN1_RX1_IRQHandler                      0x08000243   Thumb Code     0  startup_stm32f407xx.o(.text)
    CAN1_SCE_IRQHandler                      0x08000243   Thumb Code     0  startup_stm32f407xx.o(.text)
    CAN1_TX_IRQHandler                       0x08000243   Thumb Code     0  startup_stm32f407xx.o(.text)
    CAN2_RX0_IRQHandler                      0x08000243   Thumb Code     0  startup_stm32f407xx.o(.text)
    CAN2_RX1_IRQHandler                      0x08000243   Thumb Code     0  startup_stm32f407xx.o(.text)
    CAN2_SCE_IRQHandler                      0x08000243   Thumb Code     0  startup_stm32f407xx.o(.text)
    CAN2_TX_IRQHandler                       0x08000243   Thumb Code     0  startup_stm32f407xx.o(.text)
    DCMI_IRQHandler                          0x08000243   Thumb Code     0  startup_stm32f407xx.o(.text)
    DMA1_Stream0_IRQHandler                  0x08000243   Thumb Code     0  startup_stm32f407xx.o(.text)
    DMA1_Stream1_IRQHandler                  0x08000243   Thumb Code     0  startup_stm32f407xx.o(.text)
    DMA1_Stream2_IRQHandler                  0x08000243   Thumb Code     0  startup_stm32f407xx.o(.text)
    DMA1_Stream3_IRQHandler                  0x08000243   Thumb Code     0  startup_stm32f407xx.o(.text)
    DMA1_Stream4_IRQHandler                  0x08000243   Thumb Code     0  startup_stm32f407xx.o(.text)
    DMA1_Stream5_IRQHandler                  0x08000243   Thumb Code     0  startup_stm32f407xx.o(.text)
    DMA1_Stream6_IRQHandler                  0x08000243   Thumb Code     0  startup_stm32f407xx.o(.text)
    DMA1_Stream7_IRQHandler                  0x08000243   Thumb Code     0  startup_stm32f407xx.o(.text)
    DMA2_Stream0_IRQHandler                  0x08000243   Thumb Code     0  startup_stm32f407xx.o(.text)
    DMA2_Stream1_IRQHandler                  0x08000243   Thumb Code     0  startup_stm32f407xx.o(.text)
    DMA2_Stream2_IRQHandler                  0x08000243   Thumb Code     0  startup_stm32f407xx.o(.text)
    DMA2_Stream3_IRQHandler                  0x08000243   Thumb Code     0  startup_stm32f407xx.o(.text)
    DMA2_Stream4_IRQHandler                  0x08000243   Thumb Code     0  startup_stm32f407xx.o(.text)
    DMA2_Stream5_IRQHandler                  0x08000243   Thumb Code     0  startup_stm32f407xx.o(.text)
    DMA2_Stream6_IRQHandler                  0x08000243   Thumb Code     0  startup_stm32f407xx.o(.text)
    DMA2_Stream7_IRQHandler                  0x08000243   Thumb Code     0  startup_stm32f407xx.o(.text)
    ETH_IRQHandler                           0x08000243   Thumb Code     0  startup_stm32f407xx.o(.text)
    ETH_WKUP_IRQHandler                      0x08000243   Thumb Code     0  startup_stm32f407xx.o(.text)
    EXTI0_IRQHandler                         0x08000243   Thumb Code     0  startup_stm32f407xx.o(.text)
    EXTI15_10_IRQHandler                     0x08000243   Thumb Code     0  startup_stm32f407xx.o(.text)
    EXTI1_IRQHandler                         0x08000243   Thumb Code     0  startup_stm32f407xx.o(.text)
    EXTI2_IRQHandler                         0x08000243   Thumb Code     0  startup_stm32f407xx.o(.text)
    EXTI3_IRQHandler                         0x08000243   Thumb Code     0  startup_stm32f407xx.o(.text)
    EXTI4_IRQHandler                         0x08000243   Thumb Code     0  startup_stm32f407xx.o(.text)
    EXTI9_5_IRQHandler                       0x08000243   Thumb Code     0  startup_stm32f407xx.o(.text)
    FLASH_IRQHandler                         0x08000243   Thumb Code     0  startup_stm32f407xx.o(.text)
    FMC_IRQHandler                           0x08000243   Thumb Code     0  startup_stm32f407xx.o(.text)
    FPU_IRQHandler                           0x08000243   Thumb Code     0  startup_stm32f407xx.o(.text)
    HASH_RNG_IRQHandler                      0x08000243   Thumb Code     0  startup_stm32f407xx.o(.text)
    I2C1_ER_IRQHandler                       0x08000243   Thumb Code     0  startup_stm32f407xx.o(.text)
    I2C1_EV_IRQHandler                       0x08000243   Thumb Code     0  startup_stm32f407xx.o(.text)
    I2C2_ER_IRQHandler                       0x08000243   Thumb Code     0  startup_stm32f407xx.o(.text)
    I2C2_EV_IRQHandler                       0x08000243   Thumb Code     0  startup_stm32f407xx.o(.text)
    I2C3_ER_IRQHandler                       0x08000243   Thumb Code     0  startup_stm32f407xx.o(.text)
    I2C3_EV_IRQHandler                       0x08000243   Thumb Code     0  startup_stm32f407xx.o(.text)
    OTG_FS_IRQHandler                        0x08000243   Thumb Code     0  startup_stm32f407xx.o(.text)
    OTG_FS_WKUP_IRQHandler                   0x08000243   Thumb Code     0  startup_stm32f407xx.o(.text)
    OTG_HS_EP1_IN_IRQHandler                 0x08000243   Thumb Code     0  startup_stm32f407xx.o(.text)
    OTG_HS_EP1_OUT_IRQHandler                0x08000243   Thumb Code     0  startup_stm32f407xx.o(.text)
    OTG_HS_IRQHandler                        0x08000243   Thumb Code     0  startup_stm32f407xx.o(.text)
    OTG_HS_WKUP_IRQHandler                   0x08000243   Thumb Code     0  startup_stm32f407xx.o(.text)
    PVD_IRQHandler                           0x08000243   Thumb Code     0  startup_stm32f407xx.o(.text)
    RCC_IRQHandler                           0x08000243   Thumb Code     0  startup_stm32f407xx.o(.text)
    RTC_Alarm_IRQHandler                     0x08000243   Thumb Code     0  startup_stm32f407xx.o(.text)
    RTC_WKUP_IRQHandler                      0x08000243   Thumb Code     0  startup_stm32f407xx.o(.text)
    SDIO_IRQHandler                          0x08000243   Thumb Code     0  startup_stm32f407xx.o(.text)
    SPI1_IRQHandler                          0x08000243   Thumb Code     0  startup_stm32f407xx.o(.text)
    SPI2_IRQHandler                          0x08000243   Thumb Code     0  startup_stm32f407xx.o(.text)
    SPI3_IRQHandler                          0x08000243   Thumb Code     0  startup_stm32f407xx.o(.text)
    TAMP_STAMP_IRQHandler                    0x08000243   Thumb Code     0  startup_stm32f407xx.o(.text)
    TIM1_BRK_TIM9_IRQHandler                 0x08000243   Thumb Code     0  startup_stm32f407xx.o(.text)
    TIM1_CC_IRQHandler                       0x08000243   Thumb Code     0  startup_stm32f407xx.o(.text)
    TIM1_TRG_COM_TIM11_IRQHandler            0x08000243   Thumb Code     0  startup_stm32f407xx.o(.text)
    TIM1_UP_TIM10_IRQHandler                 0x08000243   Thumb Code     0  startup_stm32f407xx.o(.text)
    TIM2_IRQHandler                          0x08000243   Thumb Code     0  startup_stm32f407xx.o(.text)
    TIM3_IRQHandler                          0x08000243   Thumb Code     0  startup_stm32f407xx.o(.text)
    TIM4_IRQHandler                          0x08000243   Thumb Code     0  startup_stm32f407xx.o(.text)
    TIM5_IRQHandler                          0x08000243   Thumb Code     0  startup_stm32f407xx.o(.text)
    TIM6_DAC_IRQHandler                      0x08000243   Thumb Code     0  startup_stm32f407xx.o(.text)
    TIM7_IRQHandler                          0x08000243   Thumb Code     0  startup_stm32f407xx.o(.text)
    TIM8_BRK_TIM12_IRQHandler                0x08000243   Thumb Code     0  startup_stm32f407xx.o(.text)
    TIM8_CC_IRQHandler                       0x08000243   Thumb Code     0  startup_stm32f407xx.o(.text)
    TIM8_TRG_COM_TIM14_IRQHandler            0x08000243   Thumb Code     0  startup_stm32f407xx.o(.text)
    TIM8_UP_TIM13_IRQHandler                 0x08000243   Thumb Code     0  startup_stm32f407xx.o(.text)
    UART4_IRQHandler                         0x08000243   Thumb Code     0  startup_stm32f407xx.o(.text)
    UART5_IRQHandler                         0x08000243   Thumb Code     0  startup_stm32f407xx.o(.text)
    USART1_IRQHandler                        0x08000243   Thumb Code     0  startup_stm32f407xx.o(.text)
    USART2_IRQHandler                        0x08000243   Thumb Code     0  startup_stm32f407xx.o(.text)
    WWDG_IRQHandler                          0x08000243   Thumb Code     0  startup_stm32f407xx.o(.text)
    __user_initial_stackheap                 0x08000245   Thumb Code     0  startup_stm32f407xx.o(.text)
    __semihosting$guard                      0x08000269   Thumb Code     0  use_no_semi.o(.text)
    __use_no_semihosting_swi                 0x08000269   Thumb Code     2  use_no_semi.o(.text)
    __aeabi_memcpy4                          0x0800026b   Thumb Code     0  rt_memcpy_w.o(.text)
    __aeabi_memcpy8                          0x0800026b   Thumb Code     0  rt_memcpy_w.o(.text)
    __rt_memcpy_w                            0x0800026b   Thumb Code   100  rt_memcpy_w.o(.text)
    _memcpy_lastbytes_aligned                0x080002b3   Thumb Code     0  rt_memcpy_w.o(.text)
    __use_two_region_memory                  0x080002cf   Thumb Code     2  heapauxi.o(.text)
    __rt_heap_escrow$2region                 0x080002d1   Thumb Code     2  heapauxi.o(.text)
    __rt_heap_expand$2region                 0x080002d3   Thumb Code     2  heapauxi.o(.text)
    __user_libspace                          0x080002d5   Thumb Code     8  libspace.o(.text)
    __user_perproc_libspace                  0x080002d5   Thumb Code     0  libspace.o(.text)
    __user_perthread_libspace                0x080002d5   Thumb Code     0  libspace.o(.text)
    __user_setup_stackheap                   0x080002dd   Thumb Code    74  sys_stackheap_outer.o(.text)
    exit                                     0x08000327   Thumb Code    18  exit.o(.text)
    GPIO_Init                                0x08000339   Thumb Code   352  stm32f4xx_gpio.o(i.GPIO_Init)
    GPIO_PinAFConfig                         0x080004e5   Thumb Code   352  stm32f4xx_gpio.o(i.GPIO_PinAFConfig)
    GPIO_SetBits                             0x08000691   Thumb Code   104  stm32f4xx_gpio.o(i.GPIO_SetBits)
    RCC_AHB1PeriphClockCmd                   0x08000745   Thumb Code    70  stm32f4xx_rcc.o(i.RCC_AHB1PeriphClockCmd)
    RCC_APB1PeriphClockCmd                   0x080007b5   Thumb Code    70  stm32f4xx_rcc.o(i.RCC_APB1PeriphClockCmd)
    RCC_APB2PeriphClockCmd                   0x08000821   Thumb Code    70  stm32f4xx_rcc.o(i.RCC_APB2PeriphClockCmd)
    RCC_GetClocksFreq                        0x08000891   Thumb Code   214  stm32f4xx_rcc.o(i.RCC_GetClocksFreq)
    SysTick_Handler                          0x08000979   Thumb Code    12  time_service.o(i.SysTick_Handler)
    SystemInit                               0x08000989   Thumb Code    82  system_stm32f4xx.o(i.SystemInit)
    TIM_BDTRConfig                           0x080009ed   Thumb Code   222  stm32f4xx_tim.o(i.TIM_BDTRConfig)
    TIM_Cmd                                  0x08000af5   Thumb Code   144  stm32f4xx_tim.o(i.TIM_Cmd)
    TIM_CtrlPWMOutputs                       0x08000bd9   Thumb Code    78  stm32f4xx_tim.o(i.TIM_CtrlPWMOutputs)
    TIM_OC1Init                              0x08000c51   Thumb Code   400  stm32f4xx_tim.o(i.TIM_OC1Init)
    TIM_OC2Init                              0x08000e2d   Thumb Code   416  stm32f4xx_tim.o(i.TIM_OC2Init)
    TIM_OC3Init                              0x08001009   Thumb Code   400  stm32f4xx_tim.o(i.TIM_OC3Init)
    TIM_OC4Init                              0x080011cd   Thumb Code   290  stm32f4xx_tim.o(i.TIM_OC4Init)
    TIM_TimeBaseInit                         0x08001325   Thumb Code   278  stm32f4xx_tim.o(i.TIM_TimeBaseInit)
    USART3_IRQHandler                        0x08001491   Thumb Code   148  usart3.o(i.USART3_IRQHandler)
    USART6_IRQHandler                        0x08001541   Thumb Code   148  usart6.o(i.USART6_IRQHandler)
    USART_ClearITPendingBit                  0x080015f1   Thumb Code   188  stm32f4xx_usart.o(i.USART_ClearITPendingBit)
    USART_Cmd                                0x080016f5   Thumb Code   120  stm32f4xx_usart.o(i.USART_Cmd)
    USART_ITConfig                           0x080017b5   Thumb Code   284  stm32f4xx_usart.o(i.USART_ITConfig)
    USART_Init                               0x08001919   Thumb Code   492  stm32f4xx_usart.o(i.USART_Init)
    time_service::init()                     0x08001b51   Thumb Code    90  time_service.o(i._ZN12time_service4initEv)
    time_service::delay_ms(float)            0x08001bb9   Thumb Code    38  time_service.o(i._ZN12time_service8delay_msEf)
    pin::setBit()                            0x08001be5   Thumb Code    16  pin_setup.o(i._ZN3pin6setBitEv)
    pin::pinInit()                           0x08001bf5   Thumb Code   218  pin_setup.o(i._ZN3pin7pinInitEv)
    pin::pwmInit(unsigned, unsigned short, unsigned, unsigned, unsigned char, TIM_TypeDef*) 0x08001cf5   Thumb Code   548  pin_setup.o(i._ZN3pin7pwmInitEjtjjhP11TIM_TypeDef)
    pin::pin(char, unsigned char, unsigned short) 0x08001f4d   Thumb Code   722  pin_setup.o(i._ZN3pinC1Echt)
    pin::pin__sub_object(char, unsigned char, unsigned short) 0x08001f4d   Thumb Code     0  pin_setup.o(i._ZN3pinC1Echt)
    Motor::Motor(char, unsigned char, unsigned short, unsigned char, char, unsigned char, unsigned short, unsigned char) 0x08002245   Thumb Code   502  motor.o(i._ZN5MotorC1Echthchth)
    Motor::Motor__sub_object(char, unsigned char, unsigned short, unsigned char, char, unsigned char, unsigned short, unsigned char) 0x08002245   Thumb Code     0  motor.o(i._ZN5MotorC1Echthchth)
    camera::camera(pin&, pin&)               0x08002469   Thumb Code    82  openmv.o(i._ZN6cameraC1ER3pinS1_)
    camera::camera__sub_object(pin&, pin&)   0x08002469   Thumb Code     0  openmv.o(i._ZN6cameraC1ER3pinS1_)
    motors::motors(Motor&, Motor&, Motor&, Motor&, int) 0x080024bb   Thumb Code    80  motors.o(i._ZN6motorsC1ER5MotorS1_S1_S1_i)
    motors::motors__sub_object(Motor&, Motor&, Motor&, Motor&, int) 0x080024bb   Thumb Code     0  motors.o(i._ZN6motorsC1ER5MotorS1_S1_S1_i)
    usart3::usart3Init()                     0x0800250d   Thumb Code   170  usart3.o(i._ZN6usart310usart3InitEv)
    usart6::usart6Init()                     0x080025d9   Thumb Code   170  usart6.o(i._ZN6usart610usart6InitEv)
    usart6::read()                           0x080026a5   Thumb Code    62  usart6.o(i._ZN6usart64readEv)
    soft_i2c::softI2cInit()                  0x080026ed   Thumb Code    20  soft_i2c.o(i._ZN8soft_i2c11softI2cInitEv)
    soft_i2c::sclHigh()                      0x08002701   Thumb Code    12  soft_i2c.o(i._ZN8soft_i2c7sclHighEv)
    soft_i2c::sdaHigh()                      0x0800270d   Thumb Code    14  soft_i2c.o(i._ZN8soft_i2c7sdaHighEv)
    soft_i2c::soft_i2c(pin&, pin&)           0x0800271b   Thumb Code    46  soft_i2c.o(i._ZN8soft_i2cC1ER3pinS1_)
    soft_i2c::soft_i2c__sub_object(pin&, pin&) 0x0800271b   Thumb Code     0  soft_i2c.o(i._ZN8soft_i2cC1ER3pinS1_)
    IRlocator::IRlocator(soft_i2c&, unsigned) 0x08002749   Thumb Code    30  irlocator.o(i._ZN9IRlocatorC1ER8soft_i2cj)
    IRlocator::IRlocator__sub_object(soft_i2c&, unsigned) 0x08002749   Thumb Code     0  irlocator.o(i._ZN9IRlocatorC1ER8soft_i2cj)
    _sys_exit                                0x08002767   Thumb Code     4  retarget.o(i._sys_exit)
    assert_failed                            0x0800276b   Thumb Code    10  retarget.o(i.assert_failed)
    main                                     0x08002775   Thumb Code   730  main.o(i.main)
    _fp_init                                 0x08002a5d   Thumb Code    10  fpinit.o(x$fpl$fpinit)
    __fplib_config_fpu_vfp                   0x08002a65   Thumb Code     0  fpinit.o(x$fpl$fpinit)
    __fplib_config_pureend_doubles           0x08002a65   Thumb Code     0  fpinit.o(x$fpl$fpinit)
    Region$$Table$$Base                      0x08002aa4   Number         0  anon$$obj.o(Region$$Table)
    Region$$Table$$Limit                     0x08002ac4   Number         0  anon$$obj.o(Region$$Table)
    SystemCoreClock                          0x20000000   Data           4  system_stm32f4xx.o(.data)
    time_service::systemTime                 0x20000014   Data           4  time_service.o(.data)
    usart6::tx                               0x20000018   Data           8  usart6.o(.data)
    usart6::rx                               0x20000020   Data           8  usart6.o(.data)
    usart6::_rxCnt                           0x20000028   Data           2  usart6.o(.data)
    usart6::_txCnt                           0x2000002a   Data           2  usart6.o(.data)
    usart6::flag                             0x2000002c   Data           1  usart6.o(.data)
    usart6::_readCnt                         0x2000002e   Data           2  usart6.o(.data)
    usart6::_sendCnt                         0x20000030   Data           2  usart6.o(.data)
    usart3::tx                               0x20000032   Data           8  usart3.o(.data)
    usart3::rx                               0x2000003a   Data           8  usart3.o(.data)
    usart3::_rxCnt                           0x20000042   Data           2  usart3.o(.data)
    usart3::_txCnt                           0x20000044   Data           2  usart3.o(.data)
    usart3::flag                             0x20000046   Data           1  usart3.o(.data)
    usart3::_readCnt                         0x20000048   Data           2  usart3.o(.data)
    usart3::_sendCnt                         0x2000004a   Data           2  usart3.o(.data)
    __libspace_start                         0x2000004c   Data          96  libspace.o(.bss)
    __temporary_stack_top$libspace           0x200000ac   Data           0  libspace.o(.bss)



==============================================================================

Memory Map of the image

  Image Entry point : 0x08000189

  Load Region LR_IROM1 (Base: 0x08000000, Size: 0x00002b10, Max: 0x00100000, ABSOLUTE)

    Execution Region ER_IROM1 (Exec base: 0x08000000, Load base: 0x08000000, Size: 0x00002ac4, Max: 0x00100000, ABSOLUTE)

    Exec Addr    Load Addr    Size         Type   Attr      Idx    E Section Name        Object

    0x08000000   0x08000000   0x00000188   Data   RO            3    RESET               startup_stm32f407xx.o
    0x08000188   0x08000188   0x00000008   Code   RO         2994  * !!!main             c_w.l(__main.o)
    0x08000190   0x08000190   0x00000034   Code   RO         3236    !!!scatter          c_w.l(__scatter.o)
    0x080001c4   0x080001c4   0x0000001a   Code   RO         3238    !!handler_copy      c_w.l(__scatter_copy.o)
    0x080001de   0x080001de   0x00000002   PAD
    0x080001e0   0x080001e0   0x0000001c   Code   RO         3240    !!handler_zi        c_w.l(__scatter_zi.o)
    0x080001fc   0x080001fc   0x00000002   Code   RO         3116    .ARM.Collect$$libinit$$00000000  c_w.l(libinit.o)
    0x080001fe   0x080001fe   0x00000004   Code   RO         3119    .ARM.Collect$$libinit$$00000001  c_w.l(libinit2.o)
    0x08000202   0x08000202   0x00000000   Code   RO         3122    .ARM.Collect$$libinit$$00000004  c_w.l(libinit2.o)
    0x08000202   0x08000202   0x00000000   Code   RO         3125    .ARM.Collect$$libinit$$0000000A  c_w.l(libinit2.o)
    0x08000202   0x08000202   0x00000000   Code   RO         3127    .ARM.Collect$$libinit$$0000000C  c_w.l(libinit2.o)
    0x08000202   0x08000202   0x00000000   Code   RO         3129    .ARM.Collect$$libinit$$0000000E  c_w.l(libinit2.o)
    0x08000202   0x08000202   0x00000000   Code   RO         3132    .ARM.Collect$$libinit$$00000011  c_w.l(libinit2.o)
    0x08000202   0x08000202   0x00000000   Code   RO         3134    .ARM.Collect$$libinit$$00000013  c_w.l(libinit2.o)
    0x08000202   0x08000202   0x00000000   Code   RO         3136    .ARM.Collect$$libinit$$00000015  c_w.l(libinit2.o)
    0x08000202   0x08000202   0x00000000   Code   RO         3138    .ARM.Collect$$libinit$$00000017  c_w.l(libinit2.o)
    0x08000202   0x08000202   0x00000000   Code   RO         3140    .ARM.Collect$$libinit$$00000019  c_w.l(libinit2.o)
    0x08000202   0x08000202   0x00000000   Code   RO         3142    .ARM.Collect$$libinit$$0000001B  c_w.l(libinit2.o)
    0x08000202   0x08000202   0x00000000   Code   RO         3144    .ARM.Collect$$libinit$$0000001D  c_w.l(libinit2.o)
    0x08000202   0x08000202   0x00000000   Code   RO         3146    .ARM.Collect$$libinit$$0000001F  c_w.l(libinit2.o)
    0x08000202   0x08000202   0x00000000   Code   RO         3148    .ARM.Collect$$libinit$$00000021  c_w.l(libinit2.o)
    0x08000202   0x08000202   0x00000000   Code   RO         3150    .ARM.Collect$$libinit$$00000023  c_w.l(libinit2.o)
    0x08000202   0x08000202   0x00000000   Code   RO         3152    .ARM.Collect$$libinit$$00000025  c_w.l(libinit2.o)
    0x08000202   0x08000202   0x00000000   Code   RO         3156    .ARM.Collect$$libinit$$0000002C  c_w.l(libinit2.o)
    0x08000202   0x08000202   0x00000000   Code   RO         3158    .ARM.Collect$$libinit$$0000002E  c_w.l(libinit2.o)
    0x08000202   0x08000202   0x00000000   Code   RO         3160    .ARM.Collect$$libinit$$00000030  c_w.l(libinit2.o)
    0x08000202   0x08000202   0x00000000   Code   RO         3162    .ARM.Collect$$libinit$$00000032  c_w.l(libinit2.o)
    0x08000202   0x08000202   0x00000002   Code   RO         3163    .ARM.Collect$$libinit$$00000033  c_w.l(libinit2.o)
    0x08000204   0x08000204   0x00000002   Code   RO         3181    .ARM.Collect$$libshutdown$$00000000  c_w.l(libshutdown.o)
    0x08000206   0x08000206   0x00000000   Code   RO         3189    .ARM.Collect$$libshutdown$$00000002  c_w.l(libshutdown2.o)
    0x08000206   0x08000206   0x00000000   Code   RO         3191    .ARM.Collect$$libshutdown$$00000004  c_w.l(libshutdown2.o)
    0x08000206   0x08000206   0x00000000   Code   RO         3193    .ARM.Collect$$libshutdown$$00000006  c_w.l(libshutdown2.o)
    0x08000206   0x08000206   0x00000000   Code   RO         3196    .ARM.Collect$$libshutdown$$00000009  c_w.l(libshutdown2.o)
    0x08000206   0x08000206   0x00000000   Code   RO         3199    .ARM.Collect$$libshutdown$$0000000C  c_w.l(libshutdown2.o)
    0x08000206   0x08000206   0x00000000   Code   RO         3201    .ARM.Collect$$libshutdown$$0000000E  c_w.l(libshutdown2.o)
    0x08000206   0x08000206   0x00000000   Code   RO         3204    .ARM.Collect$$libshutdown$$00000011  c_w.l(libshutdown2.o)
    0x08000206   0x08000206   0x00000002   Code   RO         3205    .ARM.Collect$$libshutdown$$00000012  c_w.l(libshutdown2.o)
    0x08000208   0x08000208   0x00000000   Code   RO         3032    .ARM.Collect$$rtentry$$00000000  c_w.l(__rtentry.o)
    0x08000208   0x08000208   0x00000000   Code   RO         3073    .ARM.Collect$$rtentry$$00000002  c_w.l(__rtentry2.o)
    0x08000208   0x08000208   0x00000006   Code   RO         3085    .ARM.Collect$$rtentry$$00000004  c_w.l(__rtentry4.o)
    0x0800020e   0x0800020e   0x00000000   Code   RO         3075    .ARM.Collect$$rtentry$$00000009  c_w.l(__rtentry2.o)
    0x0800020e   0x0800020e   0x00000004   Code   RO         3076    .ARM.Collect$$rtentry$$0000000A  c_w.l(__rtentry2.o)
    0x08000212   0x08000212   0x00000000   Code   RO         3078    .ARM.Collect$$rtentry$$0000000C  c_w.l(__rtentry2.o)
    0x08000212   0x08000212   0x00000008   Code   RO         3079    .ARM.Collect$$rtentry$$0000000D  c_w.l(__rtentry2.o)
    0x0800021a   0x0800021a   0x00000002   Code   RO         3117    .ARM.Collect$$rtexit$$00000000  c_w.l(rtexit.o)
    0x0800021c   0x0800021c   0x00000000   Code   RO         3165    .ARM.Collect$$rtexit$$00000002  c_w.l(rtexit2.o)
    0x0800021c   0x0800021c   0x00000004   Code   RO         3166    .ARM.Collect$$rtexit$$00000003  c_w.l(rtexit2.o)
    0x08000220   0x08000220   0x00000006   Code   RO         3167    .ARM.Collect$$rtexit$$00000004  c_w.l(rtexit2.o)
    0x08000226   0x08000226   0x00000002   PAD
    0x08000228   0x08000228   0x00000040   Code   RO            4    .text               startup_stm32f407xx.o
    0x08000268   0x08000268   0x00000002   Code   RO         2988    .text               c_w.l(use_no_semi.o)
    0x0800026a   0x0800026a   0x00000064   Code   RO         2990    .text               c_w.l(rt_memcpy_w.o)
    0x080002ce   0x080002ce   0x00000006   Code   RO         2992    .text               c_w.l(heapauxi.o)
    0x080002d4   0x080002d4   0x00000008   Code   RO         3104    .text               c_w.l(libspace.o)
    0x080002dc   0x080002dc   0x0000004a   Code   RO         3107    .text               c_w.l(sys_stackheap_outer.o)
    0x08000326   0x08000326   0x00000012   Code   RO         3109    .text               c_w.l(exit.o)
    0x08000338   0x08000338   0x000001ac   Code   RO          609    i.GPIO_Init         stm32f4xx_gpio.o
    0x080004e4   0x080004e4   0x000001ac   Code   RO          610    i.GPIO_PinAFConfig  stm32f4xx_gpio.o
    0x08000690   0x08000690   0x000000b4   Code   RO          617    i.GPIO_SetBits      stm32f4xx_gpio.o
    0x08000744   0x08000744   0x00000070   Code   RO          713    i.RCC_AHB1PeriphClockCmd  stm32f4xx_rcc.o
    0x080007b4   0x080007b4   0x0000006c   Code   RO          722    i.RCC_APB1PeriphClockCmd  stm32f4xx_rcc.o
    0x08000820   0x08000820   0x00000070   Code   RO          725    i.RCC_APB2PeriphClockCmd  stm32f4xx_rcc.o
    0x08000890   0x08000890   0x000000e8   Code   RO          734    i.RCC_GetClocksFreq  stm32f4xx_rcc.o
    0x08000978   0x08000978   0x00000010   Code   RO         2271    i.SysTick_Handler   time_service.o
    0x08000988   0x08000988   0x00000064   Code   RO           14    i.SystemInit        system_stm32f4xx.o
    0x080009ec   0x080009ec   0x00000108   Code   RO         1059    i.TIM_BDTRConfig    stm32f4xx_tim.o
    0x08000af4   0x08000af4   0x000000e4   Code   RO         1070    i.TIM_Cmd           stm32f4xx_tim.o
    0x08000bd8   0x08000bd8   0x00000078   Code   RO         1072    i.TIM_CtrlPWMOutputs  stm32f4xx_tim.o
    0x08000c50   0x08000c50   0x000001dc   Code   RO         1099    i.TIM_OC1Init       stm32f4xx_tim.o
    0x08000e2c   0x08000e2c   0x000001dc   Code   RO         1104    i.TIM_OC2Init       stm32f4xx_tim.o
    0x08001008   0x08001008   0x000001c4   Code   RO         1109    i.TIM_OC3Init       stm32f4xx_tim.o
    0x080011cc   0x080011cc   0x00000158   Code   RO         1114    i.TIM_OC4Init       stm32f4xx_tim.o
    0x08001324   0x08001324   0x0000016c   Code   RO         1142    i.TIM_TimeBaseInit  stm32f4xx_tim.o
    0x08001490   0x08001490   0x000000b0   Code   RO         2830    i.USART3_IRQHandler  usart3.o
    0x08001540   0x08001540   0x000000b0   Code   RO         2452    i.USART6_IRQHandler  usart6.o
    0x080015f0   0x080015f0   0x00000104   Code   RO         2008    i.USART_ClearITPendingBit  stm32f4xx_usart.o
    0x080016f4   0x080016f4   0x000000c0   Code   RO         2011    i.USART_Cmd         stm32f4xx_usart.o
    0x080017b4   0x080017b4   0x00000164   Code   RO         2017    i.USART_ITConfig    stm32f4xx_usart.o
    0x08001918   0x08001918   0x00000238   Code   RO         2018    i.USART_Init        stm32f4xx_usart.o
    0x08001b50   0x08001b50   0x00000068   Code   RO         2272    i._ZN12time_service4initEv  time_service.o
    0x08001bb8   0x08001bb8   0x0000002c   Code   RO         2273    i._ZN12time_service8delay_msEf  time_service.o
    0x08001be4   0x08001be4   0x00000010   Code   RO         2204    i._ZN3pin6setBitEv  pin_setup.o
    0x08001bf4   0x08001bf4   0x00000100   Code   RO         2205    i._ZN3pin7pinInitEv  pin_setup.o
    0x08001cf4   0x08001cf4   0x00000258   Code   RO         2206    i._ZN3pin7pwmInitEjtjjhP11TIM_TypeDef  pin_setup.o
    0x08001f4c   0x08001f4c   0x000002f8   Code   RO         2209    i._ZN3pinC1Echt     pin_setup.o
    0x08002244   0x08002244   0x00000224   Code   RO         2671    i._ZN5MotorC1Echthchth  motor.o
    0x08002468   0x08002468   0x00000052   Code   RO         2890    i._ZN6cameraC1ER3pinS1_  openmv.o
    0x080024ba   0x080024ba   0x00000050   Code   RO         2780    i._ZN6motorsC1ER5MotorS1_S1_S1_i  motors.o
    0x0800250a   0x0800250a   0x00000002   PAD
    0x0800250c   0x0800250c   0x000000cc   Code   RO         2831    i._ZN6usart310usart3InitEv  usart3.o
    0x080025d8   0x080025d8   0x000000cc   Code   RO         2453    i._ZN6usart610usart6InitEv  usart6.o
    0x080026a4   0x080026a4   0x00000048   Code   RO         2454    i._ZN6usart64readEv  usart6.o
    0x080026ec   0x080026ec   0x00000014   Code   RO         2513    i._ZN8soft_i2c11softI2cInitEv  soft_i2c.o
    0x08002700   0x08002700   0x0000000c   Code   RO         2522    i._ZN8soft_i2c7sclHighEv  soft_i2c.o
    0x0800270c   0x0800270c   0x0000000e   Code   RO         2524    i._ZN8soft_i2c7sdaHighEv  soft_i2c.o
    0x0800271a   0x0800271a   0x0000002e   Code   RO         2529    i._ZN8soft_i2cC1ER3pinS1_  soft_i2c.o
    0x08002748   0x08002748   0x0000001e   Code   RO         2637    i._ZN9IRlocatorC1ER8soft_i2cj  irlocator.o
    0x08002766   0x08002766   0x00000004   Code   RO          154    i._sys_exit         retarget.o
    0x0800276a   0x0800276a   0x0000000a   Code   RO          156    i.assert_failed     retarget.o
    0x08002774   0x08002774   0x000002e8   Code   RO          356    i.main              main.o
    0x08002a5c   0x08002a5c   0x0000000a   Code   RO         3173    x$fpl$fpinit        fz_wm.l(fpinit.o)
    0x08002a66   0x08002a66   0x0000003d   Data   RO          169    .constdata          retarget.o
    0x08002aa3   0x08002aa3   0x00000001   PAD
    0x08002aa4   0x08002aa4   0x00000020   Data   RO         3234    Region$$Table       anon$$obj.o


    Execution Region RW_IRAM1 (Exec base: 0x20000000, Load base: 0x08002ac4, Size: 0x000006b0, Max: 0x00020000, ABSOLUTE)

    Exec Addr    Load Addr    Size         Type   Attr      Idx    E Section Name        Object

    0x20000000   0x08002ac4   0x00000004   Data   RW           16    .data               system_stm32f4xx.o
    0x20000004   0x08002ac8   0x00000010   Data   RW          766    .data               stm32f4xx_rcc.o
    0x20000014   0x08002ad8   0x00000004   Data   RW         2283    .data               time_service.o
    0x20000018   0x08002adc   0x0000001a   Data   RW         2462    .data               usart6.o
    0x20000032   0x08002af6   0x0000001a   Data   RW         2840    .data               usart3.o
    0x2000004c        -       0x00000060   Zero   RW         3105    .bss                c_w.l(libspace.o)
    0x200000ac   0x08002b10   0x00000004   PAD
    0x200000b0        -       0x00000200   Zero   RW            2    HEAP                startup_stm32f407xx.o
    0x200002b0        -       0x00000400   Zero   RW            1    STACK               startup_stm32f407xx.o


==============================================================================

Image component sizes


      Code (inc. data)   RO Data    RW Data    ZI Data      Debug   Object Name

        30          0          0          0          0       1464   irlocator.o
       744         14          0          0          0       8383   main.o
         0          0          0          0          0      15412   misc.o
       548         46          0          0          0       1900   motor.o
        80          0          0          0          0       1820   motors.o
        82          0          0          0          0       1840   openmv.o
      1632        128          0          0          0       5272   pin_setup.o
        14          0         61          0          0     277152   retarget.o
        92          0          0          0          0       3296   soft_i2c.o
        64         26        392          0       1536        880   startup_stm32f407xx.o
      1036        228          0          0          0       9926   stm32f4xx_gpio.o
       564        140          0         16          0      20339   stm32f4xx_rcc.o
      2724        496          0          0          0      26763   stm32f4xx_tim.o
      1376        292          0          0          0      10172   stm32f4xx_usart.o
       100         18          0          4          0     242571   system_stm32f4xx.o
       164         24          0          4          0      32410   time_service.o
       380         62          0         26          0       2056   usart3.o
       452         72          0         26          0      36999   usart6.o

    ----------------------------------------------------------------------
     10084       1546        486         76       1536     698655   Object Totals
         0          0         32          0          0          0   (incl. Generated)
         2          0          1          0          0          0   (incl. Padding)

    ----------------------------------------------------------------------

      Code (inc. data)   RO Data    RW Data    ZI Data      Debug   Library Member Name

         8          0          0          0          0         68   __main.o
         0          0          0          0          0          0   __rtentry.o
        12          0          0          0          0          0   __rtentry2.o
         6          0          0          0          0          0   __rtentry4.o
        52          8          0          0          0          0   __scatter.o
        26          0          0          0          0          0   __scatter_copy.o
        28          0          0          0          0          0   __scatter_zi.o
        18          0          0          0          0         80   exit.o
         6          0          0          0          0        152   heapauxi.o
         2          0          0          0          0          0   libinit.o
         6          0          0          0          0          0   libinit2.o
         2          0          0          0          0          0   libshutdown.o
         2          0          0          0          0          0   libshutdown2.o
         8          4          0          0         96         68   libspace.o
       100          0          0          0          0         80   rt_memcpy_w.o
         2          0          0          0          0          0   rtexit.o
        10          0          0          0          0          0   rtexit2.o
        74          0          0          0          0         80   sys_stackheap_outer.o
         2          0          0          0          0         68   use_no_semi.o
        10          0          0          0          0        116   fpinit.o

    ----------------------------------------------------------------------
       378         12          0          0        100        712   Library Totals
         4          0          0          0          4          0   (incl. Padding)

    ----------------------------------------------------------------------

      Code (inc. data)   RO Data    RW Data    ZI Data      Debug   Library Name

       364         12          0          0         96        596   c_w.l
        10          0          0          0          0        116   fz_wm.l

    ----------------------------------------------------------------------
       378         12          0          0        100        712   Library Totals

    ----------------------------------------------------------------------

==============================================================================


      Code (inc. data)   RO Data    RW Data    ZI Data      Debug   

     10462       1558        486         76       1636     695411   Grand Totals
     10462       1558        486         76       1636     695411   ELF Image Totals
     10462       1558        486         76          0          0   ROM Totals

==============================================================================

    Total RO  Size (Code + RO Data)                10948 (  10.69kB)
    Total RW  Size (RW Data + ZI Data)              1712 (   1.67kB)
    Total ROM Size (Code + RO Data + RW Data)      11024 (  10.77kB)

==============================================================================

