Component: ARM Compiler 5.06 update 7 (build 960) Tool: armlink [4d3601]

==============================================================================

Section Cross References

    startup_stm32f407xx.o(STACK) refers (Special) to heapauxi.o(.text) for __use_two_region_memory
    startup_stm32f407xx.o(HEAP) refers (Special) to heapauxi.o(.text) for __use_two_region_memory
    startup_stm32f407xx.o(RESET) refers (Special) to heapauxi.o(.text) for __use_two_region_memory
    startup_stm32f407xx.o(RESET) refers to startup_stm32f407xx.o(STACK) for __initial_sp
    startup_stm32f407xx.o(RESET) refers to startup_stm32f407xx.o(.text) for Reset_Handler
    startup_stm32f407xx.o(RESET) refers to time_service.o(i.SysTick_Handler) for SysTick_Handler
    startup_stm32f407xx.o(RESET) refers to usart3.o(i.USART3_IRQHandler) for USART3_IRQHandler
    startup_stm32f407xx.o(RESET) refers to usart6.o(i.USART6_IRQHandler) for USART6_IRQHandler
    startup_stm32f407xx.o(.text) refers (Special) to heapauxi.o(.text) for __use_two_region_memory
    startup_stm32f407xx.o(.text) refers to system_stm32f4xx.o(i.SystemInit) for SystemInit
    startup_stm32f407xx.o(.text) refers to __main.o(!!!main) for __main
    startup_stm32f407xx.o(.text) refers to startup_stm32f407xx.o(HEAP) for Heap_Mem
    startup_stm32f407xx.o(.text) refers to startup_stm32f407xx.o(STACK) for Stack_Mem
    system_stm32f4xx.o(i.SystemCoreClockUpdate) refers to system_stm32f4xx.o(.data) for SystemCoreClock
    system_stm32f4xx.o(i.SystemCoreClockUpdate) refers to system_stm32f4xx.o(.constdata) for AHBPrescTable
    retarget.o(.rev16_text) refers (Special) to use_no_semi.o(.text) for __use_no_semihosting_swi
    retarget.o(.revsh_text) refers (Special) to use_no_semi.o(.text) for __use_no_semihosting_swi
    retarget.o(.rrx_text) refers (Special) to use_no_semi.o(.text) for __use_no_semihosting_swi
    retarget.o(i._Z12ITM_SendCharj) refers (Special) to use_no_semi.o(.text) for __use_no_semihosting_swi
    retarget.o(i.__aeabi_atexit) refers (Special) to use_no_semi.o(.text) for __use_no_semihosting_swi
    retarget.o(i._sys_command_string) refers (Special) to use_no_semi.o(.text) for __use_no_semihosting_swi
    retarget.o(i._sys_exit) refers (Special) to use_no_semi.o(.text) for __use_no_semihosting_swi
    retarget.o(i._ttywrch) refers (Special) to use_no_semi.o(.text) for __use_no_semihosting_swi
    retarget.o(i._ttywrch) refers to retarget.o(i._Z12ITM_SendCharj) for ITM_SendChar(unsigned)
    retarget.o(i.assert_failed) refers (Special) to use_no_semi.o(.text) for __use_no_semihosting_swi
    retarget.o(i.ferror) refers (Special) to use_no_semi.o(.text) for __use_no_semihosting_swi
    retarget.o(i.fgetc) refers (Special) to use_no_semi.o(.text) for __use_no_semihosting_swi
    retarget.o(i.fputc) refers (Special) to use_no_semi.o(.text) for __use_no_semihosting_swi
    retarget.o(i.fputc) refers to retarget.o(i._Z12ITM_SendCharj) for ITM_SendChar(unsigned)
    retarget.o(.ARM.exidx) refers (Special) to use_no_semi.o(.text) for __use_no_semihosting_swi
    retarget.o(.ARM.exidx) refers to retarget.o(i._Z12ITM_SendCharj) for i._Z12ITM_SendCharj
    retarget.o(.ARM.exidx) refers (Special) to use_no_semi.o(.text) for __use_no_semihosting_swi
    retarget.o(.ARM.exidx) refers to retarget.o(i.__aeabi_atexit) for i.__aeabi_atexit
    retarget.o(.ARM.exidx) refers (Special) to use_no_semi.o(.text) for __use_no_semihosting_swi
    retarget.o(.ARM.exidx) refers to retarget.o(i.assert_failed) for i.assert_failed
    retarget.o(.ARM.exidx) refers (Special) to use_no_semi.o(.text) for __use_no_semihosting_swi
    retarget.o(.ARM.exidx) refers to retarget.o(i.fputc) for i.fputc
    retarget.o(.ARM.exidx) refers (Special) to use_no_semi.o(.text) for __use_no_semihosting_swi
    retarget.o(.ARM.exidx) refers to retarget.o(i.fgetc) for i.fgetc
    retarget.o(.ARM.exidx) refers (Special) to use_no_semi.o(.text) for __use_no_semihosting_swi
    retarget.o(.ARM.exidx) refers to retarget.o(i.ferror) for i.ferror
    retarget.o(.ARM.exidx) refers (Special) to use_no_semi.o(.text) for __use_no_semihosting_swi
    retarget.o(.ARM.exidx) refers to retarget.o(i._ttywrch) for i._ttywrch
    retarget.o(.ARM.exidx) refers (Special) to use_no_semi.o(.text) for __use_no_semihosting_swi
    retarget.o(.ARM.exidx) refers to retarget.o(i._sys_command_string) for i._sys_command_string
    retarget.o(.ARM.exidx) refers (Special) to use_no_semi.o(.text) for __use_no_semihosting_swi
    retarget.o(.ARM.exidx) refers to retarget.o(i._sys_exit) for i._sys_exit
    retarget.o(.constdata) refers (Special) to use_no_semi.o(.text) for __use_no_semihosting_swi
    retarget.o(.data) refers (Special) to use_no_semi.o(.text) for __use_no_semihosting_swi
    main.o(i.main) refers to motor.o(i._ZN5MotorC1Echthchth) for Motor::Motor(char, unsigned char, unsigned short, unsigned char, char, unsigned char, unsigned short, unsigned char)
[...]
    src\\usart3\\usart3.cpp                  0x00000000   Number         0  usart3.o ABSOLUTE
    src\\usart6\\usart6.cpp                  0x00000000   Number         0  usart6.o ABSOLUTE
    src\adc\adc.cpp                          0x00000000   Number         0  adc.o ABSOLUTE
    src\ball_detecter\ball_detecter.cpp      0x00000000   Number         0  ball_detecter.o ABSOLUTE
    src\dma\dma.cpp                          0x00000000   Number         0  dma.o ABSOLUTE
    src\external\retarget.cpp                0x00000000   Number         0  retarget.o ABSOLUTE
    src\line_sensors\line_sensors.cpp        0x00000000   Number         0  line_sensors.o ABSOLUTE
    src\main\startup_stm32f407xx.s           0x00000000   Number         0  startup_stm32f407xx.o ABSOLUTE
    src\motor\motor.cpp                      0x00000000   Number         0  motor.o ABSOLUTE
    src\motor_pin_setup\Motor_Pin.cpp        0x00000000   Number         0  motor_pin.o ABSOLUTE
    src\motors\motors.cpp                    0x00000000   Number         0  motors.o ABSOLUTE
    src\my_math\my_math.cpp                  0x00000000   Number         0  my_math.o ABSOLUTE
    src\pin_setup\pin_setup.cpp              0x00000000   Number         0  pin_setup.o ABSOLUTE
    src\soft\soft_i2c.cpp                    0x00000000   Number         0  soft_i2c.o ABSOLUTE
    src\spl4\src\misc.c                      0x00000000   Number         0  misc.o ABSOLUTE
    src\spl4\src\stm32f4xx_adc.c             0x00000000   Number         0  stm32f4xx_adc.o ABSOLUTE
    src\spl4\src\stm32f4xx_crc.c             0x00000000   Number         0  stm32f4xx_crc.o ABSOLUTE
    src\spl4\src\stm32f4xx_dma.c             0x00000000   Number         0  stm32f4xx_dma.o ABSOLUTE
    src\spl4\src\stm32f4xx_gpio.c            0x00000000   Number         0  stm32f4xx_gpio.o ABSOLUTE
    src\spl4\src\stm32f4xx_rcc.c             0x00000000   Number         0  stm32f4xx_rcc.o ABSOLUTE
    src\spl4\src\stm32f4xx_tim.c             0x00000000   Number         0  stm32f4xx_tim.o ABSOLUTE
    src\spl4\src\stm32f4xx_usart.c           0x00000000   Number         0  stm32f4xx_usart.o ABSOLUTE
    src\support_pacage\system_stm32f4xx.c    0x00000000   Number         0  system_stm32f4xx.o ABSOLUTE
    src\time_service\time_service.cpp        0x00000000   Number         0  time_service.o ABSOLUTE
    src\usart3\usart3.cpp                    0x00000000   Number         0  usart3.o ABSOLUTE
    src\usart6\usart6.cpp                    0x00000000   Number         0  usart6.o ABSOLUTE
    RESET                                    0x08000000   Section      392  startup_stm32f407xx.o(RESET)
    !!!main                                  0x08000188   Section        8  __main.o(!!!main)
    !!!scatter                               0x08000190   Section       52  __scatter.o(!!!scatter)
    !!handler_copy                           0x080001c4   Section       26  __scatter_copy.o(!!handler_copy)
    !!handler_zi                             0x080001e0   Section       28  __scatter_zi.o(!!handler_zi)
    .ARM.Collect$$libinit$$00000000          0x080001fc   Section        2  libinit.o(.ARM.Collect$$libinit$$00000000)
    .ARM.Collect$$libinit$$00000001          0x080001fe   Section        4  libinit2.o(.ARM.Collect$$libinit$$00000001)
    .ARM.Collect$$libinit$$00000004          0x08000202   Section        0  libinit2.o(.ARM.Collect$$libinit$$00000004)
    .ARM.Collect$$libinit$$0000000A          0x08000202   Section        0  libinit2.o(.ARM.Collect$$libinit$$0000000A)
    .ARM.Collect$$libinit$$0000000C          0x08000202   Section        0  libinit2.o(.ARM.Collect$$libinit$$0000000C)
    .ARM.Collect$$libinit$$0000000E          0x08000202   Section        0  libinit2.o(.ARM.Collect$$libinit$$0000000E)
    .ARM.Collect$$libinit$$00000011          0x08000202   Section        0  libinit2.o(.ARM.Collect$$libinit$$00000011)
    .ARM.Collect$$libinit$$00000013          0x08000202   Section        0  libinit2.o(.ARM.Collect$$libinit$$00000013)
    .ARM.Collect$$libinit$$00000015          0x08000202   Section        0  libinit2.o(.ARM.Collect$$libinit$$00000015)
    .ARM.Collect$$libinit$$00000017          0x08000202   Section        0  libinit2.o(.ARM.Collect$$libinit$$00000017)
    .ARM.Collect$$libinit$$00000019          0x08000202   Section        0  libinit2.o(.ARM.Collect$$libinit$$00000019)
    .ARM.Collect$$libinit$$0000001B          0x08000202   Section        0  libinit2.o(.ARM.Collect$$libinit$$0000001B)
    .ARM.Collect$$libinit$$0000001D          0x08000202   Section        0  libinit2.o(.ARM.Collect$$libinit$$0000001D)
    .ARM.Collect$$libinit$$0000001F          0x08000202   Section        0  libinit2.o(.ARM.Collect$$libinit$$0000001F)
    .ARM.Collect$$libinit$$00000021          0x08000202   Section        0  libinit2.o(.ARM.Collect$$libinit$$00000021)
    .ARM.Collect$$libinit$$00000023          0x08000202   Section        0  libinit2.o(.ARM.Collect$$libinit$$00000023)
    .ARM.Collect$$libinit$$00000025          0x08000202   Section        0  libinit2.o(.ARM.Collect$$libinit$$00000025)
    .ARM.Collect$$libinit$$0000002C          0x08000202   Section        0  libinit2.o(.ARM.Collect$$libinit$$0000002C)
    .ARM.Collect$$libinit$$0000002E          0x08000202   Section        0  libinit2.o(.ARM.Collect$$libinit$$0000002E)
    .ARM.Collect$$libinit$$00000030          0x08000202   Section        0  libinit2.o(.ARM.Collect$$libinit$$00000030)
    .ARM.Collect$$libinit$$00000032          0x08000202   Section        0  libinit2.o(.ARM.Collect$$libinit$$00000032)
    .ARM.Collect$$libinit$$00000033          0x08000202   Section        2  libinit2.o(.ARM.Collect$$libinit$$00000033)
    .ARM.Collect$$libshutdown$$00000000      0x08000204   Section        2  libshutdown.o(.ARM.Collect$$libshutdown$$00000000)
    .ARM.Collect$$libshutdown$$00000002      0x08000206   Section        0  libshutdown2.o(.ARM.Collect$$libshutdown$$00000002)
    .ARM.Collect$$libshutdown$$00000004      0x08000206   Section        0  libshutdown2.o(.ARM.Collect$$libshutdown$$00000004)
    .ARM.Collect$$libshutdown$$00000006      0x08000206   Section        0  libshutdown2.o(.ARM.Collect$$libshutdown$$00000006)
    .ARM.Collect$$libshutdown$$00000009      0x08000206   Section        0  libshutdown2.o(.ARM.Collect$$libshutdown$$00000009)
    .ARM.Collect$$libshutdown$$0000000C      0x08000206   Section        0  libshutdown2.o(.ARM.Collect$$libshutdown$$0000000C)
    .ARM.Collect$$libshutdown$$0000000E      0x08000206   Section        0  libshutdown2.o(.ARM.Collect$$libshutdown$$0000000E)
    .ARM.Collect$$libshutdown$$00000011      0x08000206   Section        0  libshutdown2.o(.ARM.Collect$$libshutdown$$00000011)
    .ARM.Collect$$libshutdown$$00000012      0x08000206   Section        2  libshutdown2.o(.ARM.Collect$$libshutdown$$00000012)
    .ARM.Collect$$rtentry$$00000000          0x08000208   Section        0  __rtentry.o(.ARM.Collect$$rtentry$$00000000)
    .ARM.Collect$$rtentry$$00000002          0x08000208   Section        0  __rtentry2.o(.ARM.Collect$$rtentry$$00000002)
    .ARM.Collect$$rtentry$$00000004          0x08000208   Section        6  __rtentry4.o(.ARM.Collect$$rtentry$$00000004)
    .ARM.Collect$$rtentry$$00000009          0x0800020e   Section        0  __rtentry2.o(.ARM.Collect$$rtentry$$00000009)
    .ARM.Collect$$rtentry$$0000000A          0x0800020e   Section        4  __rtentry2.o(.ARM.Collect$$rtentry$$0000000A)
    .ARM.Collect$$rtentry$$0000000C          0x08000212   Section        0  __rtentry2.o(.ARM.Collect$$rtentry$$0000000C)
    .ARM.Collect$$rtentry$$0000000D          0x08000212   Section        8  __rtentry2.o(.ARM.Collect$$rtentry$$0000000D)
    .ARM.Collect$$rtexit$$00000000           0x0800021a   Section        2  rtexit.o(.ARM.Collect$$rtexit$$00000000)
    .ARM.Collect$$rtexit$$00000002           0x0800021c   Section        0  rtexit2.o(.ARM.Collect$$rtexit$$00000002)
    .ARM.Collect$$rtexit$$00000003           0x0800021c   Section        4  rtexit2.o(.ARM.Collect$$rtexit$$00000003)
    .ARM.Collect$$rtexit$$00000004           0x08000220   Section        6  rtexit2.o(.ARM.Collect$$rtexit$$00000004)
    .text                                    0x08000228   Section       64  startup_stm32f407xx.o(.text)
    $v0                                      0x08000228   Number         0  startup_stm32f407xx.o(.text)
    .text                                    0x08000268   Section        2  use_no_semi.o(.text)
    .text                                    0x0800026a   Section      100  rt_memcpy_w.o(.text)
    .text                                    0x080002ce   Section        0  heapauxi.o(.text)
    .text                                    0x080002d4   Section        0  _rserrno.o(.text)
    .text                                    0x080002ec   Section        8  rt_errno_addr_intlibspace.o(.text)
    .text                                    0x080002f4   Section        8  libspace.o(.text)
    .text                                    0x080002fc   Section       74  sys_stackheap_outer.o(.text)
    .text                                    0x08000346   Section        0  exit.o(.text)
    i.GPIO_Init                              0x08000358   Section        0  stm32f4xx_gpio.o(i.GPIO_Init)
    i.GPIO_PinAFConfig                       0x08000504   Section        0  stm32f4xx_gpio.o(i.GPIO_PinAFConfig)
    i.GPIO_ResetBits                         0x080006b0   Section        0  stm32f4xx_gpio.o(i.GPIO_ResetBits)
    i.GPIO_SetBits                           0x08000764   Section        0  stm32f4xx_gpio.o(i.GPIO_SetBits)
    i.RCC_AHB1PeriphClockCmd                 0x08000818   Section        0  stm32f4xx_rcc.o(i.RCC_AHB1PeriphClockCmd)
    i.RCC_APB1PeriphClockCmd                 0x08000888   Section        0  stm32f4xx_rcc.o(i.RCC_APB1PeriphClockCmd)
    i.RCC_APB2PeriphClockCmd                 0x080008f4   Section        0  stm32f4xx_rcc.o(i.RCC_APB2PeriphClockCmd)
    i.RCC_GetClocksFreq                      0x08000964   Section        0  stm32f4xx_rcc.o(i.RCC_GetClocksFreq)
    i.SysTick_Handler                        0x08000a4c   Section        0  time_service.o(i.SysTick_Handler)
    i.SystemInit                             0x08000a5c   Section        0  system_stm32f4xx.o(i.SystemInit)
    i.TIM_BDTRConfig                         0x08000ac0   Section        0  stm32f4xx_tim.o(i.TIM_BDTRConfig)
    i.TIM_Cmd                                0x08000bc8   Section        0  stm32f4xx_tim.o(i.TIM_Cmd)
    i.TIM_CtrlPWMOutputs                     0x08000cac   Section        0  stm32f4xx_tim.o(i.TIM_CtrlPWMOutputs)
    i.TIM_OC1Init                            0x08000d24   Section        0  stm32f4xx_tim.o(i.TIM_OC1Init)
    i.TIM_OC2Init                            0x08000f00   Section        0  stm32f4xx_tim.o(i.TIM_OC2Init)
    i.TIM_OC3Init                            0x080010dc   Section        0  stm32f4xx_tim.o(i.TIM_OC3Init)
    i.TIM_OC4Init                            0x080012a0   Section        0  stm32f4xx_tim.o(i.TIM_OC4Init)
    i.TIM_SetCompare1                        0x080013f8   Section        0  stm32f4xx_tim.o(i.TIM_SetCompare1)
    i.TIM_SetCompare2                        0x080014a4   Section        0  stm32f4xx_tim.o(i.TIM_SetCompare2)
    i.TIM_SetCompare3                        0x08001528   Section        0  stm32f4xx_tim.o(i.TIM_SetCompare3)
    i.TIM_SetCompare4                        0x08001598   Section        0  stm32f4xx_tim.o(i.TIM_SetCompare4)
    i.TIM_TimeBaseInit                       0x08001608   Section        0  stm32f4xx_tim.o(i.TIM_TimeBaseInit)
    i.USART3_IRQHandler                      0x08001774   Section        0  usart3.o(i.USART3_IRQHandler)
    i.USART6_IRQHandler                      0x08001824   Section        0  usart6.o(i.USART6_IRQHandler)
    i.USART_ClearITPendingBit                0x080018d4   Section        0  stm32f4xx_usart.o(i.USART_ClearITPendingBit)
    i.USART_Cmd                              0x080019d8   Section        0  stm32f4xx_usart.o(i.USART_Cmd)
    i.USART_ITConfig                         0x08001a98   Section        0  stm32f4xx_usart.o(i.USART_ITConfig)
    i.USART_Init                             0x08001bfc   Section        0  stm32f4xx_usart.o(i.USART_Init)
    i._ZN12time_service4initEv               0x08001e34   Section        0  time_service.o(i._ZN12time_service4initEv)
    i._ZN12time_service8delay_msEf           0x08001e9c   Section        0  time_service.o(i._ZN12time_service8delay_msEf)
    i._ZN3pin12getPinNumberEv                0x08001ec8   Section        0  pin_setup.o(i._ZN3pin12getPinNumberEv)
    i._ZN3pin3pwmEj                          0x08001ed0   Section        0  pin_setup.o(i._ZN3pin3pwmEj)
    i._ZN3pin6setBitEv                       0x08001f16   Section        0  pin_setup.o(i._ZN3pin6setBitEv)
    i._ZN3pin7pinInitEv                      0x08001f28   Section        0  pin_setup.o(i._ZN3pin7pinInitEv)
    i._ZN3pin7pwmInitEjtjjhP11TIM_TypeDef    0x08002028   Section        0  pin_setup.o(i._ZN3pin7pwmInitEjtjjhP11TIM_TypeDef)
    i._ZN3pin8getGPIOxEv                     0x08002280   Section        0  pin_setup.o(i._ZN3pin8getGPIOxEv)
    i._ZN3pin8resetBitEv                     0x08002286   Section        0  pin_setup.o(i._ZN3pin8resetBitEv)
    i._ZN3pinC1Echt                          0x08002298   Section        0  pin_setup.o(i._ZN3pinC1Echt)
    i._ZN5Motor9motorMoveEi                  0x08002590   Section        0  motor.o(i._ZN5Motor9motorMoveEi)
    i._ZN5MotorC1Echthchth                   0x080025e4   Section        0  motor.o(i._ZN5MotorC1Echthchth)
    i._ZN6camera4crc8EPhi                    0x08002808   Section        0  openmv.o(i._ZN6camera4crc8EPhi)
    i._ZN6camera7getDataEv                   0x08002842   Section        0  openmv.o(i._ZN6camera7getDataEv)
    i._ZN6cameraC1ER3pinS1_                  0x080028aa   Section        0  openmv.o(i._ZN6cameraC1ER3pinS1_)
    i._ZN6motors9moveRobotEiiiij             0x080028fc   Section        0  motors.o(i._ZN6motors9moveRobotEiiiij)
    i._ZN6motorsC1ER5MotorS1_S1_S1_i         0x08002b14   Section        0  motors.o(i._ZN6motorsC1ER5MotorS1_S1_S1_i)
    i._ZN6usart310usart3InitEv               0x08002b64   Section        0  usart3.o(i._ZN6usart310usart3InitEv)
    i._ZN6usart34readEv                      0x08002c30   Section        0  usart3.o(i._ZN6usart34readEv)
    i._ZN6usart39availableEv                 0x08002c78   Section        0  usart3.o(i._ZN6usart39availableEv)
    i._ZN6usart610usart6InitEv               0x08002cac   Section        0  usart6.o(i._ZN6usart610usart6InitEv)
    i._ZN6usart64readEv                      0x08002d78   Section        0  usart6.o(i._ZN6usart64readEv)
    i._ZN7my_Math20calculate_hypotenuseEii   0x08002dc0   Section        0  my_math.o(i._ZN7my_Math20calculate_hypotenuseEii)
    i._ZN7my_Math6my_absEi                   0x08002e56   Section        0  my_math.o(i._ZN7my_Math6my_absEi)
    i._ZN7my_MathC1Ev                        0x08002e62   Section        0  my_math.o(i._ZN7my_MathC1Ev)
    i._ZN8soft_i2c11softI2cInitEv            0x08002e64   Section        0  soft_i2c.o(i._ZN8soft_i2c11softI2cInitEv)
    i._ZN8soft_i2c12generateStopEv           0x08002e78   Section        0  soft_i2c.o(i._ZN8soft_i2c12generateStopEv)
    i._ZN8soft_i2c13generateStartEv          0x08002eb0   Section        0  soft_i2c.o(i._ZN8soft_i2c13generateStartEv)
    i._ZN8soft_i2c4readEv                    0x08002f06   Section        0  soft_i2c.o(i._ZN8soft_i2c4readEv)
    i._ZN8soft_i2c4sendEh                    0x08002f56   Section        0  soft_i2c.o(i._ZN8soft_i2c4sendEh)
    i._ZN8soft_i2c5delayEv                   0x08002f8e   Section        0  soft_i2c.o(i._ZN8soft_i2c5delayEv)
    i._ZN8soft_i2c6sclLowEv                  0x08002faa   Section        0  soft_i2c.o(i._ZN8soft_i2c6sclLowEv)
    i._ZN8soft_i2c6sdaLowEv                  0x08002fb6   Section        0  soft_i2c.o(i._ZN8soft_i2c6sdaLowEv)
    i._ZN8soft_i2c7readAchEv                 0x08002fc4   Section        0  soft_i2c.o(i._ZN8soft_i2c7readAchEv)
    i._ZN8soft_i2c7sclHighEv                 0x08003008   Section        0  soft_i2c.o(i._ZN8soft_i2c7sclHighEv)
    i._ZN8soft_i2c7sclReadEv                 0x08003014   Section        0  soft_i2c.o(i._ZN8soft_i2c7sclReadEv)
    i._ZN8soft_i2c7sdaHighEv                 0x08003036   Section        0  soft_i2c.o(i._ZN8soft_i2c7sdaHighEv)
    i._ZN8soft_i2c7sdaReadEv                 0x08003044   Section        0  soft_i2c.o(i._ZN8soft_i2c7sdaReadEv)
    i._ZN8soft_i2c8writeBitEb                0x0800306a   Section        0  soft_i2c.o(i._ZN8soft_i2c8writeBitEb)
    i._ZN8soft_i2cC1ER3pinS1_                0x080030a0   Section        0  soft_i2c.o(i._ZN8soft_i2cC1ER3pinS1_)
    i._ZN9IRlocator7getDataEh                0x080030ce   Section        0  irlocator.o(i._ZN9IRlocator7getDataEh)
    i._ZN9IRlocatorC1ER8soft_i2cj            0x0800313a   Section        0  irlocator.o(i._ZN9IRlocatorC1ER8soft_i2cj)
    i._ZSt3absd                              0x08003158   Section        0  main.o(i._ZSt3absd)
    i._ZSt3powdi                             0x08003178   Section        0  my_math.o(i._ZSt3powdi)
    i.__ARM_fpclassify                       0x080031ac   Section        0  fpclassify.o(i.__ARM_fpclassify)
    i.__hardfp_atan                          0x080031e0   Section        0  atan.o(i.__hardfp_atan)
    i.__hardfp_atan2                         0x080034b8   Section        0  atan2.o(i.__hardfp_atan2)
    i.__hardfp_cos                           0x080036b8   Section        0  cos.o(i.__hardfp_cos)
    i.__hardfp_fabs                          0x08003780   Section        0  fabs.o(i.__hardfp_fabs)
    i.__hardfp_pow                           0x08003798   Section        0  pow.o(i.__hardfp_pow)
    i.__hardfp_sqrt                          0x080043e8   Section        0  sqrt.o(i.__hardfp_sqrt)
    i.__ieee754_rem_pio2                     0x08004468   Section        0  rred.o(i.__ieee754_rem_pio2)
    i.__kernel_cos                           0x080048a0   Section        0  cos_i.o(i.__kernel_cos)
    i.__kernel_poly                          0x08004a10   Section        0  poly.o(i.__kernel_poly)
    i.__kernel_sin                           0x08004b08   Section        0  sin_i.o(i.__kernel_sin)
    i.__mathlib_dbl_divzero                  0x08004c38   Section        0  dunder.o(i.__mathlib_dbl_divzero)
    i.__mathlib_dbl_infnan                   0x08004c68   Section        0  dunder.o(i.__mathlib_dbl_infnan)
    i.__mathlib_dbl_infnan2                  0x08004c7c   Section        0  dunder.o(i.__mathlib_dbl_infnan2)
    i.__mathlib_dbl_invalid                  0x08004c90   Section        0  dunder.o(i.__mathlib_dbl_invalid)
    i.__mathlib_dbl_overflow                 0x08004cb0   Section        0  dunder.o(i.__mathlib_dbl_overflow)
    i.__mathlib_dbl_underflow                0x08004cd0   Section        0  dunder.o(i.__mathlib_dbl_underflow)
    i._sys_exit                              0x08004cf0   Section        0  retarget.o(i._sys_exit)
    i.assert_failed                          0x08004cf4   Section        0  retarget.o(i.assert_failed)
    i.atan                                   0x08004cfe   Section        0  atan.o(i.atan)
    i.fabs                                   0x08004d0e   Section        0  fabs.o(i.fabs)
    i.main                                   0x08004d28   Section        0  main.o(i.main)
    i.sqrt                                   0x08006410   Section        0  sqrt.o(i.sqrt)
    x$fpl$basic                              0x0800647e   Section       24  basic.o(x$fpl$basic)
    $v0                                      0x0800647e   Number         0  basic.o(x$fpl$basic)
    x$fpl$dadd                               0x08006498   Section      336  daddsub_clz.o(x$fpl$dadd)
    $v0                                      0x08006498   Number         0  daddsub_clz.o(x$fpl$dadd)
    _dadd1                                   0x080064a9   Thumb Code     0  daddsub_clz.o(x$fpl$dadd)
    x$fpl$dcheck1                            0x080065e8   Section       16  dcheck1.o(x$fpl$dcheck1)
    $v0                                      0x080065e8   Number         0  dcheck1.o(x$fpl$dcheck1)
    x$fpl$dcmpinf                            0x080065f8   Section       24  dcmpi.o(x$fpl$dcmpinf)
    $v0                                      0x080065f8   Number         0  dcmpi.o(x$fpl$dcmpinf)
    x$fpl$ddiv                               0x08006610   Section      688  ddiv.o(x$fpl$ddiv)
    $v0                                      0x08006610   Number         0  ddiv.o(x$fpl$ddiv)
    ddiv_entry                               0x08006617   Thumb Code     0  ddiv.o(x$fpl$ddiv)
    x$fpl$deqf                               0x080068c0   Section      120  deqf.o(x$fpl$deqf)
    $v0                                      0x080068c0   Number         0  deqf.o(x$fpl$deqf)
    x$fpl$dfix                               0x08006938   Section       94  dfix.o(x$fpl$dfix)
    $v0                                      0x08006938   Number         0  dfix.o(x$fpl$dfix)
    x$fpl$dflt                               0x08006996   Section       46  dflt_clz.o(x$fpl$dflt)
    $v0                                      0x08006996   Number         0  dflt_clz.o(x$fpl$dflt)
    x$fpl$dfltu                              0x080069c4   Section       38  dflt_clz.o(x$fpl$dfltu)
    $v0                                      0x080069c4   Number         0  dflt_clz.o(x$fpl$dfltu)
    x$fpl$dleqf                              0x080069ec   Section      120  dleqf.o(x$fpl$dleqf)
    $v0                                      0x080069ec   Number         0  dleqf.o(x$fpl$dleqf)
    x$fpl$dmul                               0x08006a64   Section      340  dmul.o(x$fpl$dmul)
    $v0                                      0x08006a64   Number         0  dmul.o(x$fpl$dmul)
    x$fpl$dnaninf                            0x08006bb8   Section      156  dnaninf.o(x$fpl$dnaninf)
    $v0                                      0x08006bb8   Number         0  dnaninf.o(x$fpl$dnaninf)
    x$fpl$dretinf                            0x08006c54   Section       12  dretinf.o(x$fpl$dretinf)
    $v0                                      0x08006c54   Number         0  dretinf.o(x$fpl$dretinf)
    x$fpl$drleqf                             0x08006c60   Section      108  drleqf.o(x$fpl$drleqf)
    $v0                                      0x08006c60   Number         0  drleqf.o(x$fpl$drleqf)
    x$fpl$drsb                               0x08006ccc   Section       22  daddsub_clz.o(x$fpl$drsb)
    $v0                                      0x08006ccc   Number         0  daddsub_clz.o(x$fpl$drsb)
    x$fpl$dsqrt                              0x08006ce4   Section      408  dsqrt_umaal.o(x$fpl$dsqrt)
    $v0                                      0x08006ce4   Number         0  dsqrt_umaal.o(x$fpl$dsqrt)
    x$fpl$dsub                               0x08006e7c   Section      468  daddsub_clz.o(x$fpl$dsub)
    $v0                                      0x08006e7c   Number         0  daddsub_clz.o(x$fpl$dsub)
    _dsub1                                   0x08006e8d   Thumb Code     0  daddsub_clz.o(x$fpl$dsub)
    x$fpl$fpinit                             0x08007050   Section       10  fpinit.o(x$fpl$fpinit)
    $v0                                      0x08007050   Number         0  fpinit.o(x$fpl$fpinit)
    x$fpl$retnan                             0x0800705a   Section      100  retnan.o(x$fpl$retnan)
    $v0                                      0x0800705a   Number         0  retnan.o(x$fpl$retnan)
    x$fpl$scalbn                             0x080070be   Section       92  scalbn.o(x$fpl$scalbn)
    $v0                                      0x080070be   Number         0  scalbn.o(x$fpl$scalbn)
    x$fpl$trapveneer                         0x0800711a   Section       48  trapv.o(x$fpl$trapveneer)
    $v0                                      0x0800711a   Number         0  trapv.o(x$fpl$trapveneer)
    .constdata                               0x0800714a   Section       61  retarget.o(.constdata)
    x$fpl$usenofp                            0x0800714a   Section        0  usenofp.o(x$fpl$usenofp)
    __tagsym$$used                           0x0800714a   Number         0  retarget.o(.constdata)
    date_time_commit                         0x0800714a   Data          61  retarget.o(.constdata)
    .constdata                               0x08007188   Section      136  pow.o(.constdata)
    bp                                       0x08007188   Data          16  pow.o(.constdata)
    dp_h                                     0x08007198   Data          16  pow.o(.constdata)
    dp_l                                     0x080071a8   Data          16  pow.o(.constdata)
    L                                        0x080071b8   Data          48  pow.o(.constdata)
    P                                        0x080071e8   Data          40  pow.o(.constdata)
    .constdata                               0x08007210   Section      152  atan.o(.constdata)
    atanhi                                   0x08007210   Data          32  atan.o(.constdata)
    atanlo                                   0x08007230   Data          32  atan.o(.constdata)
    aTodd                                    0x08007250   Data          40  atan.o(.constdata)
    aTeven                                   0x08007278   Data          48  atan.o(.constdata)
    .constdata                               0x080072a8   Section       48  cos_i.o(.constdata)
    C                                        0x080072a8   Data          48  cos_i.o(.constdata)
    .constdata                               0x080072d8   Section        8  qnan.o(.constdata)
    .constdata                               0x080072e0   Section      200  rred.o(.constdata)
    pio2s                                    0x080072e0   Data          48  rred.o(.constdata)
    twooverpi                                0x08007310   Data         152  rred.o(.constdata)
    .constdata                               0x080073a8   Section       40  sin_i.o(.constdata)
    S                                        0x080073a8   Data          40  sin_i.o(.constdata)
    .data                                    0x20000000   Section        4  system_stm32f4xx.o(.data)
    .data                                    0x20000004   Section       16  stm32f4xx_rcc.o(.data)
    APBAHBPrescTable                         0x20000004   Data          16  stm32f4xx_rcc.o(.data)
    .data                                    0x20000014   Section        4  time_service.o(.data)
    .data                                    0x20000018   Section       26  usart6.o(.data)
    .data                                    0x20000032   Section       26  usart3.o(.data)
    .bss                                     0x2000004c   Section       96  libspace.o(.bss)
    HEAP                                     0x200000b0   Section      512  startup_stm32f407xx.o(HEAP)
    Heap_Mem                                 0x200000b0   Data         512  startup_stm32f407xx.o(HEAP)
    STACK                                    0x200002b0   Section     1024  startup_stm32f407xx.o(STACK)
    Stack_Mem                                0x200002b0   Data        1024  startup_stm32f407xx.o(STACK)
    __initial_sp                             0x200006b0   Data           0  startup_stm32f407xx.o(STACK)

    Global Symbols

    Symbol Name                              Value     Ov Type        Size  Object(Section)

    BuildAttributes$$THM_ISAv4$E$P$D$K$B$S$7EM$VFPi3$EXTD16$VFPS$VFMA$PE$A:L22UL41UL21$X:L11$S22US41US21$IEEE1$IW$USESV6$~STKCKD$USESV7$~SHL$OTIME$ROPI$IEEEX$EBA8$UX$STANDARDLIB$REQ8$PRES8$EABIv2 0x00000000   Number         0  anon$$obj.o ABSOLUTE
    __ARM_use_no_argv                        0x00000000   Number         0  main.o ABSOLUTE
    __ARM_exceptions_init                     - Undefined Weak Reference
    __alloca_initialize                       - Undefined Weak Reference
    __arm_fini_                               - Undefined Weak Reference
    __arm_preinit_                            - Undefined Weak Reference
    __cpp_initialize__aeabi_                  - Undefined Weak Reference
    __cxa_finalize                            - Undefined Weak Reference
    __rt_locale                               - Undefined Weak Reference
    __sigvec_lookup                           - Undefined Weak Reference
    _atexit_init                              - Undefined Weak Reference
    _call_atexit_fns                          - Undefined Weak Reference
    _clock_init                               - Undefined Weak Reference
    _fp_trap_init                             - Undefined Weak Reference
    _fp_trap_shutdown                         - Undefined Weak Reference
    _get_lc_collate                           - Undefined Weak Reference
    _get_lc_ctype                             - Undefined Weak Reference
    _get_lc_monetary                          - Undefined Weak Reference
    _get_lc_numeric                           - Undefined Weak Reference
    _get_lc_time                              - Undefined Weak Reference
    _getenv_init                              - Undefined Weak Reference
    _handle_redirection                       - Undefined Weak Reference
    _init_alloc                               - Undefined Weak Reference
    _init_user_alloc                          - Undefined Weak Reference
    _initio                                   - Undefined Weak Reference
    _rand_init                                - Undefined Weak Reference
    _signal_finish                            - Undefined Weak Reference
    _signal_init                              - Undefined Weak Reference
    _terminate_alloc                          - Undefined Weak Reference
    _terminate_user_alloc                     - Undefined Weak Reference
    _terminateio                              - Undefined Weak Reference
    __Vectors_Size                           0x00000188   Number         0  startup_stm32f407xx.o ABSOLUTE
    __Vectors                                0x08000000   Data           4  startup_stm32f407xx.o(RESET)
    __Vectors_End                            0x08000188   Data           0  startup_stm32f407xx.o(RESET)
    __main                                   0x08000189   Thumb Code     8  __main.o(!!!main)
    __scatterload                            0x08000191   Thumb Code     0  __scatter.o(!!!scatter)
    __scatterload_rt2                        0x08000191   Thumb Code    44  __scatter.o(!!!scatter)
    __scatterload_rt2_thumb_only             0x08000191   Thumb Code     0  __scatter.o(!!!scatter)
    __scatterload_null                       0x0800019f   Thumb Code     0  __scatter.o(!!!scatter)
    __scatterload_copy                       0x080001c5   Thumb Code    26  __scatter_copy.o(!!handler_copy)
    __scatterload_zeroinit                   0x080001e1   Thumb Code    28  __scatter_zi.o(!!handler_zi)
    __rt_lib_init                            0x080001fd   Thumb Code     0  libinit.o(.ARM.Collect$$libinit$$00000000)
    __rt_lib_init_fp_1                       0x080001ff   Thumb Code     0  libinit2.o(.ARM.Collect$$libinit$$00000001)
    __rt_lib_init_alloca_1                   0x08000203   Thumb Code     0  libinit2.o(.ARM.Collect$$libinit$$0000002E)
    __rt_lib_init_argv_1                     0x08000203   Thumb Code     0  libinit2.o(.ARM.Collect$$libinit$$0000002C)
    __rt_lib_init_atexit_1                   0x08000203   Thumb Code     0  libinit2.o(.ARM.Collect$$libinit$$0000001B)
    __rt_lib_init_clock_1                    0x08000203   Thumb Code     0  libinit2.o(.ARM.Collect$$libinit$$00000021)
    __rt_lib_init_cpp_1                      0x08000203   Thumb Code     0  libinit2.o(.ARM.Collect$$libinit$$00000032)
    __rt_lib_init_exceptions_1               0x08000203   Thumb Code     0  libinit2.o(.ARM.Collect$$libinit$$00000030)
    __rt_lib_init_fp_trap_1                  0x08000203   Thumb Code     0  libinit2.o(.ARM.Collect$$libinit$$0000001F)
    __rt_lib_init_getenv_1                   0x08000203   Thumb Code     0  libinit2.o(.ARM.Collect$$libinit$$00000023)
    __rt_lib_init_heap_1                     0x08000203   Thumb Code     0  libinit2.o(.ARM.Collect$$libinit$$0000000A)
    __rt_lib_init_lc_collate_1               0x08000203   Thumb Code     0  libinit2.o(.ARM.Collect$$libinit$$00000011)
    __rt_lib_init_lc_ctype_1                 0x08000203   Thumb Code     0  libinit2.o(.ARM.Collect$$libinit$$00000013)
    __rt_lib_init_lc_monetary_1              0x08000203   Thumb Code     0  libinit2.o(.ARM.Collect$$libinit$$00000015)
    __rt_lib_init_lc_numeric_1               0x08000203   Thumb Code     0  libinit2.o(.ARM.Collect$$libinit$$00000017)
    __rt_lib_init_lc_time_1                  0x08000203   Thumb Code     0  libinit2.o(.ARM.Collect$$libinit$$00000019)
    __rt_lib_init_preinit_1                  0x08000203   Thumb Code     0  libinit2.o(.ARM.Collect$$libinit$$00000004)
    __rt_lib_init_rand_1                     0x08000203   Thumb Code     0  libinit2.o(.ARM.Collect$$libinit$$0000000E)
    __rt_lib_init_return                     0x08000203   Thumb Code     0  libinit2.o(.ARM.Collect$$libinit$$00000033)
    __rt_lib_init_signal_1                   0x08000203   Thumb Code     0  libinit2.o(.ARM.Collect$$libinit$$0000001D)
    __rt_lib_init_stdio_1                    0x08000203   Thumb Code     0  libinit2.o(.ARM.Collect$$libinit$$00000025)
    __rt_lib_init_user_alloc_1               0x08000203   Thumb Code     0  libinit2.o(.ARM.Collect$$libinit$$0000000C)
    __rt_lib_shutdown                        0x08000205   Thumb Code     0  libshutdown.o(.ARM.Collect$$libshutdown$$00000000)
    __rt_lib_shutdown_cpp_1                  0x08000207   Thumb Code     0  libshutdown2.o(.ARM.Collect$$libshutdown$$00000004)
    __rt_lib_shutdown_fini_1                 0x08000207   Thumb Code     0  libshutdown2.o(.ARM.Collect$$libshutdown$$00000002)
    __rt_lib_shutdown_fp_trap_1              0x08000207   Thumb Code     0  libshutdown2.o(.ARM.Collect$$libshutdown$$00000009)
    __rt_lib_shutdown_heap_1                 0x08000207   Thumb Code     0  libshutdown2.o(.ARM.Collect$$libshutdown$$00000011)
    __rt_lib_shutdown_return                 0x08000207   Thumb Code     0  libshutdown2.o(.ARM.Collect$$libshutdown$$00000012)
    __rt_lib_shutdown_signal_1               0x08000207   Thumb Code     0  libshutdown2.o(.ARM.Collect$$libshutdown$$0000000C)
    __rt_lib_shutdown_stdio_1                0x08000207   Thumb Code     0  libshutdown2.o(.ARM.Collect$$libshutdown$$00000006)
    __rt_lib_shutdown_user_alloc_1           0x08000207   Thumb Code     0  libshutdown2.o(.ARM.Collect$$libshutdown$$0000000E)
    __rt_entry                               0x08000209   Thumb Code     0  __rtentry.o(.ARM.Collect$$rtentry$$00000000)
    __rt_entry_presh_1                       0x08000209   Thumb Code     0  __rtentry2.o(.ARM.Collect$$rtentry$$00000002)
    __rt_entry_sh                            0x08000209   Thumb Code     0  __rtentry4.o(.ARM.Collect$$rtentry$$00000004)
    __rt_entry_li                            0x0800020f   Thumb Code     0  __rtentry2.o(.ARM.Collect$$rtentry$$0000000A)
    __rt_entry_postsh_1                      0x0800020f   Thumb Code     0  __rtentry2.o(.ARM.Collect$$rtentry$$00000009)
    __rt_entry_main                          0x08000213   Thumb Code     0  __rtentry2.o(.ARM.Collect$$rtentry$$0000000D)
    __rt_entry_postli_1                      0x08000213   Thumb Code     0  __rtentry2.o(.ARM.Collect$$rtentry$$0000000C)
    __rt_exit                                0x0800021b   Thumb Code     0  rtexit.o(.ARM.Collect$$rtexit$$00000000)
    __rt_exit_ls                             0x0800021d   Thumb Code     0  rtexit2.o(.ARM.Collect$$rtexit$$00000003)
    __rt_exit_prels_1                        0x0800021d   Thumb Code     0  rtexit2.o(.ARM.Collect$$rtexit$$00000002)
    __rt_exit_exit                           0x08000221   Thumb Code     0  rtexit2.o(.ARM.Collect$$rtexit$$00000004)
    Reset_Handler                            0x08000229   Thumb Code     8  startup_stm32f407xx.o(.text)
    NMI_Handler                              0x08000231   Thumb Code     2  startup_stm32f407xx.o(.text)
    HardFault_Handler                        0x08000233   Thumb Code     2  startup_stm32f407xx.o(.text)
    MemManage_Handler                        0x08000235   Thumb Code     2  startup_stm32f407xx.o(.text)
    BusFault_Handler                         0x08000237   Thumb Code     2  startup_stm32f407xx.o(.text)
    UsageFault_Handler                       0x08000239   Thumb Code     2  startup_stm32f407xx.o(.text)
    SVC_Handler                              0x0800023b   Thumb Code     2  startup_stm32f407xx.o(.text)
    DebugMon_Handler                         0x0800023d   Thumb Code     2  startup_stm32f407xx.o(.text)
    PendSV_Handler                           0x0800023f   Thumb Code     2  startup_stm32f407xx.o(.text)
    ADC_IRQHandler                           0x08000243   Thumb Code     0  startup_stm32f407xx.o(.text)
    CAN1_RX0_IRQHandler                      0x08000243   Thumb Code     0  startup_stm32f407xx.o(.text)
    CAN1_RX1_IRQHandler                      0x08000243   Thumb Code     0  startup_stm32f407xx.o(.text)
    CAN1_SCE_IRQHandler                      0x08000243   Thumb Code     0  startup_stm32f407xx.o(.text)
    CAN1_TX_IRQHandler                       0x08000243   Thumb Code     0  startup_stm32f407xx.o(.text)
    CAN2_RX0_IRQHandler                      0x08000243   Thumb Code     0  startup_stm32f407xx.o(.text)
    CAN2_RX1_IRQHandler                      0x08000243   Thumb Code     0  startup_stm32f407xx.o(.text)
    CAN2_SCE_IRQHandler                      0x08000243   Thumb Code     0  startup_stm32f407xx.o(.text)
    CAN2_TX_IRQHandler                       0x08000243   Thumb Code     0  startup_stm32f407xx.o(.text)
    DCMI_IRQHandler                          0x08000243   Thumb Code     0  startup_stm32f407xx.o(.text)
    DMA1_Stream0_IRQHandler                  0x08000243   Thumb Code     0  startup_stm32f407xx.o(.text)
    DMA1_Stream1_IRQHandler                  0x08000243   Thumb Code     0  startup_stm32f407xx.o(.text)
    DMA1_Stream2_IRQHandler                  0x08000243   Thumb Code     0  startup_stm32f407xx.o(.text)
    DMA1_Stream3_IRQHandler                  0x08000243   Thumb Code     0  startup_stm32f407xx.o(.text)
    DMA1_Stream4_IRQHandler                  0x08000243   Thumb Code     0  startup_stm32f407xx.o(.text)
    DMA1_Stream5_IRQHandler                  0x08000243   Thumb Code     0  startup_stm32f407xx.o(.text)
    DMA1_Stream6_IRQHandler                  0x08000243   Thumb Code     0  startup_stm32f407xx.o(.text)
    DMA1_Stream7_IRQHandler                  0x08000243   Thumb Code     0  startup_stm32f407xx.o(.text)
    DMA2_Stream0_IRQHandler                  0x08000243   Thumb Code     0  startup_stm32f407xx.o(.text)
    DMA2_Stream1_IRQHandler                  0x08000243   Thumb Code     0  startup_stm32f407xx.o(.text)
    DMA2_Stream2_IRQHandler                  0x08000243   Thumb Code     0  startup_stm32f407xx.o(.text)
    DMA2_Stream3_IRQHandler                  0x08000243   Thumb Code     0  startup_stm32f407xx.o(.text)
    DMA2_Stream4_IRQHandler                  0x08000243   Thumb Code     0  startup_stm32f407xx.o(.text)
    DMA2_Stream5_IRQHandler                  0x08000243   Thumb Code     0  startup_stm32f407xx.o(.text)
    DMA2_Stream6_IRQHandler                  0x08000243   Thumb Code     0  startup_stm32f407xx.o(.text)
    DMA2_Stream7_IRQHandler                  0x08000243   Thumb Code     0  startup_stm32f407xx.o(.text)
    ETH_IRQHandler                           0x08000243   Thumb Code     0  startup_stm32f407xx.o(.text)
    ETH_WKUP_IRQHandler                      0x08000243   Thumb Code     0  startup_stm32f407xx.o(.text)
    EXTI0_IRQHandler                         0x08000243   Thumb Code     0  startup_stm32f407xx.o(.text)
    EXTI15_10_IRQHandler                     0x08000243   Thumb Code     0  startup_stm32f407xx.o(.text)
    EXTI1_IRQHandler                         0x08000243   Thumb Code     0  startup_stm32f407xx.o(.text)
    EXTI2_IRQHandler                         0x08000243   Thumb Code     0  startup_stm32f407xx.o(.text)
    EXTI3_IRQHandler                         0x08000243   Thumb Code     0  startup_stm32f407xx.o(.text)
    EXTI4_IRQHandler                         0x08000243   Thumb Code     0  startup_stm32f407xx.o(.text)
    EXTI9_5_IRQHandler                       0x08000243   Thumb Code     0  startup_stm32f407xx.o(.text)
    FLASH_IRQHandler                         0x08000243   Thumb Code     0  startup_stm32f407xx.o(.text)
    FMC_IRQHandler                           0x08000243   Thumb Code     0  startup_stm32f407xx.o(.text)
    FPU_IRQHandler                           0x08000243   Thumb Code     0  startup_stm32f407xx.o(.text)
    HASH_RNG_IRQHandler                      0x08000243   Thumb Code     0  startup_stm32f407xx.o(.text)
    I2C1_ER_IRQHandler                       0x08000243   Thumb Code     0  startup_stm32f407xx.o(.text)
    I2C1_EV_IRQHandler                       0x08000243   Thumb Code     0  startup_stm32f407xx.o(.text)
    I2C2_ER_IRQHandler                       0x08000243   Thumb Code     0  startup_stm32f407xx.o(.text)
    I2C2_EV_IRQHandler                       0x08000243   Thumb Code     0  startup_stm32f407xx.o(.text)
    I2C3_ER_IRQHandler                       0x08000243   Thumb Code     0  startup_stm32f407xx.o(.text)
    I2C3_EV_IRQHandler                       0x08000243   Thumb Code     0  startup_stm32f407xx.o(.text)
    OTG_FS_IRQHandler                        0x08000243   Thumb Code     0  startup_stm32f407xx.o(.text)
    OTG_FS_WKUP_IRQHandler                   0x08000243   Thumb Code     0  startup_stm32f407xx.o(.text)
    OTG_HS_EP1_IN_IRQHandler                 0x08000243   Thumb Code     0  startup_stm32f407xx.o(.text)
    OTG_HS_EP1_OUT_IRQHandler                0x08000243   Thumb Code     0  startup_stm32f407xx.o(.text)
    OTG_HS_IRQHandler                        0x08000243   Thumb Code     0  startup_stm32f407xx.o(.text)
    OTG_HS_WKUP_IRQHandler                   0x08000243   Thumb Code     0  startup_stm32f407xx.o(.text)
    PVD_IRQHandler                           0x08000243   Thumb Code     0  startup_stm32f407xx.o(.text)
    RCC_IRQHandler                           0x08000243   Thumb Code     0  startup_stm32f407xx.o(.text)
    RTC_Alarm_IRQHandler                     0x08000243   Thumb Code     0  startup_stm32f407xx.o(.text)
    RTC_WKUP_IRQHandler                      0x08000243   Thumb Code     0  startup_stm32f407xx.o(.text)
    SDIO_IRQHandler                          0x08000243   Thumb Code     0  startup_stm32f407xx.o(.text)
    SPI1_IRQHandler                          0x08000243   Thumb Code     0  startup_stm32f407xx.o(.text)
    SPI2_IRQHandler                          0x08000243   Thumb Code     0  startup_stm32f407xx.o(.text)
    SPI3_IRQHandler                          0x08000243   Thumb Code     0  startup_stm32f407xx.o(.text)
    TAMP_STAMP_IRQHandler                    0x08000243   Thumb Code     0  startup_stm32f407xx.o(.text)
    TIM1_BRK_TIM9_IRQHandler                 0x08000243   Thumb Code     0  startup_stm32f407xx.o(.text)
    TIM1_CC_IRQHandler                       0x08000243   Thumb Code     0  startup_stm32f407xx.o(.text)
    TIM1_TRG_COM_TIM11_IRQHandler            0x08000243   Thumb Code     0  startup_stm32f407xx.o(.text)
    TIM1_UP_TIM10_IRQHandler                 0x08000243   Thumb Code     0  startup_stm32f407xx.o(.text)
    TIM2_IRQHandler                          0x08000243   Thumb Code     0  startup_stm32f407xx.o(.text)
    TIM3_IRQHandler                          0x08000243   Thumb Code     0  startup_stm32f407xx.o(.text)
    TIM4_IRQHandler                          0x08000243   Thumb Code     0  startup_stm32f407xx.o(.text)
    TIM5_IRQHandler                          0x08000243   Thumb Code     0  startup_stm32f407xx.o(.text)
    TIM6_DAC_IRQHandler                      0x08000243   Thumb Code     0  startup_stm32f407xx.o(.text)
    TIM7_IRQHandler                          0x08000243   Thumb Code     0  startup_stm32f407xx.o(.text)
    TIM8_BRK_TIM12_IRQHandler                0x08000243   Thumb Code     0  startup_stm32f407xx.o(.text)
    TIM8_CC_IRQHandler                       0x08000243   Thumb Code     0  startup_stm32f407xx.o(.text)
    TIM8_TRG_COM_TIM14_IRQHandler            0x08000243   Thumb Code     0  startup_stm32f407xx.o(.text)
    TIM8_UP_TIM13_IRQHandler                 0x08000243   Thumb Code     0  startup_stm32f407xx.o(.text)
    UART4_IRQHandler                         0x08000243   Thumb Code     0  startup_stm32f407xx.o(.text)
    UART5_IRQHandler                         0x08000243   Thumb Code     0  startup_stm32f407xx.o(.text)
    USART1_IRQHandler                        0x08000243   Thumb Code     0  startup_stm32f407xx.o(.text)
    USART2_IRQHandler                        0x08000243   Thumb Code     0  startup_stm32f407xx.o(.text)
    WWDG_IRQHandler                          0x08000243   Thumb Code     0  startup_stm32f407xx.o(.text)
    __user_initial_stackheap                 0x08000245   Thumb Code     0  startup_stm32f407xx.o(.text)
    __semihosting$guard                      0x08000269   Thumb Code     0  use_no_semi.o(.text)
    __use_no_semihosting_swi                 0x08000269   Thumb Code     2  use_no_semi.o(.text)
    __aeabi_memcpy4                          0x0800026b   Thumb Code     0  rt_memcpy_w.o(.text)
    __aeabi_memcpy8                          0x0800026b   Thumb Code     0  rt_memcpy_w.o(.text)
    __rt_memcpy_w                            0x0800026b   Thumb Code   100  rt_memcpy_w.o(.text)
    _memcpy_lastbytes_aligned                0x080002b3   Thumb Code     0  rt_memcpy_w.o(.text)
    __use_two_region_memory                  0x080002cf   Thumb Code     2  heapauxi.o(.text)
    __rt_heap_escrow$2region                 0x080002d1   Thumb Code     2  heapauxi.o(.text)
    __rt_heap_expand$2region                 0x080002d3   Thumb Code     2  heapauxi.o(.text)
    __read_errno                             0x080002d5   Thumb Code    10  _rserrno.o(.text)
    __set_errno                              0x080002df   Thumb Code    12  _rserrno.o(.text)
    __aeabi_errno_addr                       0x080002ed   Thumb Code     8  rt_errno_addr_intlibspace.o(.text)
    __errno$intlibspace                      0x080002ed   Thumb Code     0  rt_errno_addr_intlibspace.o(.text)
    __rt_errno_addr$intlibspace              0x080002ed   Thumb Code     0  rt_errno_addr_intlibspace.o(.text)
    __user_libspace                          0x080002f5   Thumb Code     8  libspace.o(.text)
    __user_perproc_libspace                  0x080002f5   Thumb Code     0  libspace.o(.text)
    __user_perthread_libspace                0x080002f5   Thumb Code     0  libspace.o(.text)
    __user_setup_stackheap                   0x080002fd   Thumb Code    74  sys_stackheap_outer.o(.text)
    exit                                     0x08000347   Thumb Code    18  exit.o(.text)
    GPIO_Init                                0x08000359   Thumb Code   352  stm32f4xx_gpio.o(i.GPIO_Init)
    GPIO_PinAFConfig                         0x08000505   Thumb Code   352  stm32f4xx_gpio.o(i.GPIO_PinAFConfig)
    GPIO_ResetBits                           0x080006b1   Thumb Code   104  stm32f4xx_gpio.o(i.GPIO_ResetBits)
    GPIO_SetBits                             0x08000765   Thumb Code   104  stm32f4xx_gpio.o(i.GPIO_SetBits)
    RCC_AHB1PeriphClockCmd                   0x08000819   Thumb Code    70  stm32f4xx_rcc.o(i.RCC_AHB1PeriphClockCmd)
    RCC_APB1PeriphClockCmd                   0x08000889   Thumb Code    70  stm32f4xx_rcc.o(i.RCC_APB1PeriphClockCmd)
    RCC_APB2PeriphClockCmd                   0x080008f5   Thumb Code    70  stm32f4xx_rcc.o(i.RCC_APB2PeriphClockCmd)
    RCC_GetClocksFreq                        0x08000965   Thumb Code   214  stm32f4xx_rcc.o(i.RCC_GetClocksFreq)
    SysTick_Handler                          0x08000a4d   Thumb Code    12  time_service.o(i.SysTick_Handler)
    SystemInit                               0x08000a5d   Thumb Code    82  system_stm32f4xx.o(i.SystemInit)
    TIM_BDTRConfig                           0x08000ac1   Thumb Code   222  stm32f4xx_tim.o(i.TIM_BDTRConfig)
    TIM_Cmd                                  0x08000bc9   Thumb Code   144  stm32f4xx_tim.o(i.TIM_Cmd)
    TIM_CtrlPWMOutputs                       0x08000cad   Thumb Code    78  stm32f4xx_tim.o(i.TIM_CtrlPWMOutputs)
    TIM_OC1Init                              0x08000d25   Thumb Code   400  stm32f4xx_tim.o(i.TIM_OC1Init)
    TIM_OC2Init                              0x08000f01   Thumb Code   416  stm32f4xx_tim.o(i.TIM_OC2Init)
    TIM_OC3Init                              0x080010dd   Thumb Code   400  stm32f4xx_tim.o(i.TIM_OC3Init)
    TIM_OC4Init                              0x080012a1   Thumb Code   290  stm32f4xx_tim.o(i.TIM_OC4Init)
    TIM_SetCompare1                          0x080013f9   Thumb Code    94  stm32f4xx_tim.o(i.TIM_SetCompare1)
    TIM_SetCompare2                          0x080014a5   Thumb Code    70  stm32f4xx_tim.o(i.TIM_SetCompare2)
    TIM_SetCompare3                          0x08001529   Thumb Code    58  stm32f4xx_tim.o(i.TIM_SetCompare3)
    TIM_SetCompare4                          0x08001599   Thumb Code    58  stm32f4xx_tim.o(i.TIM_SetCompare4)
    TIM_TimeBaseInit                         0x08001609   Thumb Code   278  stm32f4xx_tim.o(i.TIM_TimeBaseInit)
    USART3_IRQHandler                        0x08001775   Thumb Code   148  usart3.o(i.USART3_IRQHandler)
    USART6_IRQHandler                        0x08001825   Thumb Code   148  usart6.o(i.USART6_IRQHandler)
    USART_ClearITPendingBit                  0x080018d5   Thumb Code   188  stm32f4xx_usart.o(i.USART_ClearITPendingBit)
    USART_Cmd                                0x080019d9   Thumb Code   120  stm32f4xx_usart.o(i.USART_Cmd)
    USART_ITConfig                           0x08001a99   Thumb Code   284  stm32f4xx_usart.o(i.USART_ITConfig)
    USART_Init                               0x08001bfd   Thumb Code   492  stm32f4xx_usart.o(i.USART_Init)
    time_service::init()                     0x08001e35   Thumb Code    90  time_service.o(i._ZN12time_service4initEv)
    time_service::delay_ms(float)            0x08001e9d   Thumb Code    38  time_service.o(i._ZN12time_service8delay_msEf)
    pin::getPinNumber()                      0x08001ec9   Thumb Code     8  pin_setup.o(i._ZN3pin12getPinNumberEv)
    pin::pwm(unsigned)                       0x08001ed1   Thumb Code    70  pin_setup.o(i._ZN3pin3pwmEj)
    pin::setBit()                            0x08001f17   Thumb Code    16  pin_setup.o(i._ZN3pin6setBitEv)
    pin::pinInit()                           0x08001f29   Thumb Code   218  pin_setup.o(i._ZN3pin7pinInitEv)
    pin::pwmInit(unsigned, unsigned short, unsigned, unsigned, unsigned char, TIM_TypeDef*) 0x08002029   Thumb Code   548  pin_setup.o(i._ZN3pin7pwmInitEjtjjhP11TIM_TypeDef)
    pin::getGPIOx()                          0x08002281   Thumb Code     6  pin_setup.o(i._ZN3pin8getGPIOxEv)
    pin::resetBit()                          0x08002287   Thumb Code    16  pin_setup.o(i._ZN3pin8resetBitEv)
    pin::pin(char, unsigned char, unsigned short) 0x08002299   Thumb Code   722  pin_setup.o(i._ZN3pinC1Echt)
    pin::pin__sub_object(char, unsigned char, unsigned short) 0x08002299   Thumb Code     0  pin_setup.o(i._ZN3pinC1Echt)
    Motor::motorMove(int)                    0x08002591   Thumb Code    80  motor.o(i._ZN5Motor9motorMoveEi)
    Motor::Motor(char, unsigned char, unsigned short, unsigned char, char, unsigned char, unsigned short, unsigned char) 0x080025e5   Thumb Code   502  motor.o(i._ZN5MotorC1Echthchth)
    Motor::Motor__sub_object(char, unsigned char, unsigned short, unsigned char, char, unsigned char, unsigned short, unsigned char) 0x080025e5   Thumb Code     0  motor.o(i._ZN5MotorC1Echthchth)
    camera::crc8(unsigned char*, int)        0x08002809   Thumb Code    58  openmv.o(i._ZN6camera4crc8EPhi)
    camera::getData()                        0x08002843   Thumb Code   104  openmv.o(i._ZN6camera7getDataEv)
    camera::camera(pin&, pin&)               0x080028ab   Thumb Code    82  openmv.o(i._ZN6cameraC1ER3pinS1_)
    camera::camera__sub_object(pin&, pin&)   0x080028ab   Thumb Code     0  openmv.o(i._ZN6cameraC1ER3pinS1_)
    motors::moveRobot(int, int, int, int, unsigned) 0x080028fd   Thumb Code   510  motors.o(i._ZN6motors9moveRobotEiiiij)
    motors::motors(Motor&, Motor&, Motor&, Motor&, int) 0x08002b15   Thumb Code    80  motors.o(i._ZN6motorsC1ER5MotorS1_S1_S1_i)
    motors::motors__sub_object(Motor&, Motor&, Motor&, Motor&, int) 0x08002b15   Thumb Code     0  motors.o(i._ZN6motorsC1ER5MotorS1_S1_S1_i)
    usart3::usart3Init()                     0x08002b65   Thumb Code   170  usart3.o(i._ZN6usart310usart3InitEv)
    usart3::read()                           0x08002c31   Thumb Code    62  usart3.o(i._ZN6usart34readEv)
    usart3::available()                      0x08002c79   Thumb Code    44  usart3.o(i._ZN6usart39availableEv)
    usart6::usart6Init()                     0x08002cad   Thumb Code   170  usart6.o(i._ZN6usart610usart6InitEv)
    usart6::read()                           0x08002d79   Thumb Code    62  usart6.o(i._ZN6usart64readEv)
    my_Math::calculate_hypotenuse(int, int)  0x08002dc1   Thumb Code   150  my_math.o(i._ZN7my_Math20calculate_hypotenuseEii)
    my_Math::my_abs(int)                     0x08002e57   Thumb Code    12  my_math.o(i._ZN7my_Math6my_absEi)
    my_Math::my_Math()                       0x08002e63   Thumb Code     2  my_math.o(i._ZN7my_MathC1Ev)
    my_Math::my_Math__sub_object()           0x08002e63   Thumb Code     0  my_math.o(i._ZN7my_MathC1Ev)
    soft_i2c::softI2cInit()                  0x08002e65   Thumb Code    20  soft_i2c.o(i._ZN8soft_i2c11softI2cInitEv)
    soft_i2c::generateStop()                 0x08002e79   Thumb Code    56  soft_i2c.o(i._ZN8soft_i2c12generateStopEv)
    soft_i2c::generateStart()                0x08002eb1   Thumb Code    86  soft_i2c.o(i._ZN8soft_i2c13generateStartEv)
    soft_i2c::read()                         0x08002f07   Thumb Code    80  soft_i2c.o(i._ZN8soft_i2c4readEv)
    soft_i2c::send(unsigned char)            0x08002f57   Thumb Code    56  soft_i2c.o(i._ZN8soft_i2c4sendEh)
    soft_i2c::delay()                        0x08002f8f   Thumb Code    28  soft_i2c.o(i._ZN8soft_i2c5delayEv)
    soft_i2c::sclLow()                       0x08002fab   Thumb Code    12  soft_i2c.o(i._ZN8soft_i2c6sclLowEv)
    soft_i2c::sdaLow()                       0x08002fb7   Thumb Code    14  soft_i2c.o(i._ZN8soft_i2c6sdaLowEv)
    soft_i2c::readAch()                      0x08002fc5   Thumb Code    68  soft_i2c.o(i._ZN8soft_i2c7readAchEv)
    soft_i2c::sclHigh()                      0x08003009   Thumb Code    12  soft_i2c.o(i._ZN8soft_i2c7sclHighEv)
    soft_i2c::sclRead()                      0x08003015   Thumb Code    34  soft_i2c.o(i._ZN8soft_i2c7sclReadEv)
    soft_i2c::sdaHigh()                      0x08003037   Thumb Code    14  soft_i2c.o(i._ZN8soft_i2c7sdaHighEv)
    soft_i2c::sdaRead()                      0x08003045   Thumb Code    38  soft_i2c.o(i._ZN8soft_i2c7sdaReadEv)
    soft_i2c::writeBit(bool)                 0x0800306b   Thumb Code    54  soft_i2c.o(i._ZN8soft_i2c8writeBitEb)
    soft_i2c::soft_i2c(pin&, pin&)           0x080030a1   Thumb Code    46  soft_i2c.o(i._ZN8soft_i2cC1ER3pinS1_)
    soft_i2c::soft_i2c__sub_object(pin&, pin&) 0x080030a1   Thumb Code     0  soft_i2c.o(i._ZN8soft_i2cC1ER3pinS1_)
    IRlocator::getData(unsigned char)        0x080030cf   Thumb Code   108  irlocator.o(i._ZN9IRlocator7getDataEh)
    IRlocator::IRlocator(soft_i2c&, unsigned) 0x0800313b   Thumb Code    30  irlocator.o(i._ZN9IRlocatorC1ER8soft_i2cj)
    IRlocator::IRlocator__sub_object(soft_i2c&, unsigned) 0x0800313b   Thumb Code     0  irlocator.o(i._ZN9IRlocatorC1ER8soft_i2cj)
    std::abs(double)                         0x08003159   Thumb Code    32  main.o(i._ZSt3absd)
    std::pow(double, int)                    0x08003179   Thumb Code    52  my_math.o(i._ZSt3powdi)
    __ARM_fpclassify                         0x080031ad   Thumb Code    48  fpclassify.o(i.__ARM_fpclassify)
    __hardfp_atan                            0x080031e1   Thumb Code   622  atan.o(i.__hardfp_atan)
    __hardfp_atan2                           0x080034b9   Thumb Code   448  atan2.o(i.__hardfp_atan2)
    __hardfp_cos                             0x080036b9   Thumb Code   180  cos.o(i.__hardfp_cos)
    __hardfp_fabs                            0x08003781   Thumb Code    20  fabs.o(i.__hardfp_fabs)
    __hardfp_pow                             0x08003799   Thumb Code  3072  pow.o(i.__hardfp_pow)
    __hardfp_sqrt                            0x080043e9   Thumb Code   122  sqrt.o(i.__hardfp_sqrt)
    __ieee754_rem_pio2                       0x08004469   Thumb Code   938  rred.o(i.__ieee754_rem_pio2)
    __kernel_cos                             0x080048a1   Thumb Code   322  cos_i.o(i.__kernel_cos)
    __kernel_poly                            0x08004a11   Thumb Code   248  poly.o(i.__kernel_poly)
    __kernel_sin                             0x08004b09   Thumb Code   280  sin_i.o(i.__kernel_sin)
    __mathlib_dbl_divzero                    0x08004c39   Thumb Code    28  dunder.o(i.__mathlib_dbl_divzero)
    __mathlib_dbl_infnan                     0x08004c69   Thumb Code    20  dunder.o(i.__mathlib_dbl_infnan)
    __mathlib_dbl_infnan2                    0x08004c7d   Thumb Code    20  dunder.o(i.__mathlib_dbl_infnan2)
    __mathlib_dbl_invalid                    0x08004c91   Thumb Code    24  dunder.o(i.__mathlib_dbl_invalid)
    __mathlib_dbl_overflow                   0x08004cb1   Thumb Code    24  dunder.o(i.__mathlib_dbl_overflow)
    __mathlib_dbl_underflow                  0x08004cd1   Thumb Code    24  dunder.o(i.__mathlib_dbl_underflow)
    _sys_exit                                0x08004cf1   Thumb Code     4  retarget.o(i._sys_exit)
    assert_failed                            0x08004cf5   Thumb Code    10  retarget.o(i.assert_failed)
    atan                                     0x08004cff   Thumb Code    16  atan.o(i.atan)
    fabs                                     0x08004d0f   Thumb Code    24  fabs.o(i.fabs)
    main                                     0x08004d29   Thumb Code  5842  main.o(i.main)
    sqrt                                     0x08006411   Thumb Code   110  sqrt.o(i.sqrt)
    __aeabi_dneg                             0x0800647f   Thumb Code     0  basic.o(x$fpl$basic)
    _dneg                                    0x0800647f   Thumb Code     6  basic.o(x$fpl$basic)
    __aeabi_fneg                             0x08006485   Thumb Code     0  basic.o(x$fpl$basic)
    _fneg                                    0x08006485   Thumb Code     6  basic.o(x$fpl$basic)
    _dabs                                    0x0800648b   Thumb Code     6  basic.o(x$fpl$basic)
    _fabs                                    0x08006491   Thumb Code     6  basic.o(x$fpl$basic)
    __aeabi_dadd                             0x08006499   Thumb Code     0  daddsub_clz.o(x$fpl$dadd)
    _dadd                                    0x08006499   Thumb Code   332  daddsub_clz.o(x$fpl$dadd)
    __fpl_dcheck_NaN1                        0x080065e9   Thumb Code    10  dcheck1.o(x$fpl$dcheck1)
    __fpl_dcmp_Inf                           0x080065f9   Thumb Code    24  dcmpi.o(x$fpl$dcmpinf)
    __aeabi_ddiv                             0x08006611   Thumb Code     0  ddiv.o(x$fpl$ddiv)
    _ddiv                                    0x08006611   Thumb Code   552  ddiv.o(x$fpl$ddiv)
    __aeabi_cdcmpeq                          0x080068c1   Thumb Code     0  deqf.o(x$fpl$deqf)
    _dcmpeq                                  0x080068c1   Thumb Code   120  deqf.o(x$fpl$deqf)
    __aeabi_d2iz                             0x08006939   Thumb Code     0  dfix.o(x$fpl$dfix)
    _dfix                                    0x08006939   Thumb Code    94  dfix.o(x$fpl$dfix)
    __aeabi_i2d                              0x08006997   Thumb Code     0  dflt_clz.o(x$fpl$dflt)
    _dflt                                    0x08006997   Thumb Code    46  dflt_clz.o(x$fpl$dflt)
    __aeabi_ui2d                             0x080069c5   Thumb Code     0  dflt_clz.o(x$fpl$dfltu)
    _dfltu                                   0x080069c5   Thumb Code    38  dflt_clz.o(x$fpl$dfltu)
    __aeabi_cdcmple                          0x080069ed   Thumb Code     0  dleqf.o(x$fpl$dleqf)
    _dcmple                                  0x080069ed   Thumb Code   120  dleqf.o(x$fpl$dleqf)
    __fpl_dcmple_InfNaN                      0x08006a4f   Thumb Code     0  dleqf.o(x$fpl$dleqf)
    __aeabi_dmul                             0x08006a65   Thumb Code     0  dmul.o(x$fpl$dmul)
    _dmul                                    0x08006a65   Thumb Code   332  dmul.o(x$fpl$dmul)
    __fpl_dnaninf                            0x08006bb9   Thumb Code   156  dnaninf.o(x$fpl$dnaninf)
    __fpl_dretinf                            0x08006c55   Thumb Code    12  dretinf.o(x$fpl$dretinf)
    __aeabi_cdrcmple                         0x08006c61   Thumb Code     0  drleqf.o(x$fpl$drleqf)
    _drcmple                                 0x08006c61   Thumb Code   108  drleqf.o(x$fpl$drleqf)
    __aeabi_drsub                            0x08006ccd   Thumb Code     0  daddsub_clz.o(x$fpl$drsb)
    _drsb                                    0x08006ccd   Thumb Code    22  daddsub_clz.o(x$fpl$drsb)
    _dsqrt                                   0x08006ce5   Thumb Code   404  dsqrt_umaal.o(x$fpl$dsqrt)
    __aeabi_dsub                             0x08006e7d   Thumb Code     0  daddsub_clz.o(x$fpl$dsub)
    _dsub                                    0x08006e7d   Thumb Code   464  daddsub_clz.o(x$fpl$dsub)
    _fp_init                                 0x08007051   Thumb Code    10  fpinit.o(x$fpl$fpinit)
    __fplib_config_fpu_vfp                   0x08007059   Thumb Code     0  fpinit.o(x$fpl$fpinit)
    __fplib_config_pureend_doubles           0x08007059   Thumb Code     0  fpinit.o(x$fpl$fpinit)
    __fpl_return_NaN                         0x0800705b   Thumb Code   100  retnan.o(x$fpl$retnan)
    __ARM_scalbn                             0x080070bf   Thumb Code    92  scalbn.o(x$fpl$scalbn)
    __fpl_cmpreturn                          0x0800711b   Thumb Code    48  trapv.o(x$fpl$trapveneer)
    __I$use$fp                               0x0800714a   Number         0  usenofp.o(x$fpl$usenofp)
    __mathlib_zero                           0x080072d8   Data           8  qnan.o(.constdata)
    Region$$Table$$Base                      0x080073d0   Number         0  anon$$obj.o(Region$$Table)
    Region$$Table$$Limit                     0x080073f0   Number         0  anon$$obj.o(Region$$Table)
    SystemCoreClock                          0x20000000   Data           4  system_stm32f4xx.o(.data)
    time_service::systemTime                 0x20000014   Data           4  time_service.o(.data)
    usart6::tx                               0x20000018   Data           8  usart6.o(.data)
    usart6::rx                               0x20000020   Data           8  usart6.o(.data)
    usart6::_rxCnt                           0x20000028   Data           2  usart6.o(.data)
    usart6::_txCnt                           0x2000002a   Data           2  usart6.o(.data)
    usart6::flag                             0x2000002c   Data           1  usart6.o(.data)
    usart6::_readCnt                         0x2000002e   Data           2  usart6.o(.data)
    usart6::_sendCnt                         0x20000030   Data           2  usart6.o(.data)
    usart3::tx                               0x20000032   Data           8  usart3.o(.data)
    usart3::rx                               0x2000003a   Data           8  usart3.o(.data)
    usart3::_rxCnt                           0x20000042   Data           2  usart3.o(.data)
    usart3::_txCnt                           0x20000044   Data           2  usart3.o(.data)
    usart3::flag                             0x20000046   Data           1  usart3.o(.data)
    usart3::_readCnt                         0x20000048   Data           2  usart3.o(.data)
    usart3::_sendCnt                         0x2000004a   Data           2  usart3.o(.data)
    __libspace_start                         0x2000004c   Data          96  libspace.o(.bss)
    __temporary_stack_top$libspace           0x200000ac   Data           0  libspace.o(.bss)



==============================================================================

Memory Map of the image

  Image Entry point : 0x08000189

  Load Region LR_IROM1 (Base: 0x08000000, Size: 0x0000743c, Max: 0x00100000, ABSOLUTE)

    Execution Region ER_IROM1 (Exec base: 0x08000000, Load base: 0x08000000, Size: 0x000073f0, Max: 0x00100000, ABSOLUTE)

    Exec Addr    Load Addr    Size         Type   Attr      Idx    E Section Name        Object

    0x08000000   0x08000000   0x00000188   Data   RO            3    RESET               startup_stm32f407xx.o
    0x08000188   0x08000188   0x00000008   Code   RO         3365  * !!!main             c_w.l(__main.o)
    0x08000190   0x08000190   0x00000034   Code   RO         3722    !!!scatter          c_w.l(__scatter.o)
    0x080001c4   0x080001c4   0x0000001a   Code   RO         3724    !!handler_copy      c_w.l(__scatter_copy.o)
    0x080001de   0x080001de   0x00000002   PAD
    0x080001e0   0x080001e0   0x0000001c   Code   RO         3726    !!handler_zi        c_w.l(__scatter_zi.o)
    0x080001fc   0x080001fc   0x00000002   Code   RO         3598    .ARM.Collect$$libinit$$00000000  c_w.l(libinit.o)
    0x080001fe   0x080001fe   0x00000004   Code   RO         3603    .ARM.Collect$$libinit$$00000001  c_w.l(libinit2.o)
    0x08000202   0x08000202   0x00000000   Code   RO         3606    .ARM.Collect$$libinit$$00000004  c_w.l(libinit2.o)
    0x08000202   0x08000202   0x00000000   Code   RO         3609    .ARM.Collect$$libinit$$0000000A  c_w.l(libinit2.o)
    0x08000202   0x08000202   0x00000000   Code   RO         3611    .ARM.Collect$$libinit$$0000000C  c_w.l(libinit2.o)
    0x08000202   0x08000202   0x00000000   Code   RO         3613    .ARM.Collect$$libinit$$0000000E  c_w.l(libinit2.o)
    0x08000202   0x08000202   0x00000000   Code   RO         3616    .ARM.Collect$$libinit$$00000011  c_w.l(libinit2.o)
    0x08000202   0x08000202   0x00000000   Code   RO         3618    .ARM.Collect$$libinit$$00000013  c_w.l(libinit2.o)
    0x08000202   0x08000202   0x00000000   Code   RO         3620    .ARM.Collect$$libinit$$00000015  c_w.l(libinit2.o)
    0x08000202   0x08000202   0x00000000   Code   RO         3622    .ARM.Collect$$libinit$$00000017  c_w.l(libinit2.o)
    0x08000202   0x08000202   0x00000000   Code   RO         3624    .ARM.Collect$$libinit$$00000019  c_w.l(libinit2.o)
    0x08000202   0x08000202   0x00000000   Code   RO         3626    .ARM.Collect$$libinit$$0000001B  c_w.l(libinit2.o)
    0x08000202   0x08000202   0x00000000   Code   RO         3628    .ARM.Collect$$libinit$$0000001D  c_w.l(libinit2.o)
    0x08000202   0x08000202   0x00000000   Code   RO         3630    .ARM.Collect$$libinit$$0000001F  c_w.l(libinit2.o)
    0x08000202   0x08000202   0x00000000   Code   RO         3632    .ARM.Collect$$libinit$$00000021  c_w.l(libinit2.o)
    0x08000202   0x08000202   0x00000000   Code   RO         3634    .ARM.Collect$$libinit$$00000023  c_w.l(libinit2.o)
    0x08000202   0x08000202   0x00000000   Code   RO         3636    .ARM.Collect$$libinit$$00000025  c_w.l(libinit2.o)
    0x08000202   0x08000202   0x00000000   Code   RO         3640    .ARM.Collect$$libinit$$0000002C  c_w.l(libinit2.o)
    0x08000202   0x08000202   0x00000000   Code   RO         3642    .ARM.Collect$$libinit$$0000002E  c_w.l(libinit2.o)
    0x08000202   0x08000202   0x00000000   Code   RO         3644    .ARM.Collect$$libinit$$00000030  c_w.l(libinit2.o)
    0x08000202   0x08000202   0x00000000   Code   RO         3646    .ARM.Collect$$libinit$$00000032  c_w.l(libinit2.o)
    0x08000202   0x08000202   0x00000002   Code   RO         3647    .ARM.Collect$$libinit$$00000033  c_w.l(libinit2.o)
    0x08000204   0x08000204   0x00000002   Code   RO         3667    .ARM.Collect$$libshutdown$$00000000  c_w.l(libshutdown.o)
    0x08000206   0x08000206   0x00000000   Code   RO         3675    .ARM.Collect$$libshutdown$$00000002  c_w.l(libshutdown2.o)
    0x08000206   0x08000206   0x00000000   Code   RO         3677    .ARM.Collect$$libshutdown$$00000004  c_w.l(libshutdown2.o)
    0x08000206   0x08000206   0x00000000   Code   RO         3679    .ARM.Collect$$libshutdown$$00000006  c_w.l(libshutdown2.o)
    0x08000206   0x08000206   0x00000000   Code   RO         3682    .ARM.Collect$$libshutdown$$00000009  c_w.l(libshutdown2.o)
    0x08000206   0x08000206   0x00000000   Code   RO         3685    .ARM.Collect$$libshutdown$$0000000C  c_w.l(libshutdown2.o)
    0x08000206   0x08000206   0x00000000   Code   RO         3687    .ARM.Collect$$libshutdown$$0000000E  c_w.l(libshutdown2.o)
    0x08000206   0x08000206   0x00000000   Code   RO         3690    .ARM.Collect$$libshutdown$$00000011  c_w.l(libshutdown2.o)
    0x08000206   0x08000206   0x00000002   Code   RO         3691    .ARM.Collect$$libshutdown$$00000012  c_w.l(libshutdown2.o)
    0x08000208   0x08000208   0x00000000   Code   RO         3501    .ARM.Collect$$rtentry$$00000000  c_w.l(__rtentry.o)
    0x08000208   0x08000208   0x00000000   Code   RO         3565    .ARM.Collect$$rtentry$$00000002  c_w.l(__rtentry2.o)
    0x08000208   0x08000208   0x00000006   Code   RO         3577    .ARM.Collect$$rtentry$$00000004  c_w.l(__rtentry4.o)
    0x0800020e   0x0800020e   0x00000000   Code   RO         3567    .ARM.Collect$$rtentry$$00000009  c_w.l(__rtentry2.o)
    0x0800020e   0x0800020e   0x00000004   Code   RO         3568    .ARM.Collect$$rtentry$$0000000A  c_w.l(__rtentry2.o)
    0x08000212   0x08000212   0x00000000   Code   RO         3570    .ARM.Collect$$rtentry$$0000000C  c_w.l(__rtentry2.o)
    0x08000212   0x08000212   0x00000008   Code   RO         3571    .ARM.Collect$$rtentry$$0000000D  c_w.l(__rtentry2.o)
    0x0800021a   0x0800021a   0x00000002   Code   RO         3601    .ARM.Collect$$rtexit$$00000000  c_w.l(rtexit.o)
    0x0800021c   0x0800021c   0x00000000   Code   RO         3651    .ARM.Collect$$rtexit$$00000002  c_w.l(rtexit2.o)
    0x0800021c   0x0800021c   0x00000004   Code   RO         3652    .ARM.Collect$$rtexit$$00000003  c_w.l(rtexit2.o)
    0x08000220   0x08000220   0x00000006   Code   RO         3653    .ARM.Collect$$rtexit$$00000004  c_w.l(rtexit2.o)
    0x08000226   0x08000226   0x00000002   PAD
    0x08000228   0x08000228   0x00000040   Code   RO            4    .text               startup_stm32f407xx.o
    0x08000268   0x08000268   0x00000002   Code   RO         3359    .text               c_w.l(use_no_semi.o)
    0x0800026a   0x0800026a   0x00000064   Code   RO         3361    .text               c_w.l(rt_memcpy_w.o)
    0x080002ce   0x080002ce   0x00000006   Code   RO         3363    .text               c_w.l(heapauxi.o)
    0x080002d4   0x080002d4   0x00000016   Code   RO         3502    .text               c_w.l(_rserrno.o)
    0x080002ea   0x080002ea   0x00000002   PAD
    0x080002ec   0x080002ec   0x00000008   Code   RO         3582    .text               c_w.l(rt_errno_addr_intlibspace.o)
    0x080002f4   0x080002f4   0x00000008   Code   RO         3586    .text               c_w.l(libspace.o)
    0x080002fc   0x080002fc   0x0000004a   Code   RO         3589    .text               c_w.l(sys_stackheap_outer.o)
    0x08000346   0x08000346   0x00000012   Code   RO         3591    .text               c_w.l(exit.o)
    0x08000358   0x08000358   0x000001ac   Code   RO          738    i.GPIO_Init         stm32f4xx_gpio.o
    0x08000504   0x08000504   0x000001ac   Code   RO          739    i.GPIO_PinAFConfig  stm32f4xx_gpio.o
    0x080006b0   0x080006b0   0x000000b4   Code   RO          745    i.GPIO_ResetBits    stm32f4xx_gpio.o
    0x08000764   0x08000764   0x000000b4   Code   RO          746    i.GPIO_SetBits      stm32f4xx_gpio.o
    0x08000818   0x08000818   0x00000070   Code   RO          842    i.RCC_AHB1PeriphClockCmd  stm32f4xx_rcc.o
    0x08000888   0x08000888   0x0000006c   Code   RO          851    i.RCC_APB1PeriphClockCmd  stm32f4xx_rcc.o
    0x080008f4   0x080008f4   0x00000070   Code   RO          854    i.RCC_APB2PeriphClockCmd  stm32f4xx_rcc.o
    0x08000964   0x08000964   0x000000e8   Code   RO          863    i.RCC_GetClocksFreq  stm32f4xx_rcc.o
    0x08000a4c   0x08000a4c   0x00000010   Code   RO         2404    i.SysTick_Handler   time_service.o
    0x08000a5c   0x08000a5c   0x00000064   Code   RO           14    i.SystemInit        system_stm32f4xx.o
    0x08000ac0   0x08000ac0   0x00000108   Code   RO         1188    i.TIM_BDTRConfig    stm32f4xx_tim.o
    0x08000bc8   0x08000bc8   0x000000e4   Code   RO         1199    i.TIM_Cmd           stm32f4xx_tim.o
    0x08000cac   0x08000cac   0x00000078   Code   RO         1201    i.TIM_CtrlPWMOutputs  stm32f4xx_tim.o
    0x08000d24   0x08000d24   0x000001dc   Code   RO         1228    i.TIM_OC1Init       stm32f4xx_tim.o
    0x08000f00   0x08000f00   0x000001dc   Code   RO         1233    i.TIM_OC2Init       stm32f4xx_tim.o
    0x080010dc   0x080010dc   0x000001c4   Code   RO         1238    i.TIM_OC3Init       stm32f4xx_tim.o
    0x080012a0   0x080012a0   0x00000158   Code   RO         1243    i.TIM_OC4Init       stm32f4xx_tim.o
    0x080013f8   0x080013f8   0x000000ac   Code   RO         1261    i.TIM_SetCompare1   stm32f4xx_tim.o
    0x080014a4   0x080014a4   0x00000084   Code   RO         1262    i.TIM_SetCompare2   stm32f4xx_tim.o
    0x08001528   0x08001528   0x00000070   Code   RO         1263    i.TIM_SetCompare3   stm32f4xx_tim.o
    0x08001598   0x08001598   0x00000070   Code   RO         1264    i.TIM_SetCompare4   stm32f4xx_tim.o
    0x08001608   0x08001608   0x0000016c   Code   RO         1271    i.TIM_TimeBaseInit  stm32f4xx_tim.o
    0x08001774   0x08001774   0x000000b0   Code   RO         3020    i.USART3_IRQHandler  usart3.o
    0x08001824   0x08001824   0x000000b0   Code   RO         2591    i.USART6_IRQHandler  usart6.o
    0x080018d4   0x080018d4   0x00000104   Code   RO         2137    i.USART_ClearITPendingBit  stm32f4xx_usart.o
    0x080019d8   0x080019d8   0x000000c0   Code   RO         2140    i.USART_Cmd         stm32f4xx_usart.o
    0x08001a98   0x08001a98   0x00000164   Code   RO         2146    i.USART_ITConfig    stm32f4xx_usart.o
    0x08001bfc   0x08001bfc   0x00000238   Code   RO         2147    i.USART_Init        stm32f4xx_usart.o
    0x08001e34   0x08001e34   0x00000068   Code   RO         2405    i._ZN12time_service4initEv  time_service.o
    0x08001e9c   0x08001e9c   0x0000002c   Code   RO         2406    i._ZN12time_service8delay_msEf  time_service.o
    0x08001ec8   0x08001ec8   0x00000008   Code   RO         2331    i._ZN3pin12getPinNumberEv  pin_setup.o
    0x08001ed0   0x08001ed0   0x00000046   Code   RO         2332    i._ZN3pin3pwmEj     pin_setup.o
    0x08001f16   0x08001f16   0x00000010   Code   RO         2333    i._ZN3pin6setBitEv  pin_setup.o
    0x08001f26   0x08001f26   0x00000002   PAD
    0x08001f28   0x08001f28   0x00000100   Code   RO         2334    i._ZN3pin7pinInitEv  pin_setup.o
    0x08002028   0x08002028   0x00000258   Code   RO         2335    i._ZN3pin7pwmInitEjtjjhP11TIM_TypeDef  pin_setup.o
    0x08002280   0x08002280   0x00000006   Code   RO         2336    i._ZN3pin8getGPIOxEv  pin_setup.o
    0x08002286   0x08002286   0x00000010   Code   RO         2337    i._ZN3pin8resetBitEv  pin_setup.o
    0x08002296   0x08002296   0x00000002   PAD
    0x08002298   0x08002298   0x000002f8   Code   RO         2338    i._ZN3pinC1Echt     pin_setup.o
    0x08002590   0x08002590   0x00000054   Code   RO         2812    i._ZN5Motor9motorMoveEi  motor.o
    0x080025e4   0x080025e4   0x00000224   Code   RO         2813    i._ZN5MotorC1Echthchth  motor.o
    0x08002808   0x08002808   0x0000003a   Code   RO         3078    i._ZN6camera4crc8EPhi  openmv.o
    0x08002842   0x08002842   0x00000068   Code   RO         3079    i._ZN6camera7getDataEv  openmv.o
    0x080028aa   0x080028aa   0x00000052   Code   RO         3080    i._ZN6cameraC1ER3pinS1_  openmv.o
    0x080028fc   0x080028fc   0x00000218   Code   RO         2920    i._ZN6motors9moveRobotEiiiij  motors.o
    0x08002b14   0x08002b14   0x00000050   Code   RO         2922    i._ZN6motorsC1ER5MotorS1_S1_S1_i  motors.o
    0x08002b64   0x08002b64   0x000000cc   Code   RO         3021    i._ZN6usart310usart3InitEv  usart3.o
    0x08002c30   0x08002c30   0x00000048   Code   RO         3022    i._ZN6usart34readEv  usart3.o
    0x08002c78   0x08002c78   0x00000034   Code   RO         3024    i._ZN6usart39availableEv  usart3.o
    0x08002cac   0x08002cac   0x000000cc   Code   RO         2592    i._ZN6usart610usart6InitEv  usart6.o
    0x08002d78   0x08002d78   0x00000048   Code   RO         2593    i._ZN6usart64readEv  usart6.o
    0x08002dc0   0x08002dc0   0x00000096   Code   RO         3181    i._ZN7my_Math20calculate_hypotenuseEii  my_math.o
    0x08002e56   0x08002e56   0x0000000c   Code   RO         3187    i._ZN7my_Math6my_absEi  my_math.o
    0x08002e62   0x08002e62   0x00000002   Code   RO         3188    i._ZN7my_MathC1Ev   my_math.o
    0x08002e64   0x08002e64   0x00000014   Code   RO         2652    i._ZN8soft_i2c11softI2cInitEv  soft_i2c.o
    0x08002e78   0x08002e78   0x00000038   Code   RO         2653    i._ZN8soft_i2c12generateStopEv  soft_i2c.o
    0x08002eb0   0x08002eb0   0x00000056   Code   RO         2654    i._ZN8soft_i2c13generateStartEv  soft_i2c.o
    0x08002f06   0x08002f06   0x00000050   Code   RO         2655    i._ZN8soft_i2c4readEv  soft_i2c.o
    0x08002f56   0x08002f56   0x00000038   Code   RO         2656    i._ZN8soft_i2c4sendEh  soft_i2c.o
    0x08002f8e   0x08002f8e   0x0000001c   Code   RO         2657    i._ZN8soft_i2c5delayEv  soft_i2c.o
    0x08002faa   0x08002faa   0x0000000c   Code   RO         2658    i._ZN8soft_i2c6sclLowEv  soft_i2c.o
    0x08002fb6   0x08002fb6   0x0000000e   Code   RO         2659    i._ZN8soft_i2c6sdaLowEv  soft_i2c.o
    0x08002fc4   0x08002fc4   0x00000044   Code   RO         2660    i._ZN8soft_i2c7readAchEv  soft_i2c.o
    0x08003008   0x08003008   0x0000000c   Code   RO         2661    i._ZN8soft_i2c7sclHighEv  soft_i2c.o
    0x08003014   0x08003014   0x00000022   Code   RO         2662    i._ZN8soft_i2c7sclReadEv  soft_i2c.o
    0x08003036   0x08003036   0x0000000e   Code   RO         2663    i._ZN8soft_i2c7sdaHighEv  soft_i2c.o
    0x08003044   0x08003044   0x00000026   Code   RO         2664    i._ZN8soft_i2c7sdaReadEv  soft_i2c.o
    0x0800306a   0x0800306a   0x00000036   Code   RO         2667    i._ZN8soft_i2c8writeBitEb  soft_i2c.o
    0x080030a0   0x080030a0   0x0000002e   Code   RO         2668    i._ZN8soft_i2cC1ER3pinS1_  soft_i2c.o
    0x080030ce   0x080030ce   0x0000006c   Code   RO         2775    i._ZN9IRlocator7getDataEh  irlocator.o
    0x0800313a   0x0800313a   0x0000001e   Code   RO         2776    i._ZN9IRlocatorC1ER8soft_i2cj  irlocator.o
    0x08003158   0x08003158   0x00000020   Code   RO          375    i._ZSt3absd         main.o
    0x08003178   0x08003178   0x00000034   Code   RO         3251    i._ZSt3powdi        my_math.o
    0x080031ac   0x080031ac   0x00000030   Code   RO         3548    i.__ARM_fpclassify  m_wm.l(fpclassify.o)
    0x080031dc   0x080031dc   0x00000004   PAD
    0x080031e0   0x080031e0   0x000002d8   Code   RO         3517    i.__hardfp_atan     m_wm.l(atan.o)
    0x080034b8   0x080034b8   0x00000200   Code   RO         3427    i.__hardfp_atan2    m_wm.l(atan2.o)
    0x080036b8   0x080036b8   0x000000c8   Code   RO         3439    i.__hardfp_cos      m_wm.l(cos.o)
    0x08003780   0x08003780   0x00000014   Code   RO         3451    i.__hardfp_fabs     m_wm.l(fabs.o)
    0x08003794   0x08003794   0x00000004   PAD
    0x08003798   0x08003798   0x00000c50   Code   RO         3463    i.__hardfp_pow      m_wm.l(pow.o)
    0x080043e8   0x080043e8   0x0000007a   Code   RO         3489    i.__hardfp_sqrt     m_wm.l(sqrt.o)
    0x08004462   0x08004462   0x00000006   PAD
    0x08004468   0x08004468   0x00000438   Code   RO         3553    i.__ieee754_rem_pio2  m_wm.l(rred.o)
    0x080048a0   0x080048a0   0x00000170   Code   RO         3531    i.__kernel_cos      m_wm.l(cos_i.o)
    0x08004a10   0x08004a10   0x000000f8   Code   RO         3550    i.__kernel_poly     m_wm.l(poly.o)
    0x08004b08   0x08004b08   0x00000130   Code   RO         3558    i.__kernel_sin      m_wm.l(sin_i.o)
    0x08004c38   0x08004c38   0x00000030   Code   RO         3534    i.__mathlib_dbl_divzero  m_wm.l(dunder.o)
    0x08004c68   0x08004c68   0x00000014   Code   RO         3535    i.__mathlib_dbl_infnan  m_wm.l(dunder.o)
    0x08004c7c   0x08004c7c   0x00000014   Code   RO         3536    i.__mathlib_dbl_infnan2  m_wm.l(dunder.o)
    0x08004c90   0x08004c90   0x00000020   Code   RO         3537    i.__mathlib_dbl_invalid  m_wm.l(dunder.o)
    0x08004cb0   0x08004cb0   0x00000020   Code   RO         3538    i.__mathlib_dbl_overflow  m_wm.l(dunder.o)
    0x08004cd0   0x08004cd0   0x00000020   Code   RO         3540    i.__mathlib_dbl_underflow  m_wm.l(dunder.o)
    0x08004cf0   0x08004cf0   0x00000004   Code   RO          154    i._sys_exit         retarget.o
    0x08004cf4   0x08004cf4   0x0000000a   Code   RO          156    i.assert_failed     retarget.o
    0x08004cfe   0x08004cfe   0x00000010   Code   RO         3519    i.atan              m_wm.l(atan.o)
    0x08004d0e   0x08004d0e   0x00000018   Code   RO         3453    i.fabs              m_wm.l(fabs.o)
    0x08004d26   0x08004d26   0x00000002   PAD
    0x08004d28   0x08004d28   0x000016e8   Code   RO          356    i.main              main.o
    0x08006410   0x08006410   0x0000006e   Code   RO         3491    i.sqrt              m_wm.l(sqrt.o)
    0x0800647e   0x0800647e   0x00000018   Code   RO         3504    x$fpl$basic         fz_wm.l(basic.o)
    0x08006496   0x08006496   0x00000002   PAD
    0x08006498   0x08006498   0x00000150   Code   RO         3367    x$fpl$dadd          fz_wm.l(daddsub_clz.o)
    0x080065e8   0x080065e8   0x00000010   Code   RO         3584    x$fpl$dcheck1       fz_wm.l(dcheck1.o)
    0x080065f8   0x080065f8   0x00000018   Code   RO         3506    x$fpl$dcmpinf       fz_wm.l(dcmpi.o)
    0x08006610   0x08006610   0x000002b0   Code   RO         3374    x$fpl$ddiv          fz_wm.l(ddiv.o)
    0x080068c0   0x080068c0   0x00000078   Code   RO         3377    x$fpl$deqf          fz_wm.l(deqf.o)
    0x08006938   0x08006938   0x0000005e   Code   RO         3379    x$fpl$dfix          fz_wm.l(dfix.o)
    0x08006996   0x08006996   0x0000002e   Code   RO         3388    x$fpl$dflt          fz_wm.l(dflt_clz.o)
    0x080069c4   0x080069c4   0x00000026   Code   RO         3387    x$fpl$dfltu         fz_wm.l(dflt_clz.o)
    0x080069ea   0x080069ea   0x00000002   PAD
    0x080069ec   0x080069ec   0x00000078   Code   RO         3393    x$fpl$dleqf         fz_wm.l(dleqf.o)
    0x08006a64   0x08006a64   0x00000154   Code   RO         3395    x$fpl$dmul          fz_wm.l(dmul.o)
    0x08006bb8   0x08006bb8   0x0000009c   Code   RO         3508    x$fpl$dnaninf       fz_wm.l(dnaninf.o)
    0x08006c54   0x08006c54   0x0000000c   Code   RO         3510    x$fpl$dretinf       fz_wm.l(dretinf.o)
    0x08006c60   0x08006c60   0x0000006c   Code   RO         3397    x$fpl$drleqf        fz_wm.l(drleqf.o)
    0x08006ccc   0x08006ccc   0x00000016   Code   RO         3368    x$fpl$drsb          fz_wm.l(daddsub_clz.o)
    0x08006ce2   0x08006ce2   0x00000002   PAD
    0x08006ce4   0x08006ce4   0x00000198   Code   RO         3512    x$fpl$dsqrt         fz_wm.l(dsqrt_umaal.o)
    0x08006e7c   0x08006e7c   0x000001d4   Code   RO         3369    x$fpl$dsub          fz_wm.l(daddsub_clz.o)
    0x08007050   0x08007050   0x0000000a   Code   RO         3659    x$fpl$fpinit        fz_wm.l(fpinit.o)
    0x0800705a   0x0800705a   0x00000064   Code   RO         3599    x$fpl$retnan        fz_wm.l(retnan.o)
    0x080070be   0x080070be   0x0000005c   Code   RO         3514    x$fpl$scalbn        fz_wm.l(scalbn.o)
    0x0800711a   0x0800711a   0x00000030   Code   RO         3648    x$fpl$trapveneer    fz_wm.l(trapv.o)
    0x0800714a   0x0800714a   0x00000000   Code   RO         3516    x$fpl$usenofp       fz_wm.l(usenofp.o)
    0x0800714a   0x0800714a   0x0000003d   Data   RO          169    .constdata          retarget.o
    0x08007187   0x08007187   0x00000001   PAD
    0x08007188   0x08007188   0x00000088   Data   RO         3466    .constdata          m_wm.l(pow.o)
    0x08007210   0x08007210   0x00000098   Data   RO         3520    .constdata          m_wm.l(atan.o)
    0x080072a8   0x080072a8   0x00000030   Data   RO         3532    .constdata          m_wm.l(cos_i.o)
    0x080072d8   0x080072d8   0x00000008   Data   RO         3552    .constdata          m_wm.l(qnan.o)
    0x080072e0   0x080072e0   0x000000c8   Data   RO         3555    .constdata          m_wm.l(rred.o)
    0x080073a8   0x080073a8   0x00000028   Data   RO         3559    .constdata          m_wm.l(sin_i.o)
    0x080073d0   0x080073d0   0x00000020   Data   RO         3720    Region$$Table       anon$$obj.o


    Execution Region RW_IRAM1 (Exec base: 0x20000000, Load base: 0x080073f0, Size: 0x000006b0, Max: 0x00020000, ABSOLUTE)

    Exec Addr    Load Addr    Size         Type   Attr      Idx    E Section Name        Object

    0x20000000   0x080073f0   0x00000004   Data   RW           16    .data               system_stm32f4xx.o
    0x20000004   0x080073f4   0x00000010   Data   RW          895    .data               stm32f4xx_rcc.o
    0x20000014   0x08007404   0x00000004   Data   RW         2416    .data               time_service.o
    0x20000018   0x08007408   0x0000001a   Data   RW         2601    .data               usart6.o
    0x20000032   0x08007422   0x0000001a   Data   RW         3030    .data               usart3.o
    0x2000004c        -       0x00000060   Zero   RW         3587    .bss                c_w.l(libspace.o)
    0x200000ac   0x0800743c   0x00000004   PAD
    0x200000b0        -       0x00000200   Zero   RW            2    HEAP                startup_stm32f407xx.o
    0x200002b0        -       0x00000400   Zero   RW            1    STACK               startup_stm32f407xx.o


==============================================================================

Image component sizes


      Code (inc. data)   RO Data    RW Data    ZI Data      Debug   Object Name

         0          0          0          0          0        940   adc.o
       138          0          0          0          0       2944   irlocator.o
      5896        136          0          0          0     256690   main.o
         0          0          0          0          0      15404   misc.o
       632         50          0          0          0       2476   motor.o
       616         26          0          0          0       3240   motors.o
       216          0          0          0          0       3532   my_math.o
       244          0          0          0          0       3124   openmv.o
      1732        128          0          0          0       7336   pin_setup.o
        14          0         61          0          0     277092   retarget.o
       618          0          0          0          0       9512   soft_i2c.o
        64         26        392          0       1536        876   startup_stm32f407xx.o
      1216        304          0          0          0      10551   stm32f4xx_gpio.o
       564        140          0         16          0      20287   stm32f4xx_rcc.o
      3252        744          0          0          0      29279   stm32f4xx_tim.o
      1376        292          0          0          0      10136   stm32f4xx_usart.o
       100         18          0          4          0     242551   system_stm32f4xx.o
       164         24          0          4          0      32370   time_service.o
       504         80          0         26          0       3236   usart3.o
       452         72          0         26          0      36959   usart6.o

    ----------------------------------------------------------------------
     17802       2040        486         76       1536     968535   Object Totals
         0          0         32          0          0          0   (incl. Generated)
         4          0          1          0          0          0   (incl. Padding)

    ----------------------------------------------------------------------

      Code (inc. data)   RO Data    RW Data    ZI Data      Debug   Library Member Name

         8          0          0          0          0         68   __main.o
         0          0          0          0          0          0   __rtentry.o
        12          0          0          0          0          0   __rtentry2.o
         6          0          0          0          0          0   __rtentry4.o
        52          8          0          0          0          0   __scatter.o
        26          0          0          0          0          0   __scatter_copy.o
        28          0          0          0          0          0   __scatter_zi.o
        22          0          0          0          0        100   _rserrno.o
        18          0          0          0          0         80   exit.o
         6          0          0          0          0        152   heapauxi.o
         2          0          0          0          0          0   libinit.o
         6          0          0          0          0          0   libinit2.o
         2          0          0          0          0          0   libshutdown.o
         2          0          0          0          0          0   libshutdown2.o
         8          4          0          0         96         68   libspace.o
         8          4          0          0          0         68   rt_errno_addr_intlibspace.o
       100          0          0          0          0         80   rt_memcpy_w.o
         2          0          0          0          0          0   rtexit.o
        10          0          0          0          0          0   rtexit2.o
        74          0          0          0          0         80   sys_stackheap_outer.o
         2          0          0          0          0         68   use_no_semi.o
        24          0          0          0          0        164   basic.o
       826         16          0          0          0        492   daddsub_clz.o
        16          4          0          0          0        116   dcheck1.o
        24          0          0          0          0        116   dcmpi.o
       688        140          0          0          0        256   ddiv.o
       120          4          0          0          0        140   deqf.o
        94          4          0          0          0        140   dfix.o
        84          0          0          0          0        232   dflt_clz.o
       120          4          0          0          0        140   dleqf.o
       340         12          0          0          0        152   dmul.o
       156          4          0          0          0        140   dnaninf.o
        12          0          0          0          0        116   dretinf.o
       108          0          0          0          0        128   drleqf.o
       408         56          0          0          0        168   dsqrt_umaal.o
        10          0          0          0          0        116   fpinit.o
       100          0          0          0          0        116   retnan.o
        92          0          0          0          0        116   scalbn.o
        48          0          0          0          0        116   trapv.o
         0          0          0          0          0          0   usenofp.o
       744        106        152          0          0        352   atan.o
       512         64          0          0          0        208   atan2.o
       200         20          0          0          0        164   cos.o
       368         46         48          0          0        200   cos_i.o
       184         44          0          0          0        744   dunder.o
        44          0          0          0          0        248   fabs.o
        48          0          0          0          0        124   fpclassify.o
       248          0          0          0          0        152   poly.o
      3152        296        136          0          0        352   pow.o
         0          0          8          0          0          0   qnan.o
      1080        142        200          0          0        188   rred.o
       304         24         40          0          0        208   sin_i.o
       232          0          0          0          0        296   sqrt.o

    ----------------------------------------------------------------------
     10808       1002        584          0        100       6964   Library Totals
        28          0          0          0          4          0   (incl. Padding)

    ----------------------------------------------------------------------

      Code (inc. data)   RO Data    RW Data    ZI Data      Debug   Library Name

       394         16          0          0         96        764   c_w.l
      3270        244          0          0          0       2964   fz_wm.l
      7116        742        584          0          0       3236   m_wm.l

    ----------------------------------------------------------------------
     10808       1002        584          0        100       6964   Library Totals

    ----------------------------------------------------------------------

==============================================================================


      Code (inc. data)   RO Data    RW Data    ZI Data      Debug   

     28610       3042       1070         76       1636     964439   Grand Totals
     28610       3042       1070         76       1636     964439   ELF Image Totals
     28610       3042       1070         76          0          0   ROM Totals

==============================================================================

    Total RO  Size (Code + RO Data)                29680 (  28.98kB)
    Total RW  Size (RW Data + ZI Data)              1712 (   1.67kB)
    Total ROM Size (Code + RO Data + RW Data)      29756 (  29.06kB)

==============================================================================

