Component: ARM Compiler 5.06 update 7 (build 960) Tool: armlink [4d3601]

==============================================================================

Section Cross References

    startup_stm32f407xx.o(STACK) refers (Special) to heapauxi.o(.text) for __use_two_region_memory
    startup_stm32f407xx.o(HEAP) refers (Special) to heapauxi.o(.text) for __use_two_region_memory
    startup_stm32f407xx.o(RESET) refers (Special) to heapauxi.o(.text) for __use_two_region_memory
    startup_stm32f407xx.o(RESET) refers to startup_stm32f407xx.o(STACK) for __initial_sp
    startup_stm32f407xx.o(RESET) refers to startup_stm32f407xx.o(.text) for Reset_Handler
    startup_stm32f407xx.o(RESET) refers to time_service.o(i.SysTick_Handler) for SysTick_Handler
    startup_stm32f407xx.o(.text) refers (Special) to heapauxi.o(.text) for __use_two_region_memory
    startup_stm32f407xx.o(.text) refers to system_stm32f4xx.o(i.SystemInit) for SystemInit
    startup_stm32f407xx.o(.text) refers to __main.o(!!!main) for __main
    startup_stm32f407xx.o(.text) refers to startup_stm32f407xx.o(HEAP) for Heap_Mem
    startup_stm32f407xx.o(.text) refers to startup_stm32f407xx.o(STACK) for Stack_Mem
    retarget.o(.rev16_text) refers (Special) to use_no_semi.o(.text) for __use_no_semihosting_swi
    retarget.o(.revsh_text) refers (Special) to use_no_semi.o(.text) for __use_no_semihosting_swi
    retarget.o(.rrx_text) refers (Special) to use_no_semi.o(.text) for __use_no_semihosting_swi
    retarget.o(i._Z12ITM_SendCharj) refers (Special) to use_no_semi.o(.text) for __use_no_semihosting_swi
    retarget.o(i.__aeabi_atexit) refers (Special) to use_no_semi.o(.text) for __use_no_semihosting_swi
    retarget.o(i._sys_command_string) refers (Special) to use_no_semi.o(.text) for __use_no_semihosting_swi
    retarget.o(i._sys_exit) refers (Special) to use_no_semi.o(.text) for __use_no_semihosting_swi
    retarget.o(i._ttywrch) refers (Special) to use_no_semi.o(.text) for __use_no_semihosting_swi
    retarget.o(i._ttywrch) refers to retarget.o(i._Z12ITM_SendCharj) for ITM_SendChar(unsigned)
    retarget.o(i.assert_failed) refers (Special) to use_no_semi.o(.text) for __use_no_semihosting_swi
    retarget.o(i.ferror) refers (Special) to use_no_semi.o(.text) for __use_no_semihosting_swi
    retarget.o(i.fgetc) refers (Special) to use_no_semi.o(.text) for __use_no_semihosting_swi
    retarget.o(i.fputc) refers (Special) to use_no_semi.o(.text) for __use_no_semihosting_swi
    retarget.o(i.fputc) refers to retarget.o(i._Z12ITM_SendCharj) for ITM_SendChar(unsigned)
    retarget.o(.ARM.exidx) refers (Special) to use_no_semi.o(.text) for __use_no_semihosting_swi
    retarget.o(.ARM.exidx) refers to retarget.o(i._Z12ITM_SendCharj) for i._Z12ITM_SendCharj
    retarget.o(.ARM.exidx) refers (Special) to use_no_semi.o(.text) for __use_no_semihosting_swi
    retarget.o(.ARM.exidx) refers to retarget.o(i.__aeabi_atexit) for i.__aeabi_atexit
    retarget.o(.ARM.exidx) refers (Special) to use_no_semi.o(.text) for __use_no_semihosting_swi
    retarget.o(.ARM.exidx) refers to retarget.o(i.assert_failed) for i.assert_failed
    retarget.o(.ARM.exidx) refers (Special) to use_no_semi.o(.text) for __use_no_semihosting_swi
    retarget.o(.ARM.exidx) refers to retarget.o(i.fputc) for i.fputc
    retarget.o(.ARM.exidx) refers (Special) to use_no_semi.o(.text) for __use_no_semihosting_swi
    retarget.o(.ARM.exidx) refers to retarget.o(i.fgetc) for i.fgetc
    retarget.o(.ARM.exidx) refers (Special) to use_no_semi.o(.text) for __use_no_semihosting_swi
    retarget.o(.ARM.exidx) refers to retarget.o(i.ferror) for i.ferror
    retarget.o(.ARM.exidx) refers (Special) to use_no_semi.o(.text) for __use_no_semihosting_swi
    retarget.o(.ARM.exidx) refers to retarget.o(i._ttywrch) for i._ttywrch
    retarget.o(.ARM.exidx) refers (Special) to use_no_semi.o(.text) for __use_no_semihosting_swi
    retarget.o(.ARM.exidx) refers to retarget.o(i._sys_command_string) for i._sys_command_string
    retarget.o(.ARM.exidx) refers (Special) to use_no_semi.o(.text) for __use_no_semihosting_swi
    retarget.o(.ARM.exidx) refers to retarget.o(i._sys_exit) for i._sys_exit
    retarget.o(.constdata) refers (Special) to use_no_semi.o(.text) for __use_no_semihosting_swi
    retarget.o(.data) refers (Special) to use_no_semi.o(.text) for __use_no_semihosting_swi
    system_stm32f4xx.o(i.SystemCoreClockUpdate) refers to system_stm32f4xx.o(.data) for SystemCoreClock
    system_stm32f4xx.o(i.SystemCoreClockUpdate) refers to system_stm32f4xx.o(.constdata) for AHBPrescTable
    misc.o(i.NVIC_Init) refers to retarget.o(i.assert_failed) for assert_failed
    misc.o(i.NVIC_PriorityGroupConfig) refers to retarget.o(i.assert_failed) for assert_failed
    misc.o(i.NVIC_SetVectorTable) refers to retarget.o(i.assert_failed) for assert_failed
    misc.o(i.NVIC_SystemLPConfig) refers to retarget.o(i.assert_failed) for assert_failed
[...]
    stm32f4xx_tim.o(i.TIM_OC1Init) refers to retarget.o(i.assert_failed) for assert_failed
    stm32f4xx_tim.o(i.TIM_OC1NPolarityConfig) refers to retarget.o(i.assert_failed) for assert_failed
    stm32f4xx_tim.o(i.TIM_OC1PolarityConfig) refers to retarget.o(i.assert_failed) for assert_failed
    stm32f4xx_tim.o(i.TIM_OC1PreloadConfig) refers to retarget.o(i.assert_failed) for assert_failed
    stm32f4xx_tim.o(i.TIM_OC2FastConfig) refers to retarget.o(i.assert_failed) for assert_failed
    stm32f4xx_tim.o(i.TIM_OC2Init) refers to retarget.o(i.assert_failed) for assert_failed
    stm32f4xx_tim.o(i.TIM_OC2NPolarityConfig) refers to retarget.o(i.assert_failed) for assert_failed
    stm32f4xx_tim.o(i.TIM_OC2PolarityConfig) refers to retarget.o(i.assert_failed) for assert_failed
    stm32f4xx_tim.o(i.TIM_OC2PreloadConfig) refers to retarget.o(i.assert_failed) for assert_failed
    stm32f4xx_tim.o(i.TIM_OC3FastConfig) refers to retarget.o(i.assert_failed) for assert_failed
    stm32f4xx_tim.o(i.TIM_OC3Init) refers to retarget.o(i.assert_failed) for assert_failed
    stm32f4xx_tim.o(i.TIM_OC3NPolarityConfig) refers to retarget.o(i.assert_failed) for assert_failed
    stm32f4xx_tim.o(i.TIM_OC3PolarityConfig) refers to retarget.o(i.assert_failed) for assert_failed
    stm32f4xx_tim.o(i.TIM_OC3PreloadConfig) refers to retarget.o(i.assert_failed) for assert_failed
    stm32f4xx_tim.o(i.TIM_OC4FastConfig) refers to retarget.o(i.assert_failed) for assert_failed
    stm32f4xx_tim.o(i.TIM_OC4Init) refers to retarget.o(i.assert_failed) for assert_failed
    stm32f4xx_tim.o(i.TIM_OC4PolarityConfig) refers to retarget.o(i.assert_failed) for assert_failed
    stm32f4xx_tim.o(i.TIM_OC4PreloadConfig) refers to retarget.o(i.assert_failed) for assert_failed
    stm32f4xx_tim.o(i.TIM_PWMIConfig) refers to retarget.o(i.assert_failed) for assert_failed
    stm32f4xx_tim.o(i.TIM_PWMIConfig) refers to stm32f4xx_tim.o(i.TI1_Config) for TI1_Config
    stm32f4xx_tim.o(i.TIM_PWMIConfig) refers to stm32f4xx_tim.o(i.TIM_SetIC1Prescaler) for TIM_SetIC1Prescaler
    stm32f4xx_tim.o(i.TIM_PWMIConfig) refers to stm32f4xx_tim.o(i.TI2_Config) for TI2_Config
    stm32f4xx_tim.o(i.TIM_PWMIConfig) refers to stm32f4xx_tim.o(i.TIM_SetIC2Prescaler) for TIM_SetIC2Prescaler
    stm32f4xx_tim.o(i.TIM_PrescalerConfig) refers to retarget.o(i.assert_failed) for assert_failed
    stm32f4xx_tim.o(i.TIM_RemapConfig) refers to retarget.o(i.assert_failed) for assert_failed
    stm32f4xx_tim.o(i.TIM_SelectCCDMA) refers to retarget.o(i.assert_failed) for assert_failed
    stm32f4xx_tim.o(i.TIM_SelectCOM) refers to retarget.o(i.assert_failed) for assert_failed
    stm32f4xx_tim.o(i.TIM_SelectHallSensor) refers to retarget.o(i.assert_failed) for assert_failed
    stm32f4xx_tim.o(i.TIM_SelectInputTrigger) refers to retarget.o(i.assert_failed) for assert_failed
    stm32f4xx_tim.o(i.TIM_SelectMasterSlaveMode) refers to retarget.o(i.assert_failed) for assert_failed
    stm32f4xx_tim.o(i.TIM_SelectOCxM) refers to retarget.o(i.assert_failed) for assert_failed
    stm32f4xx_tim.o(i.TIM_SelectOnePulseMode) refers to retarget.o(i.assert_failed) for assert_failed
    stm32f4xx_tim.o(i.TIM_SelectOutputTrigger) refers to retarget.o(i.assert_failed) for assert_failed
    stm32f4xx_tim.o(i.TIM_SelectSlaveMode) refers to retarget.o(i.assert_failed) for assert_failed
    stm32f4xx_tim.o(i.TIM_SetAutoreload) refers to retarget.o(i.assert_failed) for assert_failed
    stm32f4xx_tim.o(i.TIM_SetClockDivision) refers to retarget.o(i.assert_failed) for assert_failed
    stm32f4xx_tim.o(i.TIM_SetCompare1) refers to retarget.o(i.assert_failed) for assert_failed
    stm32f4xx_tim.o(i.TIM_SetCompare2) refers to retarget.o(i.assert_failed) for assert_failed
    stm32f4xx_tim.o(i.TIM_SetCompare3) refers to retarget.o(i.assert_failed) for assert_failed
    stm32f4xx_tim.o(i.TIM_SetCompare4) refers to retarget.o(i.assert_failed) for assert_failed
    stm32f4xx_tim.o(i.TIM_SetCounter) refers to retarget.o(i.assert_failed) for assert_failed
    stm32f4xx_tim.o(i.TIM_SetIC1Prescaler) refers to retarget.o(i.assert_failed) for assert_failed
    stm32f4xx_tim.o(i.TIM_SetIC2Prescaler) refers to retarget.o(i.assert_failed) for assert_failed
    stm32f4xx_tim.o(i.TIM_SetIC3Prescaler) refers to retarget.o(i.assert_failed) for assert_failed
    stm32f4xx_tim.o(i.TIM_SetIC4Prescaler) refers to retarget.o(i.assert_failed) for assert_failed
    stm32f4xx_tim.o(i.TIM_TIxExternalClockConfig) refers to retarget.o(i.assert_failed) for assert_failed
    stm32f4xx_tim.o(i.TIM_TIxExternalClockConfig) refers to stm32f4xx_tim.o(i.TI2_Config) for TI2_Config
    stm32f4xx_tim.o(i.TIM_TIxExternalClockConfig) refers to stm32f4xx_tim.o(i.TI1_Config) for TI1_Config
    stm32f4xx_tim.o(i.TIM_TIxExternalClockConfig) refers to stm32f4xx_tim.o(i.TIM_SelectInputTrigger) for TIM_SelectInputTrigger
    stm32f4xx_tim.o(i.TIM_TimeBaseInit) refers to retarget.o(i.assert_failed) for assert_failed
    stm32f4xx_tim.o(i.TIM_UpdateDisableConfig) refers to retarget.o(i.assert_failed) for assert_failed
    stm32f4xx_tim.o(i.TIM_UpdateRequestConfig) refers to retarget.o(i.assert_failed) for assert_failed
    stm32f4xx_usart.o(i.USART_ClearFlag) refers to retarget.o(i.assert_failed) for assert_failed
    stm32f4xx_usart.o(i.USART_ClearITPendingBit) refers to retarget.o(i.assert_failed) for assert_failed
    stm32f4xx_usart.o(i.USART_ClockInit) refers to retarget.o(i.assert_failed) for assert_failed
    stm32f4xx_usart.o(i.USART_Cmd) refers to retarget.o(i.assert_failed) for assert_failed
    stm32f4xx_usart.o(i.USART_DMACmd) refers to retarget.o(i.assert_failed) for assert_failed
    stm32f4xx_usart.o(i.USART_DeInit) refers to retarget.o(i.assert_failed) for assert_failed
    stm32f4xx_usart.o(i.USART_DeInit) refers to stm32f4xx_rcc.o(i.RCC_APB2PeriphResetCmd) for RCC_APB2PeriphResetCmd
    stm32f4xx_usart.o(i.USART_DeInit) refers to stm32f4xx_rcc.o(i.RCC_APB1PeriphResetCmd) for RCC_APB1PeriphResetCmd
    stm32f4xx_usart.o(i.USART_GetFlagStatus) refers to retarget.o(i.assert_failed) for assert_failed
    stm32f4xx_usart.o(i.USART_GetITStatus) refers to retarget.o(i.assert_failed) for assert_failed
    stm32f4xx_usart.o(i.USART_HalfDuplexCmd) refers to retarget.o(i.assert_failed) for assert_failed
    stm32f4xx_usart.o(i.USART_ITConfig) refers to retarget.o(i.assert_failed) for assert_failed
    stm32f4xx_usart.o(i.USART_Init) refers to retarget.o(i.assert_failed) for assert_failed
    stm32f4xx_usart.o(i.USART_Init) refers to stm32f4xx_rcc.o(i.RCC_GetClocksFreq) for RCC_GetClocksFreq
    stm32f4xx_usart.o(i.USART_IrDACmd) refers to retarget.o(i.assert_failed) for assert_failed
    stm32f4xx_usart.o(i.USART_IrDAConfig) refers to retarget.o(i.assert_failed) for assert_failed
    stm32f4xx_usart.o(i.USART_LINBreakDetectLengthConfig) refers to retarget.o(i.assert_failed) for assert_failed
    stm32f4xx_usart.o(i.USART_LINCmd) refers to retarget.o(i.assert_failed) for assert_failed
    stm32f4xx_usart.o(i.USART_OneBitMethodCmd) refers to retarget.o(i.assert_failed) for assert_failed
    stm32f4xx_usart.o(i.USART_OverSampling8Cmd) refers to retarget.o(i.assert_failed) for assert_failed
    stm32f4xx_usart.o(i.USART_ReceiveData) refers to retarget.o(i.assert_failed) for assert_failed
    stm32f4xx_usart.o(i.USART_ReceiverWakeUpCmd) refers to retarget.o(i.assert_failed) for assert_failed
    stm32f4xx_usart.o(i.USART_SendBreak) refers to retarget.o(i.assert_failed) for assert_failed
    stm32f4xx_usart.o(i.USART_SendData) refers to retarget.o(i.assert_failed) for assert_failed
    stm32f4xx_usart.o(i.USART_SetAddress) refers to retarget.o(i.assert_failed) for assert_failed
    stm32f4xx_usart.o(i.USART_SetGuardTime) refers to retarget.o(i.assert_failed) for assert_failed
    stm32f4xx_usart.o(i.USART_SetPrescaler) refers to retarget.o(i.assert_failed) for assert_failed
    stm32f4xx_usart.o(i.USART_SmartCardCmd) refers to retarget.o(i.assert_failed) for assert_failed
    stm32f4xx_usart.o(i.USART_SmartCardNACKCmd) refers to retarget.o(i.assert_failed) for assert_failed
    stm32f4xx_usart.o(i.USART_WakeUpConfig) refers to retarget.o(i.assert_failed) for assert_failed
    stm32f4xx_spi.o(i.I2S_Cmd) refers to retarget.o(i.assert_failed) for assert_failed
    stm32f4xx_spi.o(i.I2S_FullDuplexConfig) refers to retarget.o(i.assert_failed) for assert_failed
    stm32f4xx_spi.o(i.I2S_Init) refers to retarget.o(i.assert_failed) for assert_failed
    stm32f4xx_spi.o(i.SPI_BiDirectionalLineConfig) refers to retarget.o(i.assert_failed) for assert_failed
    stm32f4xx_spi.o(i.SPI_CalculateCRC) refers to retarget.o(i.assert_failed) for assert_failed
    stm32f4xx_spi.o(i.SPI_Cmd) refers to retarget.o(i.assert_failed) for assert_failed
    stm32f4xx_spi.o(i.SPI_DataSizeConfig) refers to retarget.o(i.assert_failed) for assert_failed
    stm32f4xx_spi.o(i.SPI_GetCRC) refers to retarget.o(i.assert_failed) for assert_failed
    stm32f4xx_spi.o(i.SPI_GetCRCPolynomial) refers to retarget.o(i.assert_failed) for assert_failed
    stm32f4xx_spi.o(i.SPI_I2S_ClearFlag) refers to retarget.o(i.assert_failed) for assert_failed
    stm32f4xx_spi.o(i.SPI_I2S_ClearITPendingBit) refers to retarget.o(i.assert_failed) for assert_failed
    stm32f4xx_spi.o(i.SPI_I2S_DMACmd) refers to retarget.o(i.assert_failed) for assert_failed
    stm32f4xx_spi.o(i.SPI_I2S_DeInit) refers to retarget.o(i.assert_failed) for assert_failed
    stm32f4xx_spi.o(i.SPI_I2S_DeInit) refers to stm32f4xx_rcc.o(i.RCC_APB2PeriphResetCmd) for RCC_APB2PeriphResetCmd
    stm32f4xx_spi.o(i.SPI_I2S_DeInit) refers to stm32f4xx_rcc.o(i.RCC_APB1PeriphResetCmd) for RCC_APB1PeriphResetCmd
    stm32f4xx_spi.o(i.SPI_I2S_GetFlagStatus) refers to retarget.o(i.assert_failed) for assert_failed
    stm32f4xx_spi.o(i.SPI_I2S_GetITStatus) refers to retarget.o(i.assert_failed) for assert_failed
    stm32f4xx_spi.o(i.SPI_I2S_ITConfig) refers to retarget.o(i.assert_failed) for assert_failed
    stm32f4xx_spi.o(i.SPI_I2S_ReceiveData) refers to retarget.o(i.assert_failed) for assert_failed
    stm32f4xx_spi.o(i.SPI_I2S_SendData) refers to retarget.o(i.assert_failed) for assert_failed
    stm32f4xx_spi.o(i.SPI_Init) refers to retarget.o(i.assert_failed) for assert_failed
    stm32f4xx_spi.o(i.SPI_NSSInternalSoftwareConfig) refers to retarget.o(i.assert_failed) for assert_failed
    stm32f4xx_spi.o(i.SPI_SSOutputCmd) refers to retarget.o(i.assert_failed) for assert_failed
    stm32f4xx_spi.o(i.SPI_TIModeCmd) refers to retarget.o(i.assert_failed) for assert_failed
    stm32f4xx_spi.o(i.SPI_TransmitCRC) refers to retarget.o(i.assert_failed) for assert_failed
    pin_setup.o(i._ZN3pin3pwmEj) refers to stm32f4xx_tim.o(i.TIM_SetCompare1) for TIM_SetCompare1
    pin_setup.o(i._ZN3pin3pwmEj) refers to stm32f4xx_tim.o(i.TIM_SetCompare2) for TIM_SetCompare2
    pin_setup.o(i._ZN3pin3pwmEj) refers to stm32f4xx_tim.o(i.TIM_SetCompare3) for TIM_SetCompare3
    pin_setup.o(i._ZN3pin3pwmEj) refers to stm32f4xx_tim.o(i.TIM_SetCompare4) for TIM_SetCompare4
    pin_setup.o(i._ZN3pin6setBitEv) refers to stm32f4xx_gpio.o(i.GPIO_SetBits) for GPIO_SetBits
    pin_setup.o(i._ZN3pin7pinInitEv) refers to stm32f4xx_rcc.o(i.RCC_AHB1PeriphClockCmd) for RCC_AHB1PeriphClockCmd
    pin_setup.o(i._ZN3pin7pinInitEv) refers to stm32f4xx_gpio.o(i.GPIO_Init) for GPIO_Init
    pin_setup.o(i._ZN3pin7pinInitEv) refers to stm32f4xx_gpio.o(i.GPIO_PinAFConfig) for GPIO_PinAFConfig
    pin_setup.o(i._ZN3pin7pwmInitEjtjjhP11TIM_TypeDef) refers to stm32f4xx_rcc.o(i.RCC_APB2PeriphClockCmd) for RCC_APB2PeriphClockCmd
    pin_setup.o(i._ZN3pin7pwmInitEjtjjhP11TIM_TypeDef) refers to stm32f4xx_rcc.o(i.RCC_APB1PeriphClockCmd) for RCC_APB1PeriphClockCmd
    pin_setup.o(i._ZN3pin7pwmInitEjtjjhP11TIM_TypeDef) refers to stm32f4xx_tim.o(i.TIM_TimeBaseInit) for TIM_TimeBaseInit
    pin_setup.o(i._ZN3pin7pwmInitEjtjjhP11TIM_TypeDef) refers to stm32f4xx_tim.o(i.TIM_Cmd) for TIM_Cmd
    pin_setup.o(i._ZN3pin7pwmInitEjtjjhP11TIM_TypeDef) refers to stm32f4xx_tim.o(i.TIM_BDTRConfig) for TIM_BDTRConfig
    pin_setup.o(i._ZN3pin7pwmInitEjtjjhP11TIM_TypeDef) refers to stm32f4xx_tim.o(i.TIM_OC1Init) for TIM_OC1Init
    pin_setup.o(i._ZN3pin7pwmInitEjtjjhP11TIM_TypeDef) refers to stm32f4xx_tim.o(i.TIM_OC2Init) for TIM_OC2Init
    pin_setup.o(i._ZN3pin7pwmInitEjtjjhP11TIM_TypeDef) refers to stm32f4xx_tim.o(i.TIM_OC3Init) for TIM_OC3Init
    pin_setup.o(i._ZN3pin7pwmInitEjtjjhP11TIM_TypeDef) refers to stm32f4xx_tim.o(i.TIM_OC4Init) for TIM_OC4Init
    pin_setup.o(i._ZN3pin7pwmInitEjtjjhP11TIM_TypeDef) refers to stm32f4xx_tim.o(i.TIM_CtrlPWMOutputs) for TIM_CtrlPWMOutputs
    pin_setup.o(i._ZN3pin8resetBitEv) refers to stm32f4xx_gpio.o(i.GPIO_ResetBits) for GPIO_ResetBits
    pin_setup.o(i._ZN3pinC1Echt) refers to pin_setup.o(i._ZN3pin7pinInitEv) for pin::pinInit()
    pin_setup.o(.ARM.exidx) refers to pin_setup.o(i._ZN3pin7pinInitEv) for i._ZN3pin7pinInitEv
    pin_setup.o(.ARM.exidx) refers to pin_setup.o(i._ZN3pinC1Echt) for i._ZN3pinC1Echt
    pin_setup.o(.ARM.exidx) refers to pin_setup.o(i._ZN3pin7pwmInitEjtjjhP11TIM_TypeDef) for i._ZN3pin7pwmInitEjtjjhP11TIM_TypeDef
    pin_setup.o(.ARM.exidx) refers to pin_setup.o(i._ZN3pin3pwmEj) for i._ZN3pin3pwmEj
    pin_setup.o(.ARM.exidx) refers to pin_setup.o(i._ZN3pin6setBitEv) for i._ZN3pin6setBitEv
    pin_setup.o(.ARM.exidx) refers to pin_setup.o(i._ZN3pin8resetBitEv) for i._ZN3pin8resetBitEv
    pin_setup.o(.ARM.exidx) refers to pin_setup.o(i._ZN3pin8getGPIOxEv) for i._ZN3pin8getGPIOxEv
    pin_setup.o(.ARM.exidx) refers to pin_setup.o(i._ZN3pin12getPinNumberEv) for i._ZN3pin12getPinNumberEv
    time_service.o(i.SysTick_Handler) refers to time_service.o(.data) for time_service::systemTime
    time_service.o(i._ZN12time_service4initEv) refers to system_stm32f4xx.o(.data) for SystemCoreClock
    time_service.o(i._ZN12time_service8delay_msEf) refers to time_service.o(.data) for time_service::systemTime
    time_service.o(i._ZN12time_service9delay_assEf) refers to time_service.o(.data) for time_service::systemTime
    time_service.o(.ARM.exidx) refers to time_service.o(i.SysTick_Handler) for i.SysTick_Handler
    time_service.o(.ARM.exidx) refers to time_service.o(i._ZN12time_service9startTimeEv) for i._ZN12time_service9startTimeEv
    time_service.o(.ARM.exidx) refers to time_service.o(i._ZN12time_service8stopTimeEv) for i._ZN12time_service8stopTimeEv
    time_service.o(.ARM.exidx) refers to time_service.o(i._ZN12time_service8delay_msEf) for i._ZN12time_service8delay_msEf
    time_service.o(.ARM.exidx) refers to time_service.o(i._ZN12time_service9delay_assEf) for i._ZN12time_service9delay_assEf
    time_service.o(.ARM.exidx) refers to time_service.o(i._ZN12time_service4initEv) for i._ZN12time_service4initEv
    adc.o(i._ZN3Adc10adcDmaInitEv) refers to stm32f4xx_adc.o(i.ADC_DMARequestAfterLastTransferCmd) for ADC_DMARequestAfterLastTransferCmd
    adc.o(i._ZN3Adc10adcDmaInitEv) refers to stm32f4xx_adc.o(i.ADC_EOCOnEachRegularChannelCmd) for ADC_EOCOnEachRegularChannelCmd
    adc.o(i._ZN3Adc10adcDmaInitEv) refers to stm32f4xx_adc.o(i.ADC_DMACmd) for ADC_DMACmd
    adc.o(i._ZN3Adc10adcDmaInitEv) refers to stm32f4xx_adc.o(i.ADC_SoftwareStartConv) for ADC_SoftwareStartConv
    adc.o(i._ZN3Adc10setChannelEv) refers to stm32f4xx_adc.o(i.ADC_RegularChannelConfig) for ADC_RegularChannelConfig
    adc.o(i._ZN3Adc7adcInitEv) refers to pin_setup.o(i._ZN3pin7pinInitEv) for pin::pinInit()
    adc.o(i._ZN3Adc7adcInitEv) refers to stm32f4xx_rcc.o(i.RCC_APB2PeriphClockCmd) for RCC_APB2PeriphClockCmd
    adc.o(i._ZN3Adc7adcInitEv) refers to stm32f4xx_adc.o(i.ADC_CommonInit) for ADC_CommonInit
    adc.o(i._ZN3Adc8startAdcEv) refers to stm32f4xx_adc.o(i.ADC_Init) for ADC_Init
    adc.o(i._ZN3Adc8startAdcEv) refers to stm32f4xx_adc.o(i.ADC_Cmd) for ADC_Cmd
    adc.o(i._ZN3AdcC1EP11ADC_TypeDefhhhjR3pin) refers to rt_memcpy_w.o(.text) for __aeabi_memcpy4
    adc.o(.ARM.exidx) refers to adc.o(i._ZN3AdcC1EP11ADC_TypeDefhhhjR3pin) for i._ZN3AdcC1EP11ADC_TypeDefhhhjR3pin
    adc.o(.ARM.exidx) refers to adc.o(i._ZN3Adc7adcInitEv) for i._ZN3Adc7adcInitEv
    adc.o(.ARM.exidx) refers to adc.o(i._ZN3Adc8startAdcEv) for i._ZN3Adc8startAdcEv
    adc.o(.ARM.exidx) refers to adc.o(i._ZN3Adc10setChannelEv) for i._ZN3Adc10setChannelEv
    adc.o(.ARM.exidx) refers to adc.o(i._ZN3Adc13sendMeChannelEh) for i._ZN3Adc13sendMeChannelEh
    adc.o(.ARM.exidx) refers to adc.o(i._ZN3Adc6getAdcEv) for i._ZN3Adc6getAdcEv
    adc.o(.ARM.exidx) refers to adc.o(i._ZN3Adc10adcDmaInitEv) for i._ZN3Adc10adcDmaInitEv
    dma.o(i._ZN3Dma12adcInitInDmaEv) refers to adc.o(i._ZN3Adc7adcInitEv) for Adc::adcInit()
    dma.o(i._ZN3Dma12adcInitInDmaEv) refers to adc.o(i._ZN3Adc8startAdcEv) for Adc::startAdc()
    dma.o(i._ZN3Dma12adcInitInDmaEv) refers to adc.o(i._ZN3Adc10setChannelEv) for Adc::setChannel()
    dma.o(i._ZN3Dma12adcInitInDmaEv) refers to adc.o(i._ZN3Adc10adcDmaInitEv) for Adc::adcDmaInit()
    dma.o(i._ZN3Dma7dmaInitEP18DMA_Stream_TypeDefjj) refers to stm32f4xx_rcc.o(i.RCC_AHB1PeriphClockCmd) for RCC_AHB1PeriphClockCmd
    dma.o(i._ZN3Dma7dmaInitEP18DMA_Stream_TypeDefjj) refers to stm32f4xx_dma.o(i.DMA_DeInit) for DMA_DeInit
    dma.o(i._ZN3Dma7dmaInitEP18DMA_Stream_TypeDefjj) refers to adc.o(i._ZN3Adc6getAdcEv) for Adc::getAdc()
    dma.o(i._ZN3Dma7dmaInitEP18DMA_Stream_TypeDefjj) refers to stm32f4xx_dma.o(i.DMA_Init) for DMA_Init
    dma.o(i._ZN3Dma7dmaInitEP18DMA_Stream_TypeDefjj) refers to stm32f4xx_dma.o(i.DMA_Cmd) for DMA_Cmd
    dma.o(i._ZN3DmaC1EjR3Adc) refers to rt_memcpy_w.o(.text) for __aeabi_memcpy4
    dma.o(.ARM.exidx) refers to dma.o(i._ZN3DmaC1EjR3Adc) for i._ZN3DmaC1EjR3Adc
    dma.o(.ARM.exidx) refers to dma.o(i._ZN3Dma7dmaInitEP18DMA_Stream_TypeDefjj) for i._ZN3Dma7dmaInitEP18DMA_Stream_TypeDefjj
    dma.o(.ARM.exidx) refers to dma.o(i._ZN3Dma12adcInitInDmaEv) for i._ZN3Dma12adcInitInDmaEv
    dma.o(.ARM.exidx) refers to dma.o(i._ZN3Dma10dataReturnEh) for i._ZN3Dma10dataReturnEh
    soft_i2c.o(i._ZN8soft_i2c11softI2cInitEv) refers to pin_setup.o(i._ZN3pin7pinInitEv) for pin::pinInit()
    soft_i2c.o(i._ZN8soft_i2c12generateStopEv) refers to soft_i2c.o(i._ZN8soft_i2c6sclLowEv) for soft_i2c::sclLow()
    soft_i2c.o(i._ZN8soft_i2c12generateStopEv) refers to soft_i2c.o(i._ZN8soft_i2c5delayEv) for soft_i2c::delay()
    soft_i2c.o(i._ZN8soft_i2c12generateStopEv) refers to soft_i2c.o(i._ZN8soft_i2c6sdaLowEv) for soft_i2c::sdaLow()
    soft_i2c.o(i._ZN8soft_i2c12generateStopEv) refers to soft_i2c.o(i._ZN8soft_i2c7sclHighEv) for soft_i2c::sclHigh()
    soft_i2c.o(i._ZN8soft_i2c12generateStopEv) refers to soft_i2c.o(i._ZN8soft_i2c7sdaHighEv) for soft_i2c::sdaHigh()
    soft_i2c.o(i._ZN8soft_i2c13generateStartEv) refers to soft_i2c.o(i._ZN8soft_i2c7sdaHighEv) for soft_i2c::sdaHigh()
    soft_i2c.o(i._ZN8soft_i2c13generateStartEv) refers to soft_i2c.o(i._ZN8soft_i2c7sclHighEv) for soft_i2c::sclHigh()
    soft_i2c.o(i._ZN8soft_i2c13generateStartEv) refers to soft_i2c.o(i._ZN8soft_i2c5delayEv) for soft_i2c::delay()
    soft_i2c.o(i._ZN8soft_i2c13generateStartEv) refers to soft_i2c.o(i._ZN8soft_i2c7sdaReadEv) for soft_i2c::sdaRead()
    soft_i2c.o(i._ZN8soft_i2c13generateStartEv) refers to soft_i2c.o(i._ZN8soft_i2c6sdaLowEv) for soft_i2c::sdaLow()
    soft_i2c.o(i._ZN8soft_i2c13generateStartEv) refers to soft_i2c.o(i._ZN8soft_i2c6sclLowEv) for soft_i2c::sclLow()
    soft_i2c.o(i._ZN8soft_i2c13generateStartEv) refers to soft_i2c.o(i._ZN8soft_i2c7sclReadEv) for soft_i2c::sclRead()
    soft_i2c.o(i._ZN8soft_i2c4readEv) refers to soft_i2c.o(i._ZN8soft_i2c7sdaHighEv) for soft_i2c::sdaHigh()
    soft_i2c.o(i._ZN8soft_i2c4readEv) refers to soft_i2c.o(i._ZN8soft_i2c6sclLowEv) for soft_i2c::sclLow()
    soft_i2c.o(i._ZN8soft_i2c4readEv) refers to soft_i2c.o(i._ZN8soft_i2c5delayEv) for soft_i2c::delay()
    soft_i2c.o(i._ZN8soft_i2c4readEv) refers to soft_i2c.o(i._ZN8soft_i2c7sclHighEv) for soft_i2c::sclHigh()
    soft_i2c.o(i._ZN8soft_i2c4readEv) refers to soft_i2c.o(i._ZN8soft_i2c7sdaReadEv) for soft_i2c::sdaRead()
    soft_i2c.o(i._ZN8soft_i2c4sendEh) refers to soft_i2c.o(i._ZN8soft_i2c8writeBitEb) for soft_i2c::writeBit(bool)
    soft_i2c.o(i._ZN8soft_i2c4sendEh) refers to soft_i2c.o(i._ZN8soft_i2c6sclLowEv) for soft_i2c::sclLow()
    soft_i2c.o(i._ZN8soft_i2c4sendEh) refers to soft_i2c.o(i._ZN8soft_i2c5delayEv) for soft_i2c::delay()
    soft_i2c.o(i._ZN8soft_i2c6sclLowEv) refers to pin_setup.o(i._ZN3pin8resetBitEv) for pin::resetBit()
    soft_i2c.o(i._ZN8soft_i2c6sdaLowEv) refers to pin_setup.o(i._ZN3pin8resetBitEv) for pin::resetBit()
    soft_i2c.o(i._ZN8soft_i2c7readAchEv) refers to soft_i2c.o(i._ZN8soft_i2c6sclLowEv) for soft_i2c::sclLow()
    soft_i2c.o(i._ZN8soft_i2c7readAchEv) refers to soft_i2c.o(i._ZN8soft_i2c5delayEv) for soft_i2c::delay()
    soft_i2c.o(i._ZN8soft_i2c7readAchEv) refers to soft_i2c.o(i._ZN8soft_i2c7sclHighEv) for soft_i2c::sclHigh()
    soft_i2c.o(i._ZN8soft_i2c7readAchEv) refers to soft_i2c.o(i._ZN8soft_i2c7sdaReadEv) for soft_i2c::sdaRead()
    soft_i2c.o(i._ZN8soft_i2c7sclHighEv) refers to pin_setup.o(i._ZN3pin6setBitEv) for pin::setBit()
    soft_i2c.o(i._ZN8soft_i2c7sclReadEv) refers to pin_setup.o(i._ZN3pin8getGPIOxEv) for pin::getGPIOx()
    soft_i2c.o(i._ZN8soft_i2c7sclReadEv) refers to pin_setup.o(i._ZN3pin12getPinNumberEv) for pin::getPinNumber()
    soft_i2c.o(i._ZN8soft_i2c7sdaHighEv) refers to pin_setup.o(i._ZN3pin6setBitEv) for pin::setBit()
    soft_i2c.o(i._ZN8soft_i2c7sdaReadEv) refers to pin_setup.o(i._ZN3pin8getGPIOxEv) for pin::getGPIOx()
    soft_i2c.o(i._ZN8soft_i2c7sdaReadEv) refers to pin_setup.o(i._ZN3pin12getPinNumberEv) for pin::getPinNumber()
    soft_i2c.o(i._ZN8soft_i2c7sendAchEv) refers to soft_i2c.o(i._ZN8soft_i2c6sclLowEv) for soft_i2c::sclLow()
    soft_i2c.o(i._ZN8soft_i2c7sendAchEv) refers to soft_i2c.o(i._ZN8soft_i2c5delayEv) for soft_i2c::delay()
    soft_i2c.o(i._ZN8soft_i2c7sendAchEv) refers to soft_i2c.o(i._ZN8soft_i2c6sdaLowEv) for soft_i2c::sdaLow()
    soft_i2c.o(i._ZN8soft_i2c7sendAchEv) refers to soft_i2c.o(i._ZN8soft_i2c7sclHighEv) for soft_i2c::sclHigh()
    soft_i2c.o(i._ZN8soft_i2c8sendNachEv) refers to soft_i2c.o(i._ZN8soft_i2c6sclLowEv) for soft_i2c::sclLow()
    soft_i2c.o(i._ZN8soft_i2c8sendNachEv) refers to soft_i2c.o(i._ZN8soft_i2c5delayEv) for soft_i2c::delay()
    soft_i2c.o(i._ZN8soft_i2c8sendNachEv) refers to soft_i2c.o(i._ZN8soft_i2c7sdaHighEv) for soft_i2c::sdaHigh()
    soft_i2c.o(i._ZN8soft_i2c8sendNachEv) refers to soft_i2c.o(i._ZN8soft_i2c7sclHighEv) for soft_i2c::sclHigh()
    soft_i2c.o(i._ZN8soft_i2c8writeBitEb) refers to soft_i2c.o(i._ZN8soft_i2c6sclLowEv) for soft_i2c::sclLow()
    soft_i2c.o(i._ZN8soft_i2c8writeBitEb) refers to soft_i2c.o(i._ZN8soft_i2c5delayEv) for soft_i2c::delay()
    soft_i2c.o(i._ZN8soft_i2c8writeBitEb) refers to soft_i2c.o(i._ZN8soft_i2c6sdaLowEv) for soft_i2c::sdaLow()
    soft_i2c.o(i._ZN8soft_i2c8writeBitEb) refers to soft_i2c.o(i._ZN8soft_i2c7sdaHighEv) for soft_i2c::sdaHigh()
    soft_i2c.o(i._ZN8soft_i2c8writeBitEb) refers to soft_i2c.o(i._ZN8soft_i2c7sclHighEv) for soft_i2c::sclHigh()
    soft_i2c.o(i._ZN8soft_i2cC1ER3pinS1_) refers to rt_memcpy_w.o(.text) for __aeabi_memcpy4
    soft_i2c.o(i._ZN8soft_i2cC1ER3pinS1_) refers to soft_i2c.o(i._ZN8soft_i2c7sdaHighEv) for soft_i2c::sdaHigh()
    soft_i2c.o(i._ZN8soft_i2cC1ER3pinS1_) refers to soft_i2c.o(i._ZN8soft_i2c7sclHighEv) for soft_i2c::sclHigh()
    soft_i2c.o(.ARM.exidx) refers to soft_i2c.o(i._ZN8soft_i2c7sclHighEv) for i._ZN8soft_i2c7sclHighEv
    soft_i2c.o(.ARM.exidx) refers to soft_i2c.o(i._ZN8soft_i2c7sdaHighEv) for i._ZN8soft_i2c7sdaHighEv
    soft_i2c.o(.ARM.exidx) refers to soft_i2c.o(i._ZN8soft_i2cC1ER3pinS1_) for i._ZN8soft_i2cC1ER3pinS1_
    soft_i2c.o(.ARM.exidx) refers to soft_i2c.o(i._ZN8soft_i2c11softI2cInitEv) for i._ZN8soft_i2c11softI2cInitEv
    soft_i2c.o(.ARM.exidx) refers to soft_i2c.o(i._ZN8soft_i2c6sclLowEv) for i._ZN8soft_i2c6sclLowEv
    soft_i2c.o(.ARM.exidx) refers to soft_i2c.o(i._ZN8soft_i2c6sdaLowEv) for i._ZN8soft_i2c6sdaLowEv
    soft_i2c.o(.ARM.exidx) refers to soft_i2c.o(i._ZN8soft_i2c7sclReadEv) for i._ZN8soft_i2c7sclReadEv
    soft_i2c.o(.ARM.exidx) refers to soft_i2c.o(i._ZN8soft_i2c5delayEv) for i._ZN8soft_i2c5delayEv
    soft_i2c.o(.ARM.exidx) refers to soft_i2c.o(i._ZN8soft_i2c7sdaReadEv) for i._ZN8soft_i2c7sdaReadEv
    soft_i2c.o(.ARM.exidx) refers to soft_i2c.o(i._ZN8soft_i2c13generateStartEv) for i._ZN8soft_i2c13generateStartEv
    soft_i2c.o(.ARM.exidx) refers to soft_i2c.o(i._ZN8soft_i2c12generateStopEv) for i._ZN8soft_i2c12generateStopEv
    soft_i2c.o(.ARM.exidx) refers to soft_i2c.o(i._ZN8soft_i2c8writeBitEb) for i._ZN8soft_i2c8writeBitEb
    soft_i2c.o(.ARM.exidx) refers to soft_i2c.o(i._ZN8soft_i2c4sendEh) for i._ZN8soft_i2c4sendEh
    soft_i2c.o(.ARM.exidx) refers to soft_i2c.o(i._ZN8soft_i2c7readAchEv) for i._ZN8soft_i2c7readAchEv
    soft_i2c.o(.ARM.exidx) refers to soft_i2c.o(i._ZN8soft_i2c4readEv) for i._ZN8soft_i2c4readEv
    soft_i2c.o(.ARM.exidx) refers to soft_i2c.o(i._ZN8soft_i2c7sendAchEv) for i._ZN8soft_i2c7sendAchEv
    soft_i2c.o(.ARM.exidx) refers to soft_i2c.o(i._ZN8soft_i2c8sendNachEv) for i._ZN8soft_i2c8sendNachEv
    irlocator.o(i._ZN9IRlocator7getDataEh) refers to soft_i2c.o(i._ZN8soft_i2c13generateStartEv) for soft_i2c::generateStart()
    irlocator.o(i._ZN9IRlocator7getDataEh) refers to soft_i2c.o(i._ZN8soft_i2c4sendEh) for soft_i2c::send(unsigned char)
    irlocator.o(i._ZN9IRlocator7getDataEh) refers to soft_i2c.o(i._ZN8soft_i2c7readAchEv) for soft_i2c::readAch()
    irlocator.o(i._ZN9IRlocator7getDataEh) refers to soft_i2c.o(i._ZN8soft_i2c12generateStopEv) for soft_i2c::generateStop()
    irlocator.o(i._ZN9IRlocator7getDataEh) refers to soft_i2c.o(i._ZN8soft_i2c4readEv) for soft_i2c::read()
    irlocator.o(i._ZN9IRlocatorC1ER8soft_i2cj) refers to rt_memcpy_w.o(.text) for __aeabi_memcpy4
    irlocator.o(i._ZN9IRlocatorC1ER8soft_i2cj) refers to soft_i2c.o(i._ZN8soft_i2c11softI2cInitEv) for soft_i2c::softI2cInit()
    irlocator.o(.ARM.exidx) refers to irlocator.o(i._ZN9IRlocatorC1ER8soft_i2cj) for i._ZN9IRlocatorC1ER8soft_i2cj
    irlocator.o(.ARM.exidx) refers to irlocator.o(i._ZN9IRlocator7getDataEh) for i._ZN9IRlocator7getDataEh
    motor.o(i._ZN5Motor10blockMotorEi) refers to pin_setup.o(i._ZN3pin3pwmEj) for pin::pwm(unsigned)
    motor.o(i._ZN5Motor9motorMoveEi) refers to pin_setup.o(i._ZN3pin3pwmEj) for pin::pwm(unsigned)
    motor.o(i._ZN5MotorC1Echthchth) refers to pin_setup.o(i._ZN3pinC1Echt) for pin::pin(char, unsigned char, unsigned short)
    motor.o(i._ZN5MotorC1Echthchth) refers to pin_setup.o(i._ZN3pin7pinInitEv) for pin::pinInit()
    motor.o(i._ZN5MotorC1Echthchth) refers to pin_setup.o(i._ZN3pin7pwmInitEjtjjhP11TIM_TypeDef) for pin::pwmInit(unsigned, unsigned short, unsigned, unsigned, unsigned char, TIM_TypeDef*)
    motor.o(.ARM.exidx) refers to motor.o(i._ZN5MotorC1Echthchth) for i._ZN5MotorC1Echthchth
    motor.o(.ARM.exidx) refers to motor.o(i._ZN5Motor9motorMoveEi) for i._ZN5Motor9motorMoveEi
    motor.o(.ARM.exidx) refers to motor.o(i._ZN5Motor10blockMotorEi) for i._ZN5Motor10blockMotorEi
    motors.o(i._ZN6motors9moveMotorEi) refers to motor.o(i._ZN5Motor9motorMoveEi) for Motor::motorMove(int)
    motors.o(i._ZN6motors9moveRobotEiiiij) refers to dflt_clz.o(x$fpl$dflt) for __aeabi_i2d
    motors.o(i._ZN6motors9moveRobotEiiiij) refers to daddsub_clz.o(x$fpl$dadd) for __aeabi_dadd
    motors.o(i._ZN6motors9moveRobotEiiiij) refers to ddiv.o(x$fpl$ddiv) for __aeabi_ddiv
    motors.o(i._ZN6motors9moveRobotEiiiij) refers to cos.o(i.__hardfp_cos) for __hardfp_cos
    motors.o(i._ZN6motors9moveRobotEiiiij) refers to dmul.o(x$fpl$dmul) for __aeabi_dmul
    motors.o(i._ZN6motors9moveRobotEiiiij) refers to dfix.o(x$fpl$dfix) for __aeabi_d2iz
    motors.o(i._ZN6motors9moveRobotEiiiij) refers to motor.o(i._ZN5Motor9motorMoveEi) for Motor::motorMove(int)
    motors.o(i._ZN6motors9moveRobotEiiiij) refers to daddsub_clz.o(x$fpl$dsub) for __aeabi_dsub
    motors.o(i._ZN6motors9stopRobotEi) refers to motor.o(i._ZN5Motor10blockMotorEi) for Motor::blockMotor(int)
    motors.o(i._ZN6motorsC1ER5MotorS1_S1_S1_i) refers to rt_memcpy_w.o(.text) for __aeabi_memcpy4
    motors.o(.ARM.exidx) refers to motors.o(i._ZN6motorsC1ER5MotorS1_S1_S1_i) for i._ZN6motorsC1ER5MotorS1_S1_S1_i
    motors.o(.ARM.exidx) refers to motors.o(i._ZN6motors9moveMotorEi) for i._ZN6motors9moveMotorEi
    motors.o(.ARM.exidx) refers to motors.o(i._ZN6motors9stopRobotEi) for i._ZN6motors9stopRobotEi
    motors.o(.ARM.exidx) refers to motors.o(i._ZN6motors9moveRobotEiiiij) for i._ZN6motors9moveRobotEiiiij
    line_sensors.o(i._ZN4line7getDataEj) refers to pin_setup.o(i._ZN3pin8getGPIOxEv) for pin::getGPIOx()
    line_sensors.o(i._ZN4line7getDataEj) refers to pin_setup.o(i._ZN3pin12getPinNumberEv) for pin::getPinNumber()
    line_sensors.o(i._ZN4line7getDataEj) refers to dma.o(i._ZN3Dma10dataReturnEh) for Dma::dataReturn(unsigned char)
    line_sensors.o(i._ZN4line7getDataEj) refers to dflt_clz.o(x$fpl$dflt) for __aeabi_i2d
    line_sensors.o(i._ZN4line7getDataEj) refers to ddiv.o(x$fpl$ddiv) for __aeabi_ddiv
    line_sensors.o(i._ZN4line7getDataEj) refers to floor.o(i.__hardfp_floor) for __hardfp_floor
    line_sensors.o(i._ZN4line7getDataEj) refers to dfix.o(x$fpl$dfix) for __aeabi_d2iz
    line_sensors.o(i._ZN4line7getDataEj) refers to line_sensors.o(i._ZN4line7setDataEa) for line::setData(signed char)
    line_sensors.o(i._ZN4line7setDataEa) refers to pin_setup.o(i._ZN3pin8resetBitEv) for pin::resetBit()
    line_sensors.o(i._ZN4line7setDataEa) refers to pin_setup.o(i._ZN3pin6setBitEv) for pin::setBit()
    line_sensors.o(i._ZN4lineC1ER3pinS1_S1_S1_S1_R3Dma) refers to rt_memcpy_w.o(.text) for __aeabi_memcpy4
    line_sensors.o(i._ZN4lineC1ER3pinS1_S1_S1_S1_R3Dma) refers to dma.o(i._ZN3Dma7dmaInitEP18DMA_Stream_TypeDefjj) for Dma::dmaInit(DMA_Stream_TypeDef*, unsigned, unsigned)
    line_sensors.o(i._ZN4lineC1ER3pinS1_S1_S1_S1_R3Dma) refers to dma.o(i._ZN3Dma12adcInitInDmaEv) for Dma::adcInitInDma()
    line_sensors.o(.ARM.exidx) refers to line_sensors.o(i._ZN4lineC1ER3pinS1_S1_S1_S1_R3Dma) for i._ZN4lineC1ER3pinS1_S1_S1_S1_R3Dma
    line_sensors.o(.ARM.exidx) refers to line_sensors.o(i._ZN4line7setDataEa) for i._ZN4line7setDataEa
    line_sensors.o(.ARM.exidx) refers to line_sensors.o(i._ZN4line7getDataEj) for i._ZN4line7getDataEj
    openmv.o(i._ZN6camera7getDataEv) refers to openmv.o(i._ZN6camera4crc8EPhi) for camera::crc8(unsigned char*, int)
    openmv.o(i._ZN6cameraC1ER3pinS1_) refers to rt_memcpy_w.o(.text) for __aeabi_memcpy4
    openmv.o(i._ZN6cameraC1ER3pinS1_) refers to pin_setup.o(i._ZN3pin7pinInitEv) for pin::pinInit()
    openmv.o(.ARM.exidx) refers to openmv.o(i._ZN6cameraC1ER3pinS1_) for i._ZN6cameraC1ER3pinS1_
    openmv.o(.ARM.exidx) refers to openmv.o(i._ZN6camera4crc8EPhi) for i._ZN6camera4crc8EPhi
    openmv.o(.ARM.exidx) refers to openmv.o(i._ZN6camera7getDataEv) for i._ZN6camera7getDataEv
    openmv.o(.ARM.exidx) refers to openmv.o(i._ZN6camera5get_xEv) for i._ZN6camera5get_xEv
    openmv.o(.ARM.exidx) refers to openmv.o(i._ZN6camera5get_yEv) for i._ZN6camera5get_yEv
    my_math.o(i._ZN7my_Math16calculate_cathetEii) refers to my_math.o(i._ZN7my_Math6my_absEi) for my_Math::my_abs(int)
    my_math.o(i._ZN7my_Math16calculate_cathetEii) refers to dflt_clz.o(x$fpl$dflt) for __aeabi_i2d
    my_math.o(i._ZN7my_Math16calculate_cathetEii) refers to my_math.o(i._ZSt3powdi) for std::pow(double, int)
    my_math.o(i._ZN7my_Math16calculate_cathetEii) refers to daddsub_clz.o(x$fpl$dadd) for __aeabi_dadd
    my_math.o(i._ZN7my_Math16calculate_cathetEii) refers to sqrt.o(i.__hardfp_sqrt) for __hardfp_sqrt
    my_math.o(i._ZN7my_Math16calculate_cathetEii) refers to dfix.o(x$fpl$dfix) for __aeabi_d2iz
    my_math.o(i._ZN7my_Math20calculate_hypotenuseEii) refers to my_math.o(i._ZN7my_Math6my_absEi) for my_Math::my_abs(int)
    my_math.o(i._ZN7my_Math20calculate_hypotenuseEii) refers to dflt_clz.o(x$fpl$dflt) for __aeabi_i2d
    my_math.o(i._ZN7my_Math20calculate_hypotenuseEii) refers to my_math.o(i._ZSt3powdi) for std::pow(double, int)
    my_math.o(i._ZN7my_Math20calculate_hypotenuseEii) refers to daddsub_clz.o(x$fpl$dadd) for __aeabi_dadd
    my_math.o(i._ZN7my_Math20calculate_hypotenuseEii) refers to sqrt.o(i.__hardfp_sqrt) for __hardfp_sqrt
    my_math.o(i._ZN7my_Math20calculate_hypotenuseEii) refers to dfix.o(x$fpl$dfix) for __aeabi_d2iz
    my_math.o(i._ZN7my_Math3mapEiiiii) refers to my_math.o(i._ZN7my_Math6my_absEi) for my_Math::my_abs(int)
    my_math.o(i._ZN7my_Math6my_absEi) refers to dflt_clz.o(x$fpl$dflt) for __aeabi_i2d
    my_math.o(i._ZN7my_Math6my_absEi) refers to fabs.o(i.__hardfp_fabs) for __hardfp_fabs
    my_math.o(i._ZN7my_Math6my_absEi) refers to dfix.o(x$fpl$dfix) for __aeabi_d2iz
    my_math.o(.ARM.exidx) refers to my_math.o(i._ZN7my_MathC1Ev) for i._ZN7my_MathC1Ev
    my_math.o(.ARM.exidx) refers to my_math.o(i._ZN7my_Math6my_absEi) for i._ZN7my_Math6my_absEi
    my_math.o(.ARM.exidx) refers to my_math.o(i._ZN7my_Math3mapEiiiii) for i._ZN7my_Math3mapEiiiii
    my_math.o(.ARM.exidx) refers to my_math.o(i._ZN7my_Math20calculate_hypotenuseEii) for i._ZN7my_Math20calculate_hypotenuseEii
    my_math.o(.ARM.exidx) refers to my_math.o(i._ZN7my_Math16calculate_cathetEii) for i._ZN7my_Math16calculate_cathetEii
    my_math.o(.ARM.exidx) refers to my_math.o(i._ZN7my_Math20lead_to_degree_rangeEiii) for i._ZN7my_Math20lead_to_degree_rangeEiii
    my_math.o(.ARM.exidx) refers to my_math.o(i._ZN7my_Math13leed_to_rangeEiii) for i._ZN7my_Math13leed_to_rangeEiii
    pid.o(i._ZN3PID11calculate_uEij) refers to my_math.o(i._ZN7my_Math20lead_to_degree_rangeEiii) for my_Math::lead_to_degree_range(int, int, int)
    pid.o(i._ZN3PID11calculate_uEij) refers to my_math.o(i._ZN7my_Math13leed_to_rangeEiii) for my_Math::leed_to_range(int, int, int)
    pid.o(i._ZN3PIDC1Ehifffi) refers to my_math.o(i._ZN7my_MathC1Ev) for my_Math::my_Math()
    pid.o(.ARM.exidx) refers to pid.o(i._ZN3PIDC1Ehifffi) for i._ZN3PIDC1Ehifffi
    pid.o(.ARM.exidx) refers to pid.o(i._ZN3PID12set_settingsEiii) for i._ZN3PID12set_settingsEiii
    pid.o(.ARM.exidx) refers to pid.o(i._ZN3PID11calculate_uEij) for i._ZN3PID11calculate_uEij
    kicker.o(i._ZN6kicker5checkEj) refers to pin_setup.o(i._ZN3pin8resetBitEv) for pin::resetBit()
    kicker.o(i._ZN6kicker5checkEj) refers to pin_setup.o(i._ZN3pin6setBitEv) for pin::setBit()
    kicker.o(i._ZN6kickerC1ER3pinS1_) refers to rt_memcpy_w.o(.text) for __aeabi_memcpy4
    kicker.o(.ARM.exidx) refers to kicker.o(i._ZN6kickerC1ER3pinS1_) for i._ZN6kickerC1ER3pinS1_
    kicker.o(.ARM.exidx) refers to kicker.o(i._ZN6kicker5checkEj) for i._ZN6kicker5checkEj
    kicker.o(.ARM.exidx) refers to kicker.o(i._ZN6kicker4keckEv) for i._ZN6kicker4keckEv
    __main.o(!!!main) refers to __rtentry.o(.ARM.Collect$$rtentry$$00000000) for __rt_entry
    daddsub_clz.o(x$fpl$dadd) refers (Special) to usenofp.o(x$fpl$usenofp) for __I$use$fp
    daddsub_clz.o(x$fpl$dadd) refers to daddsub_clz.o(x$fpl$dsub) for _dsub1
    daddsub_clz.o(x$fpl$dadd) refers to dretinf.o(x$fpl$dretinf) for __fpl_dretinf
    daddsub_clz.o(x$fpl$dadd) refers to dnaninf.o(x$fpl$dnaninf) for __fpl_dnaninf
    daddsub_clz.o(x$fpl$drsb) refers (Special) to usenofp.o(x$fpl$usenofp) for __I$use$fp
    daddsub_clz.o(x$fpl$drsb) refers to daddsub_clz.o(x$fpl$dadd) for _dadd1
    daddsub_clz.o(x$fpl$drsb) refers to daddsub_clz.o(x$fpl$dsub) for _dsub1
    daddsub_clz.o(x$fpl$dsub) refers (Special) to usenofp.o(x$fpl$usenofp) for __I$use$fp
    daddsub_clz.o(x$fpl$dsub) refers to daddsub_clz.o(x$fpl$dadd) for _dadd1
    daddsub_clz.o(x$fpl$dsub) refers to dnaninf.o(x$fpl$dnaninf) for __fpl_dnaninf
    ddiv.o(x$fpl$drdiv) refers (Special) to usenofp.o(x$fpl$usenofp) for __I$use$fp
    ddiv.o(x$fpl$drdiv) refers to ddiv.o(x$fpl$ddiv) for ddiv_entry
    ddiv.o(x$fpl$ddiv) refers (Special) to usenofp.o(x$fpl$usenofp) for __I$use$fp
    ddiv.o(x$fpl$ddiv) refers to dretinf.o(x$fpl$dretinf) for __fpl_dretinf
    ddiv.o(x$fpl$ddiv) refers to dnaninf.o(x$fpl$dnaninf) for __fpl_dnaninf
    dfix.o(x$fpl$dfix) refers (Special) to usenofp.o(x$fpl$usenofp) for __I$use$fp
    dfix.o(x$fpl$dfix) refers to dnaninf.o(x$fpl$dnaninf) for __fpl_dnaninf
    dfix.o(x$fpl$dfixr) refers (Special) to usenofp.o(x$fpl$usenofp) for __I$use$fp
    dfix.o(x$fpl$dfixr) refers to dnaninf.o(x$fpl$dnaninf) for __fpl_dnaninf
    dflt_clz.o(x$fpl$dfltu) refers (Special) to usenofp.o(x$fpl$usenofp) for __I$use$fp
    dflt_clz.o(x$fpl$dflt) refers (Special) to usenofp.o(x$fpl$usenofp) for __I$use$fp
    dflt_clz.o(x$fpl$dfltn) refers (Special) to usenofp.o(x$fpl$usenofp) for __I$use$fp
    dmul.o(x$fpl$dmul) refers (Special) to usenofp.o(x$fpl$usenofp) for __I$use$fp
    dmul.o(x$fpl$dmul) refers to dretinf.o(x$fpl$dretinf) for __fpl_dretinf
    dmul.o(x$fpl$dmul) refers to dnaninf.o(x$fpl$dnaninf) for __fpl_dnaninf
    cos.o(i.__hardfp_cos) refers (Special) to usenofp.o(x$fpl$usenofp) for __I$use$fp
    cos.o(i.__hardfp_cos) refers to _rserrno.o(.text) for __set_errno
    cos.o(i.__hardfp_cos) refers to dunder.o(i.__mathlib_dbl_invalid) for __mathlib_dbl_invalid
    cos.o(i.__hardfp_cos) refers to dunder.o(i.__mathlib_dbl_infnan) for __mathlib_dbl_infnan
    cos.o(i.__hardfp_cos) refers to rred.o(i.__ieee754_rem_pio2) for __ieee754_rem_pio2
    cos.o(i.__hardfp_cos) refers to sin_i.o(i.__kernel_sin) for __kernel_sin
    cos.o(i.__hardfp_cos) refers to cos_i.o(i.__kernel_cos) for __kernel_cos
    cos.o(i.__hardfp_cos) refers to basic.o(x$fpl$basic) for __aeabi_dneg
    cos.o(i.__softfp_cos) refers (Special) to usenofp.o(x$fpl$usenofp) for __I$use$fp
    cos.o(i.__softfp_cos) refers to cos.o(i.__hardfp_cos) for __hardfp_cos
    cos.o(i.cos) refers (Special) to usenofp.o(x$fpl$usenofp) for __I$use$fp
    cos.o(i.cos) refers to cos.o(i.__hardfp_cos) for __hardfp_cos
    cos_x.o(i.____hardfp_cos$lsc) refers (Special) to usenofp.o(x$fpl$usenofp) for __I$use$fp
    cos_x.o(i.____hardfp_cos$lsc) refers to _rserrno.o(.text) for __set_errno
    cos_x.o(i.____hardfp_cos$lsc) refers to dunder.o(i.__mathlib_dbl_infnan) for __mathlib_dbl_infnan
    cos_x.o(i.____hardfp_cos$lsc) refers to rred.o(i.__ieee754_rem_pio2) for __ieee754_rem_pio2
    cos_x.o(i.____hardfp_cos$lsc) refers to sin_i.o(i.__kernel_sin) for __kernel_sin
    cos_x.o(i.____hardfp_cos$lsc) refers to cos_i.o(i.__kernel_cos) for __kernel_cos
    cos_x.o(i.____hardfp_cos$lsc) refers to basic.o(x$fpl$basic) for __aeabi_dneg
    cos_x.o(i.____softfp_cos$lsc) refers (Special) to usenofp.o(x$fpl$usenofp) for __I$use$fp
    cos_x.o(i.____softfp_cos$lsc) refers to cos_x.o(i.____hardfp_cos$lsc) for ____hardfp_cos$lsc
    cos_x.o(i.__cos$lsc) refers (Special) to usenofp.o(x$fpl$usenofp) for __I$use$fp
    cos_x.o(i.__cos$lsc) refers to cos_x.o(i.____hardfp_cos$lsc) for ____hardfp_cos$lsc
    fabs.o(i.__hardfp_fabs) refers (Special) to usenofp.o(x$fpl$usenofp) for __I$use$fp
    fabs.o(i.__softfp_fabs) refers (Special) to usenofp.o(x$fpl$usenofp) for __I$use$fp
    fabs.o(i.fabs) refers (Special) to usenofp.o(x$fpl$usenofp) for __I$use$fp
    floor.o(i.__hardfp_floor) refers (Special) to usenofp.o(x$fpl$usenofp) for __I$use$fp
    floor.o(i.__hardfp_floor) refers to daddsub_clz.o(x$fpl$dadd) for __aeabi_dadd
    floor.o(i.__hardfp_floor) refers to drleqf.o(x$fpl$drleqf) for __aeabi_cdrcmple
    floor.o(i.__hardfp_floor) refers to daddsub_clz.o(x$fpl$drsb) for __aeabi_drsub
    floor.o(i.__softfp_floor) refers (Special) to usenofp.o(x$fpl$usenofp) for __I$use$fp
    floor.o(i.__softfp_floor) refers to floor.o(i.__hardfp_floor) for __hardfp_floor
    floor.o(i.floor) refers (Special) to usenofp.o(x$fpl$usenofp) for __I$use$fp
    floor.o(i.floor) refers to floor.o(i.__hardfp_floor) for __hardfp_floor
    pow.o(i.__hardfp_pow) refers (Special) to usenofp.o(x$fpl$usenofp) for __I$use$fp
    pow.o(i.__hardfp_pow) refers to dunder.o(i.__mathlib_dbl_infnan2) for __mathlib_dbl_infnan2
    pow.o(i.__hardfp_pow) refers to _rserrno.o(.text) for __set_errno
    pow.o(i.__hardfp_pow) refers to dunder.o(i.__mathlib_dbl_divzero) for __mathlib_dbl_divzero
    pow.o(i.__hardfp_pow) refers to basic.o(x$fpl$basic) for __aeabi_dneg
    pow.o(i.__hardfp_pow) refers to dunder.o(i.__mathlib_dbl_overflow) for __mathlib_dbl_overflow
    pow.o(i.__hardfp_pow) refers to ddiv.o(x$fpl$ddiv) for __aeabi_ddiv
    pow.o(i.__hardfp_pow) refers to sqrt.o(i.sqrt) for sqrt
    pow.o(i.__hardfp_pow) refers to fabs.o(i.fabs) for fabs
    pow.o(i.__hardfp_pow) refers to dflt_clz.o(x$fpl$dflt) for __aeabi_i2d
    pow.o(i.__hardfp_pow) refers to dunder.o(i.__mathlib_dbl_invalid) for __mathlib_dbl_invalid
    pow.o(i.__hardfp_pow) refers to dmul.o(x$fpl$dmul) for __aeabi_dmul
    pow.o(i.__hardfp_pow) refers to dunder.o(i.__mathlib_dbl_underflow) for __mathlib_dbl_underflow
    pow.o(i.__hardfp_pow) refers to daddsub_clz.o(x$fpl$dsub) for __aeabi_dsub
    pow.o(i.__hardfp_pow) refers to daddsub_clz.o(x$fpl$drsb) for __aeabi_drsub
    pow.o(i.__hardfp_pow) refers to qnan.o(.constdata) for __mathlib_zero
    pow.o(i.__hardfp_pow) refers to daddsub_clz.o(x$fpl$dadd) for __aeabi_dadd
    pow.o(i.__hardfp_pow) refers to poly.o(i.__kernel_poly) for __kernel_poly
    pow.o(i.__hardfp_pow) refers to pow.o(.constdata) for .constdata
    pow.o(i.__hardfp_pow) refers to drleqf.o(x$fpl$drleqf) for __aeabi_cdrcmple
    pow.o(i.__hardfp_pow) refers to scalbn.o(x$fpl$scalbn) for __ARM_scalbn
    pow.o(i.__hardfp_pow) refers to fpclassify.o(i.__ARM_fpclassify) for __ARM_fpclassify
    pow.o(i.__softfp_pow) refers (Special) to usenofp.o(x$fpl$usenofp) for __I$use$fp
    pow.o(i.__softfp_pow) refers to pow.o(i.__hardfp_pow) for __hardfp_pow
    pow.o(i.pow) refers (Special) to usenofp.o(x$fpl$usenofp) for __I$use$fp
    pow.o(i.pow) refers to pow.o(i.__hardfp_pow) for __hardfp_pow
    pow.o(.constdata) refers (Special) to usenofp.o(x$fpl$usenofp) for __I$use$fp
    pow_x.o(i.____hardfp_pow$lsc) refers (Special) to usenofp.o(x$fpl$usenofp) for __I$use$fp
    pow_x.o(i.____hardfp_pow$lsc) refers to dunder.o(i.__mathlib_dbl_infnan2) for __mathlib_dbl_infnan2
    pow_x.o(i.____hardfp_pow$lsc) refers to _rserrno.o(.text) for __set_errno
    pow_x.o(i.____hardfp_pow$lsc) refers to basic.o(x$fpl$basic) for __aeabi_dneg
    pow_x.o(i.____hardfp_pow$lsc) refers to ddiv.o(x$fpl$ddiv) for __aeabi_ddiv
    pow_x.o(i.____hardfp_pow$lsc) refers to sqrt.o(i.sqrt) for sqrt
    pow_x.o(i.____hardfp_pow$lsc) refers to fabs.o(i.fabs) for fabs
    pow_x.o(i.____hardfp_pow$lsc) refers to dflt_clz.o(x$fpl$dflt) for __aeabi_i2d
    pow_x.o(i.____hardfp_pow$lsc) refers to dmul.o(x$fpl$dmul) for __aeabi_dmul
    pow_x.o(i.____hardfp_pow$lsc) refers to daddsub_clz.o(x$fpl$dsub) for __aeabi_dsub
    pow_x.o(i.____hardfp_pow$lsc) refers to daddsub_clz.o(x$fpl$drsb) for __aeabi_drsub
    pow_x.o(i.____hardfp_pow$lsc) refers to qnan.o(.constdata) for __mathlib_zero
    pow_x.o(i.____hardfp_pow$lsc) refers to daddsub_clz.o(x$fpl$dadd) for __aeabi_dadd
    pow_x.o(i.____hardfp_pow$lsc) refers to poly.o(i.__kernel_poly) for __kernel_poly
    pow_x.o(i.____hardfp_pow$lsc) refers to pow_x.o(.constdata) for .constdata
    pow_x.o(i.____hardfp_pow$lsc) refers to drleqf.o(x$fpl$drleqf) for __aeabi_cdrcmple
    pow_x.o(i.____hardfp_pow$lsc) refers to scalbn.o(x$fpl$scalbn) for __ARM_scalbn
    pow_x.o(i.____softfp_pow$lsc) refers (Special) to usenofp.o(x$fpl$usenofp) for __I$use$fp
    pow_x.o(i.____softfp_pow$lsc) refers to pow_x.o(i.____hardfp_pow$lsc) for ____hardfp_pow$lsc
    pow_x.o(i.__pow$lsc) refers (Special) to usenofp.o(x$fpl$usenofp) for __I$use$fp
    pow_x.o(i.__pow$lsc) refers to pow_x.o(i.____hardfp_pow$lsc) for ____hardfp_pow$lsc
    pow_x.o(.constdata) refers (Special) to usenofp.o(x$fpl$usenofp) for __I$use$fp
    sqrt.o(i.__hardfp_sqrt) refers (Special) to usenofp.o(x$fpl$usenofp) for __I$use$fp
    sqrt.o(i.__hardfp_sqrt) refers to dsqrt_umaal.o(x$fpl$dsqrt) for _dsqrt
    sqrt.o(i.__hardfp_sqrt) refers to _rserrno.o(.text) for __set_errno
    sqrt.o(i.__softfp_sqrt) refers (Special) to usenofp.o(x$fpl$usenofp) for __I$use$fp
    sqrt.o(i.__softfp_sqrt) refers to dsqrt_umaal.o(x$fpl$dsqrt) for _dsqrt
    sqrt.o(i.__softfp_sqrt) refers to _rserrno.o(.text) for __set_errno
    sqrt.o(i.sqrt) refers (Special) to usenofp.o(x$fpl$usenofp) for __I$use$fp
    sqrt.o(i.sqrt) refers to dsqrt_umaal.o(x$fpl$dsqrt) for _dsqrt
    sqrt.o(i.sqrt) refers to _rserrno.o(.text) for __set_errno
    sqrt_x.o(i.____hardfp_sqrt$lsc) refers (Special) to usenofp.o(x$fpl$usenofp) for __I$use$fp
    sqrt_x.o(i.____hardfp_sqrt$lsc) refers to dleqf.o(x$fpl$dleqf) for __aeabi_cdcmple
    sqrt_x.o(i.____hardfp_sqrt$lsc) refers to _rserrno.o(.text) for __set_errno
    sqrt_x.o(i.____hardfp_sqrt$lsc) refers to dsqrt_umaal.o(x$fpl$dsqrt) for _dsqrt
    sqrt_x.o(i.____softfp_sqrt$lsc) refers (Special) to usenofp.o(x$fpl$usenofp) for __I$use$fp
    sqrt_x.o(i.____softfp_sqrt$lsc) refers to dleqf.o(x$fpl$dleqf) for __aeabi_cdcmple
    sqrt_x.o(i.____softfp_sqrt$lsc) refers to _rserrno.o(.text) for __set_errno
    sqrt_x.o(i.____softfp_sqrt$lsc) refers to dsqrt_umaal.o(x$fpl$dsqrt) for _dsqrt
    sqrt_x.o(i.__sqrt$lsc) refers (Special) to usenofp.o(x$fpl$usenofp) for __I$use$fp
    sqrt_x.o(i.__sqrt$lsc) refers to dleqf.o(x$fpl$dleqf) for __aeabi_cdcmple
    sqrt_x.o(i.__sqrt$lsc) refers to _rserrno.o(.text) for __set_errno
    sqrt_x.o(i.__sqrt$lsc) refers to dsqrt_umaal.o(x$fpl$dsqrt) for _dsqrt
    __rtentry.o(.ARM.Collect$$rtentry$$00000000) refers (Special) to __rtentry2.o(.ARM.Collect$$rtentry$$0000000A) for __rt_entry_li
    __rtentry.o(.ARM.Collect$$rtentry$$00000000) refers (Special) to __rtentry2.o(.ARM.Collect$$rtentry$$0000000D) for __rt_entry_main
    __rtentry.o(.ARM.Collect$$rtentry$$00000000) refers (Special) to __rtentry2.o(.ARM.Collect$$rtentry$$0000000C) for __rt_entry_postli_1
    __rtentry.o(.ARM.Collect$$rtentry$$00000000) refers (Special) to __rtentry2.o(.ARM.Collect$$rtentry$$00000009) for __rt_entry_postsh_1
    __rtentry.o(.ARM.Collect$$rtentry$$00000000) refers (Special) to __rtentry2.o(.ARM.Collect$$rtentry$$00000002) for __rt_entry_presh_1
    __rtentry.o(.ARM.Collect$$rtentry$$00000000) refers (Special) to __rtentry4.o(.ARM.Collect$$rtentry$$00000004) for __rt_entry_sh
    _rserrno.o(.text) refers to rt_errno_addr_intlibspace.o(.text) for __aeabi_errno_addr
    basic.o(x$fpl$basic) refers (Special) to usenofp.o(x$fpl$usenofp) for __I$use$fp
    dleqf.o(x$fpl$dleqf) refers (Special) to usenofp.o(x$fpl$usenofp) for __I$use$fp
    dleqf.o(x$fpl$dleqf) refers to dnaninf.o(x$fpl$dnaninf) for __fpl_dnaninf
    dleqf.o(x$fpl$dleqf) refers to dcmpi.o(x$fpl$dcmpinf) for __fpl_dcmp_Inf
    dnaninf.o(x$fpl$dnaninf) refers (Special) to usenofp.o(x$fpl$usenofp) for __I$use$fp
    dretinf.o(x$fpl$dretinf) refers (Special) to usenofp.o(x$fpl$usenofp) for __I$use$fp
    drleqf.o(x$fpl$drleqf) refers (Special) to usenofp.o(x$fpl$usenofp) for __I$use$fp
    drleqf.o(x$fpl$drleqf) refers to dleqf.o(x$fpl$dleqf) for __fpl_dcmple_InfNaN
    dsqrt_umaal.o(x$fpl$dsqrt) refers (Special) to usenofp.o(x$fpl$usenofp) for __I$use$fp
    dsqrt_umaal.o(x$fpl$dsqrt) refers to dnaninf.o(x$fpl$dnaninf) for __fpl_dnaninf
    scalbn.o(x$fpl$scalbn) refers (Special) to usenofp.o(x$fpl$usenofp) for __I$use$fp
    scalbn.o(x$fpl$scalbn) refers to dcheck1.o(x$fpl$dcheck1) for __fpl_dcheck_NaN1
    cos_i.o(i.__kernel_cos) refers (Special) to usenofp.o(x$fpl$usenofp) for __I$use$fp
    cos_i.o(i.__kernel_cos) refers to dfix.o(x$fpl$dfix) for __aeabi_d2iz
    cos_i.o(i.__kernel_cos) refers to dmul.o(x$fpl$dmul) for __aeabi_dmul
    cos_i.o(i.__kernel_cos) refers to poly.o(i.__kernel_poly) for __kernel_poly
    cos_i.o(i.__kernel_cos) refers to daddsub_clz.o(x$fpl$dsub) for __aeabi_dsub
    cos_i.o(i.__kernel_cos) refers to daddsub_clz.o(x$fpl$drsb) for __aeabi_drsub
    cos_i.o(i.__kernel_cos) refers to cos_i.o(.constdata) for .constdata
    cos_i.o(.constdata) refers (Special) to usenofp.o(x$fpl$usenofp) for __I$use$fp
    dunder.o(i.__mathlib_dbl_divzero) refers to ddiv.o(x$fpl$ddiv) for __aeabi_ddiv
    dunder.o(i.__mathlib_dbl_infnan) refers to daddsub_clz.o(x$fpl$dadd) for __aeabi_dadd
    dunder.o(i.__mathlib_dbl_infnan2) refers to daddsub_clz.o(x$fpl$dadd) for __aeabi_dadd
    dunder.o(i.__mathlib_dbl_invalid) refers to ddiv.o(x$fpl$ddiv) for __aeabi_ddiv
    dunder.o(i.__mathlib_dbl_overflow) refers to dmul.o(x$fpl$dmul) for __aeabi_dmul
    dunder.o(i.__mathlib_dbl_posinfnan) refers to dmul.o(x$fpl$dmul) for __aeabi_dmul
    dunder.o(i.__mathlib_dbl_underflow) refers to dmul.o(x$fpl$dmul) for __aeabi_dmul
    fpclassify.o(i.__ARM_fpclassify) refers (Special) to usenofp.o(x$fpl$usenofp) for __I$use$fp
    poly.o(i.__kernel_poly) refers (Special) to usenofp.o(x$fpl$usenofp) for __I$use$fp
    poly.o(i.__kernel_poly) refers to dmul.o(x$fpl$dmul) for __aeabi_dmul
    poly.o(i.__kernel_poly) refers to daddsub_clz.o(x$fpl$dadd) for __aeabi_dadd
    qnan.o(.constdata) refers (Special) to usenofp.o(x$fpl$usenofp) for __I$use$fp
    rred.o(i.__ieee754_rem_pio2) refers (Special) to usenofp.o(x$fpl$usenofp) for __I$use$fp
    rred.o(i.__ieee754_rem_pio2) refers to daddsub_clz.o(x$fpl$dsub) for __aeabi_dsub
    rred.o(i.__ieee754_rem_pio2) refers to daddsub_clz.o(x$fpl$dadd) for __aeabi_dadd
    rred.o(i.__ieee754_rem_pio2) refers to fabs.o(i.fabs) for fabs
    rred.o(i.__ieee754_rem_pio2) refers to dmul.o(x$fpl$dmul) for __aeabi_dmul
    rred.o(i.__ieee754_rem_pio2) refers to dfix.o(x$fpl$dfix) for __aeabi_d2iz
    rred.o(i.__ieee754_rem_pio2) refers to dflt_clz.o(x$fpl$dflt) for __aeabi_i2d
    rred.o(i.__ieee754_rem_pio2) refers to daddsub_clz.o(x$fpl$drsb) for __aeabi_drsub
    rred.o(i.__ieee754_rem_pio2) refers to basic.o(x$fpl$basic) for __aeabi_dneg
    rred.o(i.__ieee754_rem_pio2) refers to dflt_clz.o(x$fpl$dfltu) for __aeabi_ui2d
    rred.o(i.__ieee754_rem_pio2) refers to rred.o(.constdata) for .constdata
    rred.o(i.__use_accurate_range_reduction) refers (Special) to usenofp.o(x$fpl$usenofp) for __I$use$fp
    rred.o(.constdata) refers (Special) to usenofp.o(x$fpl$usenofp) for __I$use$fp
    sin_i.o(i.__kernel_sin) refers (Special) to usenofp.o(x$fpl$usenofp) for __I$use$fp
    sin_i.o(i.__kernel_sin) refers to fpclassify.o(i.__ARM_fpclassify) for __ARM_fpclassify
    sin_i.o(i.__kernel_sin) refers to dunder.o(i.__mathlib_dbl_underflow) for __mathlib_dbl_underflow
    sin_i.o(i.__kernel_sin) refers to dmul.o(x$fpl$dmul) for __aeabi_dmul
    sin_i.o(i.__kernel_sin) refers to poly.o(i.__kernel_poly) for __kernel_poly
    sin_i.o(i.__kernel_sin) refers to daddsub_clz.o(x$fpl$dsub) for __aeabi_dsub
    sin_i.o(i.__kernel_sin) refers to daddsub_clz.o(x$fpl$drsb) for __aeabi_drsub
    sin_i.o(i.__kernel_sin) refers to daddsub_clz.o(x$fpl$dadd) for __aeabi_dadd
    sin_i.o(i.__kernel_sin) refers to sin_i.o(.constdata) for .constdata
    sin_i.o(.constdata) refers (Special) to usenofp.o(x$fpl$usenofp) for __I$use$fp
    sin_i_x.o(i.____kernel_sin$lsc) refers (Special) to usenofp.o(x$fpl$usenofp) for __I$use$fp
    sin_i_x.o(i.____kernel_sin$lsc) refers to dmul.o(x$fpl$dmul) for __aeabi_dmul
    sin_i_x.o(i.____kernel_sin$lsc) refers to poly.o(i.__kernel_poly) for __kernel_poly
    sin_i_x.o(i.____kernel_sin$lsc) refers to daddsub_clz.o(x$fpl$dsub) for __aeabi_dsub
    sin_i_x.o(i.____kernel_sin$lsc) refers to daddsub_clz.o(x$fpl$drsb) for __aeabi_drsub
    sin_i_x.o(i.____kernel_sin$lsc) refers to daddsub_clz.o(x$fpl$dadd) for __aeabi_dadd
    sin_i_x.o(i.____kernel_sin$lsc) refers to sin_i_x.o(.constdata) for .constdata
    sin_i_x.o(.constdata) refers (Special) to usenofp.o(x$fpl$usenofp) for __I$use$fp
    __rtentry2.o(.ARM.Collect$$rtentry$$00000008) refers to boardinit2.o(.text) for _platform_post_stackheap_init
    __rtentry2.o(.ARM.Collect$$rtentry$$0000000A) refers to libinit.o(.ARM.Collect$$libinit$$00000000) for __rt_lib_init
    __rtentry2.o(.ARM.Collect$$rtentry$$0000000B) refers to boardinit3.o(.text) for _platform_post_lib_init
    __rtentry2.o(.ARM.Collect$$rtentry$$0000000D) refers to exit.o(.text) for exit
    __rtentry2.o(.ARM.exidx) refers to __rtentry2.o(.ARM.Collect$$rtentry$$00000001) for .ARM.Collect$$rtentry$$00000001
    __rtentry2.o(.ARM.exidx) refers to __rtentry2.o(.ARM.Collect$$rtentry$$00000008) for .ARM.Collect$$rtentry$$00000008
    __rtentry2.o(.ARM.exidx) refers to __rtentry2.o(.ARM.Collect$$rtentry$$0000000A) for .ARM.Collect$$rtentry$$0000000A
    __rtentry2.o(.ARM.exidx) refers to __rtentry2.o(.ARM.Collect$$rtentry$$0000000B) for .ARM.Collect$$rtentry$$0000000B
    __rtentry2.o(.ARM.exidx) refers to __rtentry2.o(.ARM.Collect$$rtentry$$0000000D) for .ARM.Collect$$rtentry$$0000000D
    __rtentry4.o(.ARM.Collect$$rtentry$$00000004) refers to sys_stackheap_outer.o(.text) for __user_setup_stackheap
    __rtentry4.o(.ARM.exidx) refers to __rtentry4.o(.ARM.Collect$$rtentry$$00000004) for .ARM.Collect$$rtentry$$00000004
    rt_errno_addr.o(.text) refers to rt_errno_addr.o(.bss) for __aeabi_errno_addr_data
    rt_errno_addr_intlibspace.o(.text) refers to libspace.o(.bss) for __libspace_start
    dcheck1.o(x$fpl$dcheck1) refers (Special) to usenofp.o(x$fpl$usenofp) for __I$use$fp
    dcheck1.o(x$fpl$dcheck1) refers to retnan.o(x$fpl$retnan) for __fpl_return_NaN
    dcmpi.o(x$fpl$dcmpinf) refers (Special) to usenofp.o(x$fpl$usenofp) for __I$use$fp
    libspace.o(.text) refers to libspace.o(.bss) for __libspace_start
    sys_stackheap_outer.o(.text) refers to libspace.o(.text) for __user_perproc_libspace
    sys_stackheap_outer.o(.text) refers to startup_stm32f407xx.o(.text) for __user_initial_stackheap
    exit.o(.text) refers to rtexit.o(.ARM.Collect$$rtexit$$00000000) for __rt_exit
    libinit.o(.ARM.Collect$$libinit$$00000000) refers (Special) to libinit2.o(.ARM.Collect$$libinit$$0000002E) for __rt_lib_init_alloca_1
    libinit.o(.ARM.Collect$$libinit$$00000000) refers (Special) to libinit2.o(.ARM.Collect$$libinit$$00000027) for __rt_lib_init_argv_1
    libinit.o(.ARM.Collect$$libinit$$00000000) refers (Special) to libinit2.o(.ARM.Collect$$libinit$$0000001B) for __rt_lib_init_atexit_1
    libinit.o(.ARM.Collect$$libinit$$00000000) refers (Special) to libinit2.o(.ARM.Collect$$libinit$$00000021) for __rt_lib_init_clock_1
    libinit.o(.ARM.Collect$$libinit$$00000000) refers (Special) to libinit2.o(.ARM.Collect$$libinit$$00000032) for __rt_lib_init_cpp_1
    libinit.o(.ARM.Collect$$libinit$$00000000) refers (Special) to libinit2.o(.ARM.Collect$$libinit$$00000030) for __rt_lib_init_exceptions_1
    libinit.o(.ARM.Collect$$libinit$$00000000) refers (Special) to libinit2.o(.ARM.Collect$$libinit$$00000001) for __rt_lib_init_fp_1
    libinit.o(.ARM.Collect$$libinit$$00000000) refers (Special) to libinit2.o(.ARM.Collect$$libinit$$0000001F) for __rt_lib_init_fp_trap_1
    libinit.o(.ARM.Collect$$libinit$$00000000) refers (Special) to libinit2.o(.ARM.Collect$$libinit$$00000023) for __rt_lib_init_getenv_1
    libinit.o(.ARM.Collect$$libinit$$00000000) refers (Special) to libinit2.o(.ARM.Collect$$libinit$$0000000A) for __rt_lib_init_heap_1
    libinit.o(.ARM.Collect$$libinit$$00000000) refers (Special) to libinit2.o(.ARM.Collect$$libinit$$00000011) for __rt_lib_init_lc_collate_1
    libinit.o(.ARM.Collect$$libinit$$00000000) refers (Special) to libinit2.o(.ARM.Collect$$libinit$$00000013) for __rt_lib_init_lc_ctype_1
    libinit.o(.ARM.Collect$$libinit$$00000000) refers (Special) to libinit2.o(.ARM.Collect$$libinit$$00000015) for __rt_lib_init_lc_monetary_1
    libinit.o(.ARM.Collect$$libinit$$00000000) refers (Special) to libinit2.o(.ARM.Collect$$libinit$$00000017) for __rt_lib_init_lc_numeric_1
    libinit.o(.ARM.Collect$$libinit$$00000000) refers (Special) to libinit2.o(.ARM.Collect$$libinit$$00000019) for __rt_lib_init_lc_time_1
    libinit.o(.ARM.Collect$$libinit$$00000000) refers (Special) to libinit2.o(.ARM.Collect$$libinit$$00000004) for __rt_lib_init_preinit_1
    libinit.o(.ARM.Collect$$libinit$$00000000) refers (Special) to libinit2.o(.ARM.Collect$$libinit$$0000000E) for __rt_lib_init_rand_1
    libinit.o(.ARM.Collect$$libinit$$00000000) refers (Special) to libinit2.o(.ARM.Collect$$libinit$$00000033) for __rt_lib_init_return
    libinit.o(.ARM.Collect$$libinit$$00000000) refers (Special) to libinit2.o(.ARM.Collect$$libinit$$0000001D) for __rt_lib_init_signal_1
    libinit.o(.ARM.Collect$$libinit$$00000000) refers (Special) to libinit2.o(.ARM.Collect$$libinit$$00000025) for __rt_lib_init_stdio_1
    libinit.o(.ARM.Collect$$libinit$$00000000) refers (Special) to libinit2.o(.ARM.Collect$$libinit$$0000000C) for __rt_lib_init_user_alloc_1
    retnan.o(x$fpl$retnan) refers (Special) to usenofp.o(x$fpl$usenofp) for __I$use$fp
    retnan.o(x$fpl$retnan) refers to trapv.o(x$fpl$trapveneer) for __fpl_cmpreturn
    rtexit.o(.ARM.Collect$$rtexit$$00000000) refers (Special) to rtexit2.o(.ARM.Collect$$rtexit$$00000004) for __rt_exit_exit
    rtexit.o(.ARM.Collect$$rtexit$$00000000) refers (Special) to rtexit2.o(.ARM.Collect$$rtexit$$00000003) for __rt_exit_ls
    rtexit.o(.ARM.Collect$$rtexit$$00000000) refers (Special) to rtexit2.o(.ARM.Collect$$rtexit$$00000002) for __rt_exit_prels_1
    rtexit.o(.ARM.exidx) refers (Special) to rtexit2.o(.ARM.Collect$$rtexit$$00000004) for __rt_exit_exit
    rtexit.o(.ARM.exidx) refers (Special) to rtexit2.o(.ARM.Collect$$rtexit$$00000003) for __rt_exit_ls
    rtexit.o(.ARM.exidx) refers (Special) to rtexit2.o(.ARM.Collect$$rtexit$$00000002) for __rt_exit_prels_1
    rtexit.o(.ARM.exidx) refers to rtexit.o(.ARM.Collect$$rtexit$$00000000) for .ARM.Collect$$rtexit$$00000000
    libinit2.o(.ARM.Collect$$libinit$$00000001) refers to fpinit.o(x$fpl$fpinit) for _fp_init
    libinit2.o(.ARM.Collect$$libinit$$00000010) refers to libinit2.o(.ARM.Collect$$libinit$$0000000F) for .ARM.Collect$$libinit$$0000000F
    libinit2.o(.ARM.Collect$$libinit$$00000012) refers to libinit2.o(.ARM.Collect$$libinit$$0000000F) for .ARM.Collect$$libinit$$0000000F
    libinit2.o(.ARM.Collect$$libinit$$00000014) refers to libinit2.o(.ARM.Collect$$libinit$$0000000F) for .ARM.Collect$$libinit$$0000000F
    libinit2.o(.ARM.Collect$$libinit$$00000016) refers to libinit2.o(.ARM.Collect$$libinit$$0000000F) for .ARM.Collect$$libinit$$0000000F
    libinit2.o(.ARM.Collect$$libinit$$00000018) refers to libinit2.o(.ARM.Collect$$libinit$$0000000F) for .ARM.Collect$$libinit$$0000000F
    libinit2.o(.ARM.Collect$$libinit$$00000026) refers to argv_veneer.o(.emb_text) for __ARM_argv_veneer
    libinit2.o(.ARM.Collect$$libinit$$00000027) refers to argv_veneer.o(.emb_text) for __ARM_argv_veneer
    trapv.o(x$fpl$trapveneer) refers (Special) to usenofp.o(x$fpl$usenofp) for __I$use$fp
    rtexit2.o(.ARM.Collect$$rtexit$$00000003) refers to libshutdown.o(.ARM.Collect$$libshutdown$$00000000) for __rt_lib_shutdown
    rtexit2.o(.ARM.Collect$$rtexit$$00000004) refers to retarget.o(i._sys_exit) for _sys_exit
    rtexit2.o(.ARM.exidx) refers to rtexit2.o(.ARM.Collect$$rtexit$$00000001) for .ARM.Collect$$rtexit$$00000001
    rtexit2.o(.ARM.exidx) refers to rtexit2.o(.ARM.Collect$$rtexit$$00000003) for .ARM.Collect$$rtexit$$00000003
    rtexit2.o(.ARM.exidx) refers to rtexit2.o(.ARM.Collect$$rtexit$$00000004) for .ARM.Collect$$rtexit$$00000004
    argv_veneer.o(.emb_text) refers to _get_argv_nomalloc.o(.text) for __ARM_get_argv
    _get_argv_nomalloc.o(.text) refers (Special) to hrguard.o(.text) for __heap_region$guard
    _get_argv_nomalloc.o(.text) refers to defsig_rtmem_outer.o(.text) for __rt_SIGRTMEM
    _get_argv_nomalloc.o(.text) refers to retarget.o(i._sys_command_string) for _sys_command_string
    libshutdown.o(.ARM.Collect$$libshutdown$$00000000) refers (Special) to libshutdown2.o(.ARM.Collect$$libshutdown$$00000004) for __rt_lib_shutdown_cpp_1
    libshutdown.o(.ARM.Collect$$libshutdown$$00000000) refers (Special) to libshutdown2.o(.ARM.Collect$$libshutdown$$00000002) for __rt_lib_shutdown_fini_1
    libshutdown.o(.ARM.Collect$$libshutdown$$00000000) refers (Special) to libshutdown2.o(.ARM.Collect$$libshutdown$$00000009) for __rt_lib_shutdown_fp_trap_1
    libshutdown.o(.ARM.Collect$$libshutdown$$00000000) refers (Special) to libshutdown2.o(.ARM.Collect$$libshutdown$$00000011) for __rt_lib_shutdown_heap_1
    libshutdown.o(.ARM.Collect$$libshutdown$$00000000) refers (Special) to libshutdown2.o(.ARM.Collect$$libshutdown$$00000012) for __rt_lib_shutdown_return
    libshutdown.o(.ARM.Collect$$libshutdown$$00000000) refers (Special) to libshutdown2.o(.ARM.Collect$$libshutdown$$0000000C) for __rt_lib_shutdown_signal_1
    libshutdown.o(.ARM.Collect$$libshutdown$$00000000) refers (Special) to libshutdown2.o(.ARM.Collect$$libshutdown$$00000006) for __rt_lib_shutdown_stdio_1
    libshutdown.o(.ARM.Collect$$libshutdown$$00000000) refers (Special) to libshutdown2.o(.ARM.Collect$$libshutdown$$0000000E) for __rt_lib_shutdown_user_alloc_1
    defsig_rtmem_outer.o(.text) refers to defsig_rtmem_inner.o(.text) for __rt_SIGRTMEM_inner
    defsig_rtmem_outer.o(.text) refers to defsig_exit.o(.text) for __sig_exit
    defsig_rtmem_formal.o(.text) refers to rt_raise.o(.text) for __rt_raise
    rt_raise.o(.text) refers to __raise.o(.text) for __raise
    rt_raise.o(.text) refers to retarget.o(i._sys_exit) for _sys_exit
    defsig_exit.o(.text) refers to retarget.o(i._sys_exit) for _sys_exit
    defsig_rtmem_inner.o(.text) refers to defsig_general.o(.text) for __default_signal_display
    __raise.o(.text) refers to defsig.o(CL$$defsig) for __default_signal_handler
    defsig_general.o(.text) refers to retarget.o(i._ttywrch) for _ttywrch
    defsig.o(CL$$defsig) refers to defsig_rtmem_inner.o(.text) for __rt_SIGRTMEM_inner
    defsig_abrt_inner.o(.text) refers to defsig_general.o(.text) for __default_signal_display
    defsig_fpe_inner.o(.text) refers to defsig_general.o(.text) for __default_signal_display
    defsig_rtred_inner.o(.text) refers to defsig_general.o(.text) for __default_signal_display
    defsig_stak_inner.o(.text) refers to defsig_general.o(.text) for __default_signal_display
    defsig_pvfn_inner.o(.text) refers to defsig_general.o(.text) for __default_signal_display
    defsig_cppl_inner.o(.text) refers to defsig_general.o(.text) for __default_signal_display
    defsig_segv_inner.o(.text) refers to defsig_general.o(.text) for __default_signal_display
    defsig_other.o(.text) refers to defsig_general.o(.text) for __default_signal_display
    my_math.o(i._ZSt3powdi) refers to dflt_clz.o(x$fpl$dflt) for __aeabi_i2d
    my_math.o(i._ZSt3powdi) refers to pow.o(i.__hardfp_pow) for __hardfp_pow
    my_math.o(.ARM.exidx) refers to my_math.o(i._ZSt3powdi) for i._ZSt3powdi


==============================================================================

Removing Unused input sections from the image.

    Removing retarget.o(.rev16_text), (4 bytes).
    Removing retarget.o(.revsh_text), (4 bytes).
    Removing retarget.o(.rrx_text), (6 bytes).
    Removing retarget.o(i.__aeabi_atexit), (4 bytes).
    Removing retarget.o(i.assert_failed), (10 bytes).
    Removing retarget.o(i.ferror), (8 bytes).
    Removing retarget.o(i.fgetc), (6 bytes).
    Removing retarget.o(i.fputc), (14 bytes).
    Removing retarget.o(.ARM.exidx), (8 bytes).
    Removing retarget.o(.ARM.exidx), (8 bytes).
    Removing retarget.o(.ARM.exidx), (8 bytes).
    Removing retarget.o(.ARM.exidx), (8 bytes).
    Removing retarget.o(.ARM.exidx), (8 bytes).
    Removing retarget.o(.ARM.exidx), (8 bytes).
    Removing retarget.o(.ARM.exidx), (8 bytes).
    Removing retarget.o(.ARM.exidx), (8 bytes).
    Removing retarget.o(.ARM.exidx), (8 bytes).
    Removing retarget.o(.data), (12 bytes).
    Removing system_stm32f4xx.o(.rev16_text), (4 bytes).
    Removing system_stm32f4xx.o(.revsh_text), (4 bytes).
    Removing system_stm32f4xx.o(.rrx_text), (6 bytes).
    Removing system_stm32f4xx.o(i.SystemCoreClockUpdate), (192 bytes).
    Removing system_stm32f4xx.o(.constdata), (24 bytes).
    Removing system_stm32f4xx.o(.data), (4 bytes).
    Removing main.o(.rev16_text), (4 bytes).
    Removing main.o(.revsh_text), (4 bytes).
    Removing main.o(.rrx_text), (6 bytes).
    Removing misc.o(.rev16_text), (4 bytes).
    Removing misc.o(.revsh_text), (4 bytes).
    Removing misc.o(.rrx_text), (6 bytes).
    Removing misc.o(i.NVIC_Init), (204 bytes).
    Removing misc.o(i.NVIC_PriorityGroupConfig), (92 bytes).
    Removing misc.o(i.NVIC_SetVectorTable), (100 bytes).
    Removing misc.o(i.NVIC_SystemLPConfig), (104 bytes).
    Removing misc.o(i.SysTick_CLKSourceConfig), (92 bytes).
    Removing stm32f4xx_adc.o(.rev16_text), (4 bytes).
    Removing stm32f4xx_adc.o(.revsh_text), (4 bytes).
    Removing stm32f4xx_adc.o(.rrx_text), (6 bytes).
    Removing stm32f4xx_adc.o(i.ADC_AnalogWatchdogCmd), (164 bytes).
    Removing stm32f4xx_adc.o(i.ADC_AnalogWatchdogSingleChannelConfig), (184 bytes).
    Removing stm32f4xx_adc.o(i.ADC_AnalogWatchdogThresholdsConfig), (128 bytes).
    Removing stm32f4xx_adc.o(i.ADC_AutoInjectedConvCmd), (124 bytes).
    Removing stm32f4xx_adc.o(i.ADC_ClearFlag), (112 bytes).
    Removing stm32f4xx_adc.o(i.ADC_ClearITPendingBit), (136 bytes).
    Removing stm32f4xx_adc.o(i.ADC_Cmd), (124 bytes).
    Removing stm32f4xx_adc.o(i.ADC_CommonInit), (392 bytes).
    Removing stm32f4xx_adc.o(i.ADC_CommonStructInit), (12 bytes).
    Removing stm32f4xx_adc.o(i.ADC_ContinuousModeCmd), (124 bytes).
    Removing stm32f4xx_adc.o(i.ADC_DMACmd), (124 bytes).
    Removing stm32f4xx_adc.o(i.ADC_DMARequestAfterLastTransferCmd), (124 bytes).
    Removing stm32f4xx_adc.o(i.ADC_DeInit), (22 bytes).
    Removing stm32f4xx_adc.o(i.ADC_DiscModeChannelCountConfig), (128 bytes).
    Removing stm32f4xx_adc.o(i.ADC_DiscModeCmd), (124 bytes).
    Removing stm32f4xx_adc.o(i.ADC_EOCOnEachRegularChannelCmd), (124 bytes).
    Removing stm32f4xx_adc.o(i.ADC_ExternalTrigInjectedConvConfig), (204 bytes).
    Removing stm32f4xx_adc.o(i.ADC_ExternalTrigInjectedConvEdgeConfig), (132 bytes).
    Removing stm32f4xx_adc.o(i.ADC_GetConversionValue), (88 bytes).
    Removing stm32f4xx_adc.o(i.ADC_GetFlagStatus), (140 bytes).
    Removing stm32f4xx_adc.o(i.ADC_GetITStatus), (172 bytes).
    Removing stm32f4xx_adc.o(i.ADC_GetInjectedConversionValue), (136 bytes).
    Removing stm32f4xx_adc.o(i.ADC_GetMultiModeConversionValue), (12 bytes).
    Removing stm32f4xx_adc.o(i.ADC_GetSoftwareStartConvStatus), (104 bytes).
    Removing stm32f4xx_adc.o(i.ADC_GetSoftwareStartInjectedConvCmdStatus), (104 bytes).
    Removing stm32f4xx_adc.o(i.ADC_ITConfig), (180 bytes).
    Removing stm32f4xx_adc.o(i.ADC_Init), (460 bytes).
    Removing stm32f4xx_adc.o(i.ADC_InjectedChannelConfig), (380 bytes).
    Removing stm32f4xx_adc.o(i.ADC_InjectedDiscModeCmd), (124 bytes).
    Removing stm32f4xx_adc.o(i.ADC_InjectedSequencerLengthConfig), (128 bytes).
    Removing stm32f4xx_adc.o(i.ADC_MultiModeDMARequestAfterLastTransferCmd), (100 bytes).
    Removing stm32f4xx_adc.o(i.ADC_RegularChannelConfig), (456 bytes).
    Removing stm32f4xx_adc.o(i.ADC_SetInjectedOffset), (152 bytes).
    Removing stm32f4xx_adc.o(i.ADC_SoftwareStartConv), (92 bytes).
    Removing stm32f4xx_adc.o(i.ADC_SoftwareStartInjectedConv), (92 bytes).
    Removing stm32f4xx_adc.o(i.ADC_StructInit), (20 bytes).
    Removing stm32f4xx_adc.o(i.ADC_TempSensorVrefintCmd), (100 bytes).
    Removing stm32f4xx_adc.o(i.ADC_VBATCmd), (100 bytes).
    Removing stm32f4xx_crc.o(.rev16_text), (4 bytes).
    Removing stm32f4xx_crc.o(.revsh_text), (4 bytes).
    Removing stm32f4xx_crc.o(.rrx_text), (6 bytes).
    Removing stm32f4xx_crc.o(i.CRC_CalcBlockCRC), (36 bytes).
    Removing stm32f4xx_crc.o(i.CRC_CalcCRC), (16 bytes).
    Removing stm32f4xx_crc.o(i.CRC_GetCRC), (12 bytes).
    Removing stm32f4xx_crc.o(i.CRC_GetIDRegister), (12 bytes).
    Removing stm32f4xx_crc.o(i.CRC_ResetDR), (12 bytes).
    Removing stm32f4xx_crc.o(i.CRC_SetIDRegister), (12 bytes).
    Removing stm32f4xx_dac.o(.rev16_text), (4 bytes).
    Removing stm32f4xx_dac.o(.revsh_text), (4 bytes).
    Removing stm32f4xx_dac.o(.rrx_text), (6 bytes).
    Removing stm32f4xx_dac.o(i.DAC_ClearFlag), (92 bytes).
    Removing stm32f4xx_dac.o(i.DAC_ClearITPendingBit), (92 bytes).
    Removing stm32f4xx_dac.o(i.DAC_Cmd), (116 bytes).
    Removing stm32f4xx_dac.o(i.DAC_DMACmd), (120 bytes).
    Removing stm32f4xx_dac.o(i.DAC_DeInit), (22 bytes).
    Removing stm32f4xx_dac.o(i.DAC_DualSoftwareTriggerCmd), (92 bytes).
    Removing stm32f4xx_dac.o(i.DAC_GetDataOutputValue), (92 bytes).
    Removing stm32f4xx_dac.o(i.DAC_GetFlagStatus), (108 bytes).
    Removing stm32f4xx_dac.o(i.DAC_GetITStatus), (128 bytes).
    Removing stm32f4xx_dac.o(i.DAC_ITConfig), (136 bytes).
    Removing stm32f4xx_dac.o(i.DAC_Init), (400 bytes).
    Removing stm32f4xx_dac.o(i.DAC_SetChannel1Data), (112 bytes).
    Removing stm32f4xx_dac.o(i.DAC_SetChannel2Data), (112 bytes).
    Removing stm32f4xx_dac.o(i.DAC_SetDualChannelData), (148 bytes).
    Removing stm32f4xx_dac.o(i.DAC_SoftwareTriggerCmd), (120 bytes).
    Removing stm32f4xx_dac.o(i.DAC_StructInit), (12 bytes).
    Removing stm32f4xx_dac.o(i.DAC_WaveGenerationCmd), (140 bytes).
    Removing stm32f4xx_dma.o(.rev16_text), (4 bytes).
    Removing stm32f4xx_dma.o(.revsh_text), (4 bytes).
    Removing stm32f4xx_dma.o(.rrx_text), (6 bytes).
    Removing stm32f4xx_dma.o(i.DMA_ClearFlag), (268 bytes).
    Removing stm32f4xx_dma.o(i.DMA_ClearITPendingBit), (268 bytes).
    Removing stm32f4xx_dma.o(i.DMA_Cmd), (228 bytes).
    Removing stm32f4xx_dma.o(i.DMA_DeInit), (520 bytes).
    Removing stm32f4xx_dma.o(i.DMA_DoubleBufferModeCmd), (228 bytes).
    Removing stm32f4xx_dma.o(i.DMA_DoubleBufferModeConfig), (232 bytes).
    Removing stm32f4xx_dma.o(i.DMA_FlowControllerConfig), (228 bytes).
    Removing stm32f4xx_dma.o(i.DMA_GetCmdStatus), (204 bytes).
    Removing stm32f4xx_dma.o(i.DMA_GetCurrDataCounter), (192 bytes).
    Removing stm32f4xx_dma.o(i.DMA_GetCurrentMemoryTarget), (204 bytes).
    Removing stm32f4xx_dma.o(i.DMA_GetFIFOStatus), (196 bytes).
    Removing stm32f4xx_dma.o(i.DMA_GetFlagStatus), (592 bytes).
    Removing stm32f4xx_dma.o(i.DMA_GetITStatus), (696 bytes).
    Removing stm32f4xx_dma.o(i.DMA_ITConfig), (284 bytes).
    Removing stm32f4xx_dma.o(i.DMA_Init), (708 bytes).
    Removing stm32f4xx_dma.o(i.DMA_MemoryTargetConfig), (220 bytes).
    Removing stm32f4xx_dma.o(i.DMA_PeriphIncOffsetSizeConfig), (228 bytes).
    Removing stm32f4xx_dma.o(i.DMA_SetCurrDataCounter), (192 bytes).
    Removing stm32f4xx_dma.o(i.DMA_StructInit), (34 bytes).
    Removing stm32f4xx_gpio.o(.rev16_text), (4 bytes).
    Removing stm32f4xx_gpio.o(.revsh_text), (4 bytes).
    Removing stm32f4xx_gpio.o(.rrx_text), (6 bytes).
    Removing stm32f4xx_gpio.o(i.GPIO_DeInit), (424 bytes).
    Removing stm32f4xx_gpio.o(i.GPIO_Init), (432 bytes).
    Removing stm32f4xx_gpio.o(i.GPIO_PinAFConfig), (432 bytes).
    Removing stm32f4xx_gpio.o(i.GPIO_PinLockConfig), (212 bytes).
    Removing stm32f4xx_gpio.o(i.GPIO_ReadInputData), (168 bytes).
    Removing stm32f4xx_gpio.o(i.GPIO_ReadInputDataBit), (276 bytes).
    Removing stm32f4xx_gpio.o(i.GPIO_ReadOutputData), (168 bytes).
    Removing stm32f4xx_gpio.o(i.GPIO_ReadOutputDataBit), (276 bytes).
    Removing stm32f4xx_gpio.o(i.GPIO_ResetBits), (184 bytes).
    Removing stm32f4xx_gpio.o(i.GPIO_SetBits), (184 bytes).
    Removing stm32f4xx_gpio.o(i.GPIO_StructInit), (18 bytes).
    Removing stm32f4xx_gpio.o(i.GPIO_ToggleBits), (172 bytes).
    Removing stm32f4xx_gpio.o(i.GPIO_Write), (168 bytes).
    Removing stm32f4xx_gpio.o(i.GPIO_WriteBit), (288 bytes).
    Removing stm32f4xx_rcc.o(.rev16_text), (4 bytes).
    Removing stm32f4xx_rcc.o(.revsh_text), (4 bytes).
    Removing stm32f4xx_rcc.o(.rrx_text), (6 bytes).
    Removing stm32f4xx_rcc.o(i.RCC_AHB1PeriphClockCmd), (116 bytes).
    Removing stm32f4xx_rcc.o(i.RCC_AHB1PeriphClockLPModeCmd), (116 bytes).
    Removing stm32f4xx_rcc.o(i.RCC_AHB1PeriphResetCmd), (116 bytes).
    Removing stm32f4xx_rcc.o(i.RCC_AHB2PeriphClockCmd), (112 bytes).
    Removing stm32f4xx_rcc.o(i.RCC_AHB2PeriphClockLPModeCmd), (112 bytes).
    Removing stm32f4xx_rcc.o(i.RCC_AHB2PeriphResetCmd), (112 bytes).
    Removing stm32f4xx_rcc.o(i.RCC_AHB3PeriphClockCmd), (112 bytes).
    Removing stm32f4xx_rcc.o(i.RCC_AHB3PeriphClockLPModeCmd), (112 bytes).
    Removing stm32f4xx_rcc.o(i.RCC_AHB3PeriphResetCmd), (112 bytes).
    Removing stm32f4xx_rcc.o(i.RCC_APB1PeriphClockCmd), (112 bytes).
    Removing stm32f4xx_rcc.o(i.RCC_APB1PeriphClockLPModeCmd), (112 bytes).
    Removing stm32f4xx_rcc.o(i.RCC_APB1PeriphResetCmd), (112 bytes).
    Removing stm32f4xx_rcc.o(i.RCC_APB2PeriphClockCmd), (116 bytes).
    Removing stm32f4xx_rcc.o(i.RCC_APB2PeriphClockLPModeCmd), (116 bytes).
    Removing stm32f4xx_rcc.o(i.RCC_APB2PeriphResetCmd), (116 bytes).
    Removing stm32f4xx_rcc.o(i.RCC_AdjustHSICalibrationValue), (80 bytes).
    Removing stm32f4xx_rcc.o(i.RCC_BackupResetCmd), (68 bytes).
    Removing stm32f4xx_rcc.o(i.RCC_ClearFlag), (20 bytes).
    Removing stm32f4xx_rcc.o(i.RCC_ClearITPendingBit), (64 bytes).
    Removing stm32f4xx_rcc.o(i.RCC_ClockSecuritySystemCmd), (68 bytes).
    Removing stm32f4xx_rcc.o(i.RCC_DeInit), (100 bytes).
    Removing stm32f4xx_rcc.o(i.RCC_GetClocksFreq), (232 bytes).
    Removing stm32f4xx_rcc.o(i.RCC_GetFlagStatus), (176 bytes).
    Removing stm32f4xx_rcc.o(i.RCC_GetITStatus), (108 bytes).
    Removing stm32f4xx_rcc.o(i.RCC_GetSYSCLKSource), (16 bytes).
    Removing stm32f4xx_rcc.o(i.RCC_HCLKConfig), (108 bytes).
    Removing stm32f4xx_rcc.o(i.RCC_HSEConfig), (80 bytes).
    Removing stm32f4xx_rcc.o(i.RCC_HSICmd), (68 bytes).
    Removing stm32f4xx_rcc.o(i.RCC_I2SCLKConfig), (68 bytes).
    Removing stm32f4xx_rcc.o(i.RCC_ITConfig), (112 bytes).
    Removing stm32f4xx_rcc.o(i.RCC_LSEConfig), (108 bytes).
    Removing stm32f4xx_rcc.o(i.RCC_LSEModeConfig), (96 bytes).
    Removing stm32f4xx_rcc.o(i.RCC_LSICmd), (68 bytes).
    Removing stm32f4xx_rcc.o(i.RCC_LTDCCLKDivConfig), (92 bytes).
    Removing stm32f4xx_rcc.o(i.RCC_MCO1Config), (140 bytes).
    Removing stm32f4xx_rcc.o(i.RCC_MCO2Config), (140 bytes).
    Removing stm32f4xx_rcc.o(i.RCC_PCLK1Config), (100 bytes).
    Removing stm32f4xx_rcc.o(i.RCC_PCLK2Config), (100 bytes).
    Removing stm32f4xx_rcc.o(i.RCC_PLLCmd), (68 bytes).
    Removing stm32f4xx_rcc.o(i.RCC_PLLConfig), (196 bytes).
    Removing stm32f4xx_rcc.o(i.RCC_PLLI2SCmd), (68 bytes).
    Removing stm32f4xx_rcc.o(i.RCC_PLLI2SConfig), (100 bytes).
    Removing stm32f4xx_rcc.o(i.RCC_PLLSAICmd), (68 bytes).
    Removing stm32f4xx_rcc.o(i.RCC_PLLSAIConfig), (128 bytes).
    Removing stm32f4xx_rcc.o(i.RCC_RTCCLKCmd), (68 bytes).
    Removing stm32f4xx_rcc.o(i.RCC_RTCCLKConfig), (424 bytes).
    Removing stm32f4xx_rcc.o(i.RCC_SAIBlockACLKConfig), (88 bytes).
    Removing stm32f4xx_rcc.o(i.RCC_SAIBlockBCLKConfig), (88 bytes).
    Removing stm32f4xx_rcc.o(i.RCC_SAIPLLI2SClkDivConfig), (84 bytes).
    Removing stm32f4xx_rcc.o(i.RCC_SAIPLLSAIClkDivConfig), (88 bytes).
    Removing stm32f4xx_rcc.o(i.RCC_SYSCLKConfig), (84 bytes).
    Removing stm32f4xx_rcc.o(i.RCC_TIMCLKPresConfig), (68 bytes).
    Removing stm32f4xx_rcc.o(i.RCC_WaitForHSEStartUp), (56 bytes).
    Removing stm32f4xx_rcc.o(.data), (16 bytes).
    Removing stm32f4xx_tim.o(.rev16_text), (4 bytes).
    Removing stm32f4xx_tim.o(.revsh_text), (4 bytes).
    Removing stm32f4xx_tim.o(.rrx_text), (6 bytes).
    Removing stm32f4xx_tim.o(i.TI1_Config), (58 bytes).
    Removing stm32f4xx_tim.o(i.TI2_Config), (80 bytes).
    Removing stm32f4xx_tim.o(i.TI3_Config), (72 bytes).
    Removing stm32f4xx_tim.o(i.TI4_Config), (80 bytes).
    Removing stm32f4xx_tim.o(i.TIM_ARRPreloadConfig), (232 bytes).
    Removing stm32f4xx_tim.o(i.TIM_BDTRConfig), (268 bytes).
    Removing stm32f4xx_tim.o(i.TIM_BDTRStructInit), (18 bytes).
    Removing stm32f4xx_tim.o(i.TIM_CCPreloadControl), (116 bytes).
    Removing stm32f4xx_tim.o(i.TIM_CCxCmd), (248 bytes).
    Removing stm32f4xx_tim.o(i.TIM_CCxNCmd), (148 bytes).
    Removing stm32f4xx_tim.o(i.TIM_ClearFlag), (196 bytes).
    Removing stm32f4xx_tim.o(i.TIM_ClearITPendingBit), (196 bytes).
    Removing stm32f4xx_tim.o(i.TIM_ClearOC1Ref), (204 bytes).
    Removing stm32f4xx_tim.o(i.TIM_ClearOC2Ref), (172 bytes).
    Removing stm32f4xx_tim.o(i.TIM_ClearOC3Ref), (144 bytes).
    Removing stm32f4xx_tim.o(i.TIM_ClearOC4Ref), (152 bytes).
    Removing stm32f4xx_tim.o(i.TIM_Cmd), (232 bytes).
    Removing stm32f4xx_tim.o(i.TIM_CounterModeConfig), (156 bytes).
    Removing stm32f4xx_tim.o(i.TIM_CtrlPWMOutputs), (124 bytes).
    Removing stm32f4xx_tim.o(i.TIM_DMACmd), (192 bytes).
    Removing stm32f4xx_tim.o(i.TIM_DMAConfig), (328 bytes).
    Removing stm32f4xx_tim.o(i.TIM_DeInit), (528 bytes).
    Removing stm32f4xx_tim.o(i.TIM_ETRClockMode1Config), (228 bytes).
    Removing stm32f4xx_tim.o(i.TIM_ETRClockMode2Config), (208 bytes).
    Removing stm32f4xx_tim.o(i.TIM_ETRConfig), (220 bytes).
    Removing stm32f4xx_tim.o(i.TIM_EncoderInterfaceConfig), (292 bytes).
    Removing stm32f4xx_tim.o(i.TIM_ForcedOC1Config), (208 bytes).
    Removing stm32f4xx_tim.o(i.TIM_ForcedOC2Config), (176 bytes).
    Removing stm32f4xx_tim.o(i.TIM_ForcedOC3Config), (148 bytes).
    Removing stm32f4xx_tim.o(i.TIM_ForcedOC4Config), (156 bytes).
    Removing stm32f4xx_tim.o(i.TIM_GenerateEvent), (216 bytes).
    Removing stm32f4xx_tim.o(i.TIM_GetCapture1), (172 bytes).
    Removing stm32f4xx_tim.o(i.TIM_GetCapture2), (132 bytes).
    Removing stm32f4xx_tim.o(i.TIM_GetCapture3), (112 bytes).
    Removing stm32f4xx_tim.o(i.TIM_GetCapture4), (112 bytes).
    Removing stm32f4xx_tim.o(i.TIM_GetCounter), (192 bytes).
    Removing stm32f4xx_tim.o(i.TIM_GetFlagStatus), (276 bytes).
    Removing stm32f4xx_tim.o(i.TIM_GetITStatus), (276 bytes).
    Removing stm32f4xx_tim.o(i.TIM_GetPrescaler), (192 bytes).
    Removing stm32f4xx_tim.o(i.TIM_ICInit), (540 bytes).
    Removing stm32f4xx_tim.o(i.TIM_ICStructInit), (18 bytes).
    Removing stm32f4xx_tim.o(i.TIM_ITConfig), (248 bytes).
    Removing stm32f4xx_tim.o(i.TIM_ITRxExternalClockConfig), (176 bytes).
    Removing stm32f4xx_tim.o(i.TIM_InternalClockConfig), (140 bytes).
    Removing stm32f4xx_tim.o(i.TIM_OC1FastConfig), (204 bytes).
    Removing stm32f4xx_tim.o(i.TIM_OC1Init), (480 bytes).
    Removing stm32f4xx_tim.o(i.TIM_OC1NPolarityConfig), (108 bytes).
    Removing stm32f4xx_tim.o(i.TIM_OC1PolarityConfig), (204 bytes).
    Removing stm32f4xx_tim.o(i.TIM_OC1PreloadConfig), (204 bytes).
    Removing stm32f4xx_tim.o(i.TIM_OC2FastConfig), (172 bytes).
    Removing stm32f4xx_tim.o(i.TIM_OC2Init), (480 bytes).
    Removing stm32f4xx_tim.o(i.TIM_OC2NPolarityConfig), (116 bytes).
    Removing stm32f4xx_tim.o(i.TIM_OC2PolarityConfig), (172 bytes).
    Removing stm32f4xx_tim.o(i.TIM_OC2PreloadConfig), (172 bytes).
    Removing stm32f4xx_tim.o(i.TIM_OC3FastConfig), (144 bytes).
    Removing stm32f4xx_tim.o(i.TIM_OC3Init), (456 bytes).
    Removing stm32f4xx_tim.o(i.TIM_OC3NPolarityConfig), (116 bytes).
    Removing stm32f4xx_tim.o(i.TIM_OC3PolarityConfig), (152 bytes).
    Removing stm32f4xx_tim.o(i.TIM_OC3PreloadConfig), (144 bytes).
    Removing stm32f4xx_tim.o(i.TIM_OC4FastConfig), (152 bytes).
    Removing stm32f4xx_tim.o(i.TIM_OC4Init), (348 bytes).
    Removing stm32f4xx_tim.o(i.TIM_OC4PolarityConfig), (152 bytes).
    Removing stm32f4xx_tim.o(i.TIM_OC4PreloadConfig), (152 bytes).
    Removing stm32f4xx_tim.o(i.TIM_OCStructInit), (20 bytes).
    Removing stm32f4xx_tim.o(i.TIM_PWMIConfig), (248 bytes).
    Removing stm32f4xx_tim.o(i.TIM_PrescalerConfig), (216 bytes).
    Removing stm32f4xx_tim.o(i.TIM_RemapConfig), (140 bytes).
    Removing stm32f4xx_tim.o(i.TIM_SelectCCDMA), (152 bytes).
    Removing stm32f4xx_tim.o(i.TIM_SelectCOM), (116 bytes).
    Removing stm32f4xx_tim.o(i.TIM_SelectHallSensor), (172 bytes).
    Removing stm32f4xx_tim.o(i.TIM_SelectInputTrigger), (228 bytes).
    Removing stm32f4xx_tim.o(i.TIM_SelectMasterSlaveMode), (168 bytes).
    Removing stm32f4xx_tim.o(i.TIM_SelectOCxM), (332 bytes).
    Removing stm32f4xx_tim.o(i.TIM_SelectOnePulseMode), (228 bytes).
    Removing stm32f4xx_tim.o(i.TIM_SelectOutputTrigger), (192 bytes).
    Removing stm32f4xx_tim.o(i.TIM_SelectSlaveMode), (176 bytes).
    Removing stm32f4xx_tim.o(i.TIM_SetAutoreload), (196 bytes).
    Removing stm32f4xx_tim.o(i.TIM_SetClockDivision), (216 bytes).
    Removing stm32f4xx_tim.o(i.TIM_SetCompare1), (176 bytes).
    Removing stm32f4xx_tim.o(i.TIM_SetCompare2), (136 bytes).
    Removing stm32f4xx_tim.o(i.TIM_SetCompare3), (116 bytes).
    Removing stm32f4xx_tim.o(i.TIM_SetCompare4), (116 bytes).
    Removing stm32f4xx_tim.o(i.TIM_SetCounter), (196 bytes).
    Removing stm32f4xx_tim.o(i.TIM_SetIC1Prescaler), (216 bytes).
    Removing stm32f4xx_tim.o(i.TIM_SetIC2Prescaler), (184 bytes).
    Removing stm32f4xx_tim.o(i.TIM_SetIC3Prescaler), (156 bytes).
    Removing stm32f4xx_tim.o(i.TIM_SetIC4Prescaler), (164 bytes).
    Removing stm32f4xx_tim.o(i.TIM_TIxExternalClockConfig), (264 bytes).
    Removing stm32f4xx_tim.o(i.TIM_TimeBaseInit), (368 bytes).
    Removing stm32f4xx_tim.o(i.TIM_TimeBaseStructInit), (18 bytes).
    Removing stm32f4xx_tim.o(i.TIM_UpdateDisableConfig), (232 bytes).
    Removing stm32f4xx_tim.o(i.TIM_UpdateRequestConfig), (232 bytes).
    Removing stm32f4xx_usart.o(.rev16_text), (4 bytes).
    Removing stm32f4xx_usart.o(.revsh_text), (4 bytes).
    Removing stm32f4xx_usart.o(.rrx_text), (6 bytes).
    Removing stm32f4xx_usart.o(i.USART_ClearFlag), (228 bytes).
    Removing stm32f4xx_usart.o(i.USART_ClearITPendingBit), (264 bytes).
    Removing stm32f4xx_usart.o(i.USART_ClockInit), (220 bytes).
    Removing stm32f4xx_usart.o(i.USART_ClockStructInit), (12 bytes).
    Removing stm32f4xx_usart.o(i.USART_Cmd), (196 bytes).
    Removing stm32f4xx_usart.o(i.USART_DMACmd), (216 bytes).
    Removing stm32f4xx_usart.o(i.USART_DeInit), (352 bytes).
    Removing stm32f4xx_usart.o(i.USART_GetFlagStatus), (272 bytes).
    Removing stm32f4xx_usart.o(i.USART_GetITStatus), (380 bytes).
    Removing stm32f4xx_usart.o(i.USART_HalfDuplexCmd), (196 bytes).
    Removing stm32f4xx_usart.o(i.USART_ITConfig), (360 bytes).
    Removing stm32f4xx_usart.o(i.USART_Init), (572 bytes).
    Removing stm32f4xx_usart.o(i.USART_IrDACmd), (196 bytes).
    Removing stm32f4xx_usart.o(i.USART_IrDAConfig), (192 bytes).
    Removing stm32f4xx_usart.o(i.USART_LINBreakDetectLengthConfig), (192 bytes).
    Removing stm32f4xx_usart.o(i.USART_LINCmd), (196 bytes).
    Removing stm32f4xx_usart.o(i.USART_OneBitMethodCmd), (196 bytes).
    Removing stm32f4xx_usart.o(i.USART_OverSampling8Cmd), (196 bytes).
    Removing stm32f4xx_usart.o(i.USART_ReceiveData), (160 bytes).
    Removing stm32f4xx_usart.o(i.USART_ReceiverWakeUpCmd), (196 bytes).
    Removing stm32f4xx_usart.o(i.USART_SendBreak), (164 bytes).
    Removing stm32f4xx_usart.o(i.USART_SendData), (180 bytes).
    Removing stm32f4xx_usart.o(i.USART_SetAddress), (188 bytes).
    Removing stm32f4xx_usart.o(i.USART_SetGuardTime), (112 bytes).
    Removing stm32f4xx_usart.o(i.USART_SetPrescaler), (172 bytes).
    Removing stm32f4xx_usart.o(i.USART_SmartCardCmd), (136 bytes).
    Removing stm32f4xx_usart.o(i.USART_SmartCardNACKCmd), (136 bytes).
    Removing stm32f4xx_usart.o(i.USART_StructInit), (24 bytes).
    Removing stm32f4xx_usart.o(i.USART_WakeUpConfig), (192 bytes).
    Removing stm32f4xx_spi.o(.rev16_text), (4 bytes).
    Removing stm32f4xx_spi.o(.revsh_text), (4 bytes).
    Removing stm32f4xx_spi.o(.rrx_text), (6 bytes).
    Removing stm32f4xx_spi.o(i.I2S_Cmd), (132 bytes).
    Removing stm32f4xx_spi.o(i.I2S_FullDuplexConfig), (288 bytes).
    Removing stm32f4xx_spi.o(i.I2S_Init), (604 bytes).
    Removing stm32f4xx_spi.o(i.I2S_StructInit), (20 bytes).
    Removing stm32f4xx_spi.o(i.SPI_BiDirectionalLineConfig), (168 bytes).
    Removing stm32f4xx_spi.o(i.SPI_CalculateCRC), (156 bytes).
    Removing stm32f4xx_spi.o(i.SPI_Cmd), (156 bytes).
    Removing stm32f4xx_spi.o(i.SPI_DataSizeConfig), (152 bytes).
    Removing stm32f4xx_spi.o(i.SPI_GetCRC), (148 bytes).
    Removing stm32f4xx_spi.o(i.SPI_GetCRCPolynomial), (116 bytes).
    Removing stm32f4xx_spi.o(i.SPI_I2S_ClearFlag), (152 bytes).
    Removing stm32f4xx_spi.o(i.SPI_I2S_ClearITPendingBit), (164 bytes).
    Removing stm32f4xx_spi.o(i.SPI_I2S_DMACmd), (192 bytes).
    Removing stm32f4xx_spi.o(i.SPI_I2S_DeInit), (260 bytes).
    Removing stm32f4xx_spi.o(i.SPI_I2S_GetFlagStatus), (200 bytes).
    Removing stm32f4xx_spi.o(i.SPI_I2S_GetITStatus), (232 bytes).
    Removing stm32f4xx_spi.o(i.SPI_I2S_ITConfig), (216 bytes).
    Removing stm32f4xx_spi.o(i.SPI_I2S_ReceiveData), (132 bytes).
    Removing stm32f4xx_spi.o(i.SPI_I2S_SendData), (136 bytes).
    Removing stm32f4xx_spi.o(i.SPI_Init), (428 bytes).
    Removing stm32f4xx_spi.o(i.SPI_NSSInternalSoftwareConfig), (172 bytes).
    Removing stm32f4xx_spi.o(i.SPI_SSOutputCmd), (156 bytes).
    Removing stm32f4xx_spi.o(i.SPI_StructInit), (24 bytes).
    Removing stm32f4xx_spi.o(i.SPI_TIModeCmd), (156 bytes).
    Removing stm32f4xx_spi.o(i.SPI_TransmitCRC), (124 bytes).
    Removing pin_setup.o(.rev16_text), (4 bytes).
    Removing pin_setup.o(.revsh_text), (4 bytes).
    Removing pin_setup.o(.rrx_text), (6 bytes).
    Removing pin_setup.o(i._ZN3pin12getPinNumberEv), (8 bytes).
    Removing pin_setup.o(i._ZN3pin3pwmEj), (70 bytes).
    Removing pin_setup.o(i._ZN3pin6setBitEv), (16 bytes).
    Removing pin_setup.o(i._ZN3pin7pinInitEv), (256 bytes).
    Removing pin_setup.o(i._ZN3pin7pwmInitEjtjjhP11TIM_TypeDef), (600 bytes).
    Removing pin_setup.o(i._ZN3pin8getGPIOxEv), (6 bytes).
    Removing pin_setup.o(i._ZN3pin8resetBitEv), (16 bytes).
    Removing pin_setup.o(i._ZN3pinC1Echt), (760 bytes).
    Removing pin_setup.o(.ARM.exidx), (8 bytes).
    Removing pin_setup.o(.ARM.exidx), (8 bytes).
    Removing pin_setup.o(.ARM.exidx), (8 bytes).
    Removing pin_setup.o(.ARM.exidx), (8 bytes).
    Removing pin_setup.o(.ARM.exidx), (8 bytes).
    Removing pin_setup.o(.ARM.exidx), (8 bytes).
    Removing pin_setup.o(.ARM.exidx), (8 bytes).
    Removing pin_setup.o(.ARM.exidx), (8 bytes).
    Removing time_service.o(.rev16_text), (4 bytes).
    Removing time_service.o(.revsh_text), (4 bytes).
    Removing time_service.o(.rrx_text), (6 bytes).
    Removing time_service.o(i._ZN12time_service4initEv), (104 bytes).
    Removing time_service.o(i._ZN12time_service8delay_msEf), (44 bytes).
    Removing time_service.o(i._ZN12time_service8stopTimeEv), (18 bytes).
    Removing time_service.o(i._ZN12time_service9delay_assEf), (48 bytes).
    Removing time_service.o(i._ZN12time_service9startTimeEv), (18 bytes).
    Removing time_service.o(.ARM.exidx), (8 bytes).
    Removing time_service.o(.ARM.exidx), (8 bytes).
    Removing time_service.o(.ARM.exidx), (8 bytes).
    Removing time_service.o(.ARM.exidx), (8 bytes).
    Removing time_service.o(.ARM.exidx), (8 bytes).
    Removing time_service.o(.ARM.exidx), (8 bytes).
    Removing adc.o(.rev16_text), (4 bytes).
    Removing adc.o(.revsh_text), (4 bytes).
    Removing adc.o(.rrx_text), (6 bytes).
    Removing adc.o(i._ZN3Adc10adcDmaInitEv), (36 bytes).
    Removing adc.o(i._ZN3Adc10setChannelEv), (36 bytes).
    Removing adc.o(i._ZN3Adc13sendMeChannelEh), (22 bytes).
    Removing adc.o(i._ZN3Adc6getAdcEv), (6 bytes).
    Removing adc.o(i._ZN3Adc7adcInitEv), (38 bytes).
    Removing adc.o(i._ZN3Adc8startAdcEv), (60 bytes).
    Removing adc.o(i._ZN3AdcC1EP11ADC_TypeDefhhhjR3pin), (58 bytes).
    Removing adc.o(.ARM.exidx), (8 bytes).
    Removing adc.o(.ARM.exidx), (8 bytes).
    Removing adc.o(.ARM.exidx), (8 bytes).
    Removing adc.o(.ARM.exidx), (8 bytes).
    Removing adc.o(.ARM.exidx), (8 bytes).
    Removing adc.o(.ARM.exidx), (8 bytes).
    Removing adc.o(.ARM.exidx), (8 bytes).
    Removing dma.o(.rev16_text), (4 bytes).
    Removing dma.o(.revsh_text), (4 bytes).
    Removing dma.o(.rrx_text), (6 bytes).
    Removing dma.o(i._ZN3Dma10dataReturnEh), (12 bytes).
    Removing dma.o(i._ZN3Dma12adcInitInDmaEv), (30 bytes).
    Removing dma.o(i._ZN3Dma7dmaInitEP18DMA_Stream_TypeDefjj), (108 bytes).
    Removing dma.o(i._ZN3DmaC1EjR3Adc), (24 bytes).
    Removing dma.o(.ARM.exidx), (8 bytes).
    Removing dma.o(.ARM.exidx), (8 bytes).
    Removing dma.o(.ARM.exidx), (8 bytes).
    Removing dma.o(.ARM.exidx), (8 bytes).
    Removing soft_i2c.o(.rev16_text), (4 bytes).
    Removing soft_i2c.o(.revsh_text), (4 bytes).
    Removing soft_i2c.o(.rrx_text), (6 bytes).
    Removing soft_i2c.o(i._ZN8soft_i2c11softI2cInitEv), (20 bytes).
    Removing soft_i2c.o(i._ZN8soft_i2c12generateStopEv), (56 bytes).
    Removing soft_i2c.o(i._ZN8soft_i2c13generateStartEv), (86 bytes).
    Removing soft_i2c.o(i._ZN8soft_i2c4readEv), (80 bytes).
    Removing soft_i2c.o(i._ZN8soft_i2c4sendEh), (56 bytes).
    Removing soft_i2c.o(i._ZN8soft_i2c5delayEv), (28 bytes).
    Removing soft_i2c.o(i._ZN8soft_i2c6sclLowEv), (12 bytes).
    Removing soft_i2c.o(i._ZN8soft_i2c6sdaLowEv), (14 bytes).
    Removing soft_i2c.o(i._ZN8soft_i2c7readAchEv), (68 bytes).
    Removing soft_i2c.o(i._ZN8soft_i2c7sclHighEv), (12 bytes).
    Removing soft_i2c.o(i._ZN8soft_i2c7sclReadEv), (34 bytes).
    Removing soft_i2c.o(i._ZN8soft_i2c7sdaHighEv), (14 bytes).
    Removing soft_i2c.o(i._ZN8soft_i2c7sdaReadEv), (38 bytes).
    Removing soft_i2c.o(i._ZN8soft_i2c7sendAchEv), (54 bytes).
    Removing soft_i2c.o(i._ZN8soft_i2c8sendNachEv), (54 bytes).
    Removing soft_i2c.o(i._ZN8soft_i2c8writeBitEb), (54 bytes).
    Removing soft_i2c.o(i._ZN8soft_i2cC1ER3pinS1_), (46 bytes).
    Removing soft_i2c.o(.ARM.exidx), (8 bytes).
    Removing soft_i2c.o(.ARM.exidx), (8 bytes).
    Removing soft_i2c.o(.ARM.exidx), (8 bytes).
    Removing soft_i2c.o(.ARM.exidx), (8 bytes).
    Removing soft_i2c.o(.ARM.exidx), (8 bytes).
    Removing soft_i2c.o(.ARM.exidx), (8 bytes).
    Removing soft_i2c.o(.ARM.exidx), (8 bytes).
    Removing soft_i2c.o(.ARM.exidx), (8 bytes).
    Removing soft_i2c.o(.ARM.exidx), (8 bytes).
    Removing soft_i2c.o(.ARM.exidx), (8 bytes).
    Removing soft_i2c.o(.ARM.exidx), (8 bytes).
    Removing soft_i2c.o(.ARM.exidx), (8 bytes).
    Removing soft_i2c.o(.ARM.exidx), (8 bytes).
    Removing soft_i2c.o(.ARM.exidx), (8 bytes).
    Removing soft_i2c.o(.ARM.exidx), (8 bytes).
    Removing soft_i2c.o(.ARM.exidx), (8 bytes).
    Removing soft_i2c.o(.ARM.exidx), (8 bytes).
    Removing irlocator.o(.rev16_text), (4 bytes).
    Removing irlocator.o(.revsh_text), (4 bytes).
    Removing irlocator.o(.rrx_text), (6 bytes).
    Removing irlocator.o(i._ZN9IRlocator7getDataEh), (108 bytes).
    Removing irlocator.o(i._ZN9IRlocatorC1ER8soft_i2cj), (30 bytes).
    Removing irlocator.o(.ARM.exidx), (8 bytes).
    Removing irlocator.o(.ARM.exidx), (8 bytes).
    Removing motor.o(.rev16_text), (4 bytes).
    Removing motor.o(.revsh_text), (4 bytes).
    Removing motor.o(.rrx_text), (6 bytes).
    Removing motor.o(i._ZN5Motor10blockMotorEi), (26 bytes).
    Removing motor.o(i._ZN5Motor9motorMoveEi), (84 bytes).
    Removing motor.o(i._ZN5MotorC1Echthchth), (548 bytes).
    Removing motor.o(.ARM.exidx), (8 bytes).
    Removing motor.o(.ARM.exidx), (8 bytes).
    Removing motor.o(.ARM.exidx), (8 bytes).
    Removing motors.o(.rev16_text), (4 bytes).
    Removing motors.o(.revsh_text), (4 bytes).
    Removing motors.o(.rrx_text), (6 bytes).
    Removing motors.o(i._ZN6motors9moveMotorEi), (48 bytes).
    Removing motors.o(i._ZN6motors9moveRobotEiiiij), (536 bytes).
    Removing motors.o(i._ZN6motors9stopRobotEi), (48 bytes).
    Removing motors.o(i._ZN6motorsC1ER5MotorS1_S1_S1_i), (80 bytes).
    Removing motors.o(.ARM.exidx), (8 bytes).
    Removing motors.o(.ARM.exidx), (8 bytes).
    Removing motors.o(.ARM.exidx), (8 bytes).
    Removing motors.o(.ARM.exidx), (8 bytes).
    Removing line_sensors.o(.rev16_text), (4 bytes).
    Removing line_sensors.o(.revsh_text), (4 bytes).
    Removing line_sensors.o(.rrx_text), (6 bytes).
    Removing line_sensors.o(i._ZN4line7getDataEj), (692 bytes).
    Removing line_sensors.o(i._ZN4line7setDataEa), (202 bytes).
    Removing line_sensors.o(i._ZN4lineC1ER3pinS1_S1_S1_S1_R3Dma), (240 bytes).
    Removing line_sensors.o(.ARM.exidx), (8 bytes).
    Removing line_sensors.o(.ARM.exidx), (8 bytes).
    Removing line_sensors.o(.ARM.exidx), (8 bytes).
    Removing openmv.o(.rev16_text), (4 bytes).
    Removing openmv.o(.revsh_text), (4 bytes).
    Removing openmv.o(.rrx_text), (6 bytes).
    Removing openmv.o(i._ZN6camera4crc8EPhi), (58 bytes).
    Removing openmv.o(i._ZN6camera5get_xEv), (10 bytes).
    Removing openmv.o(i._ZN6camera5get_yEv), (10 bytes).
    Removing openmv.o(i._ZN6camera7getDataEv), (60 bytes).
    Removing openmv.o(i._ZN6cameraC1ER3pinS1_), (80 bytes).
    Removing openmv.o(.ARM.exidx), (8 bytes).
    Removing openmv.o(.ARM.exidx), (8 bytes).
    Removing openmv.o(.ARM.exidx), (8 bytes).
    Removing openmv.o(.ARM.exidx), (8 bytes).
    Removing openmv.o(.ARM.exidx), (8 bytes).
    Removing my_math.o(.rev16_text), (4 bytes).
    Removing my_math.o(.revsh_text), (4 bytes).
    Removing my_math.o(.rrx_text), (6 bytes).
    Removing my_math.o(i._ZN7my_Math13leed_to_rangeEiii), (32 bytes).
    Removing my_math.o(i._ZN7my_Math16calculate_cathetEii), (150 bytes).
    Removing my_math.o(i._ZN7my_Math20calculate_hypotenuseEii), (150 bytes).
    Removing my_math.o(i._ZN7my_Math20lead_to_degree_rangeEiii), (40 bytes).
    Removing my_math.o(i._ZN7my_Math3mapEiiiii), (86 bytes).
    Removing my_math.o(i._ZN7my_Math6my_absEi), (54 bytes).
    Removing my_math.o(i._ZN7my_MathC1Ev), (2 bytes).
    Removing my_math.o(.ARM.exidx), (8 bytes).
    Removing my_math.o(.ARM.exidx), (8 bytes).
    Removing my_math.o(.ARM.exidx), (8 bytes).
    Removing my_math.o(.ARM.exidx), (8 bytes).
    Removing my_math.o(.ARM.exidx), (8 bytes).
    Removing my_math.o(.ARM.exidx), (8 bytes).
    Removing my_math.o(.ARM.exidx), (8 bytes).
    Removing pid.o(.rev16_text), (4 bytes).
    Removing pid.o(.revsh_text), (4 bytes).
    Removing pid.o(.rrx_text), (6 bytes).
    Removing pid.o(i._ZN3PID11calculate_uEij), (192 bytes).
    Removing pid.o(i._ZN3PID12set_settingsEiii), (8 bytes).
    Removing pid.o(i._ZN3PIDC1Ehifffi), (78 bytes).
    Removing pid.o(.ARM.exidx), (8 bytes).
    Removing pid.o(.ARM.exidx), (8 bytes).
    Removing pid.o(.ARM.exidx), (8 bytes).
    Removing kicker.o(.rev16_text), (4 bytes).
    Removing kicker.o(.revsh_text), (4 bytes).
    Removing kicker.o(.rrx_text), (6 bytes).
    Removing kicker.o(i._ZN6kicker4keckEv), (18 bytes).
    Removing kicker.o(i._ZN6kicker5checkEj), (108 bytes).
    Removing kicker.o(i._ZN6kickerC1ER3pinS1_), (48 bytes).
    Removing kicker.o(.ARM.exidx), (8 bytes).
    Removing kicker.o(.ARM.exidx), (8 bytes).
    Removing kicker.o(.ARM.exidx), (8 bytes).
    Removing my_math.o(i._ZSt3powdi), (52 bytes).
    Removing my_math.o(.ARM.exidx), (8 bytes).

540 unused section(s) (total 60044 bytes) removed from the image.
