<html>
<body>
<pre>
<h1>µVision Build Log</h1>
<h2>Tool Versions:</h2>
IDE-Version: µVision V5.33.0.0
Copyright (C) 2020 ARM Ltd and ARM Germany GmbH. All rights reserved.
License Information: Clown  , Comma_robocup, LIC=76F5U-SCS1U-Z9UG9-4SYQM-NR077-EZXR0
 
Tool Versions:
Toolchain:       MDK-ARM Plus  Version: 5.33.0.0
Toolchain Path:  D:\keil\sys_files\ARM\ARMCC\Bin
C Compiler:      Armcc.exe V5.06 update 7 (build 960)
Assembler:       Armasm.exe V5.06 update 7 (build 960)
Linker/Locator:  ArmLink.exe V5.06 update 7 (build 960)
Library Manager: ArmAr.exe V5.06 update 7 (build 960)
Hex Converter:   FromElf.exe V5.06 update 7 (build 960)
CPU DLL:         SARMCM3.DLL V5.33.0.0
Dialog DLL:      DCM.DLL V1.17.3.0
Target DLL:      STLink\ST-LINKIII-KEIL_SWO.dll V3.0.8.0
Dialog DLL:      TCM.DLL V1.48.0.0
 
<h2>Project:</h2>
C:\Users\Clown\Documents\Comma,\programs\stm32f407\stable\stm32.uvprojx
Project File Date:  06/16/2022

<h2>Output:</h2>
*** Using Compiler 'V5.06 update 7 (build 960)', folder: 'D:\keil\sys_files\ARM\ARMCC\Bin'
Build target 'target main'
compiling PID.cpp...
.\src\my_math\my_math.h(26): warning:  #1-D: last line of file ends without a newline
  };
src\PID\PID.cpp: 1 warning, 0 errors
compiling Position.cpp...
.\src\my_math\my_math.h(26): warning:  #1-D: last line of file ends without a newline
  };
src\Position\Position.h(27): warning:  #1-D: last line of file ends without a newline
  };
src\Position\Position.cpp(9): warning:  #940-D: missing return statement at end of non-void function "Position::calculate_pos" 
  }
src\Position\Position.cpp(55): warning:  #1-D: last line of file ends without a newline
  }
src\Position\Position.cpp: 4 warnings, 0 errors
compiling my_math.cpp...
src\my_math\my_math.h(26): warning:  #1-D: last line of file ends without a newline
  };
src\my_math\my_math.cpp(126): warning:  #1-D: last line of file ends without a newline
  	
src\my_math\my_math.cpp: 2 warnings, 0 errors
compiling main.cpp...
.\src\adc\adc.h(29): warning:  #1-D: last line of file ends without a newline
  };
.\src\motors\motors.h(32): warning:  #1-D: last line of file ends without a newline
  };
dist_sen.h(19): warning:  #1-D: last line of file ends without a newline
  };
.\src\my_math\my_math.h(26): warning:  #1-D: last line of file ends without a newline
  };
main.cpp: 4 warnings, 0 errors
linking...
Program Size: Code=28610 RO-data=1070 RW-data=76 ZI-data=1636  
".\Objects\stm32.axf" - 0 Error(s), 11 Warning(s).

<h2>Software Packages used:</h2>

Package Vendor: Keil
                http://www.keil.com/pack/Keil.STM32F4xx_DFP.2.16.0.pack
                Keil.STM32F4xx_DFP.2.16.0
                STMicroelectronics STM32F4 Series Device Support, Drivers and Examples

<h2>Collection of Component include folders:</h2>
  D:\keil\pack_folder\Keil\STM32F4xx_DFP\2.16.0\Drivers\CMSIS\Device\ST\STM32F4xx\Include

<h2>Collection of Component Files used:</h2>
Build Time Elapsed:  00:00:03
</pre>
</body>
</html>
